Archive member included to satisfy reference by file (symbol)

c:/ac6/systemworkbench/plugins/fr.ac6.mcu.externaltools.arm-none.win32_1.16.0.201807130628/tools/compiler/bin/../lib/gcc/arm-none-eabi/7.2.1/thumb/v7e-m/fpv4-sp/hard\libgcc.a(_aeabi_uldivmod.o)
                              Drivers/STM32F4xx_HAL_Driver/Src/stm32f4xx_hal_rcc.o (__aeabi_uldivmod)
c:/ac6/systemworkbench/plugins/fr.ac6.mcu.externaltools.arm-none.win32_1.16.0.201807130628/tools/compiler/bin/../lib/gcc/arm-none-eabi/7.2.1/thumb/v7e-m/fpv4-sp/hard\libgcc.a(_udivmoddi4.o)
                              c:/ac6/systemworkbench/plugins/fr.ac6.mcu.externaltools.arm-none.win32_1.16.0.201807130628/tools/compiler/bin/../lib/gcc/arm-none-eabi/7.2.1/thumb/v7e-m/fpv4-sp/hard\libgcc.a(_aeabi_uldivmod.o) (__udivmoddi4)
c:/ac6/systemworkbench/plugins/fr.ac6.mcu.externaltools.arm-none.win32_1.16.0.201807130628/tools/compiler/bin/../lib/gcc/arm-none-eabi/7.2.1/thumb/v7e-m/fpv4-sp/hard\libgcc.a(_dvmd_tls.o)
                              c:/ac6/systemworkbench/plugins/fr.ac6.mcu.externaltools.arm-none.win32_1.16.0.201807130628/tools/compiler/bin/../lib/gcc/arm-none-eabi/7.2.1/thumb/v7e-m/fpv4-sp/hard\libgcc.a(_aeabi_uldivmod.o) (__aeabi_ldiv0)
c:/ac6/systemworkbench/plugins/fr.ac6.mcu.externaltools.arm-none.win32_1.16.0.201807130628/tools/compiler/bin/../lib/gcc/arm-none-eabi/7.2.1/../../../../arm-none-eabi/lib/thumb/v7e-m/fpv4-sp/hard\libc_nano.a(lib_a-exit.o)
                              c:/ac6/systemworkbench/plugins/fr.ac6.mcu.externaltools.arm-none.win32_1.16.0.201807130628/tools/compiler/bin/../lib/gcc/arm-none-eabi/7.2.1/../../../../arm-none-eabi/lib/thumb/v7e-m/fpv4-sp/hard/crt0.o (exit)
c:/ac6/systemworkbench/plugins/fr.ac6.mcu.externaltools.arm-none.win32_1.16.0.201807130628/tools/compiler/bin/../lib/gcc/arm-none-eabi/7.2.1/../../../../arm-none-eabi/lib/thumb/v7e-m/fpv4-sp/hard\libc_nano.a(lib_a-impure.o)
                              c:/ac6/systemworkbench/plugins/fr.ac6.mcu.externaltools.arm-none.win32_1.16.0.201807130628/tools/compiler/bin/../lib/gcc/arm-none-eabi/7.2.1/../../../../arm-none-eabi/lib/thumb/v7e-m/fpv4-sp/hard\libc_nano.a(lib_a-exit.o) (_global_impure_ptr)
c:/ac6/systemworkbench/plugins/fr.ac6.mcu.externaltools.arm-none.win32_1.16.0.201807130628/tools/compiler/bin/../lib/gcc/arm-none-eabi/7.2.1/../../../../arm-none-eabi/lib/thumb/v7e-m/fpv4-sp/hard\libc_nano.a(lib_a-init.o)
                              c:/ac6/systemworkbench/plugins/fr.ac6.mcu.externaltools.arm-none.win32_1.16.0.201807130628/tools/compiler/bin/../lib/gcc/arm-none-eabi/7.2.1/../../../../arm-none-eabi/lib/thumb/v7e-m/fpv4-sp/hard/crt0.o (__libc_init_array)
c:/ac6/systemworkbench/plugins/fr.ac6.mcu.externaltools.arm-none.win32_1.16.0.201807130628/tools/compiler/bin/../lib/gcc/arm-none-eabi/7.2.1/../../../../arm-none-eabi/lib/thumb/v7e-m/fpv4-sp/hard\libc_nano.a(lib_a-memcpy-stub.o)
                              Core/Src/ami.o (memcpy)
c:/ac6/systemworkbench/plugins/fr.ac6.mcu.externaltools.arm-none.win32_1.16.0.201807130628/tools/compiler/bin/../lib/gcc/arm-none-eabi/7.2.1/../../../../arm-none-eabi/lib/thumb/v7e-m/fpv4-sp/hard\libc_nano.a(lib_a-memmove.o)
                              Core/Src/ami_protocol.o (memmove)
c:/ac6/systemworkbench/plugins/fr.ac6.mcu.externaltools.arm-none.win32_1.16.0.201807130628/tools/compiler/bin/../lib/gcc/arm-none-eabi/7.2.1/../../../../arm-none-eabi/lib/thumb/v7e-m/fpv4-sp/hard\libc_nano.a(lib_a-memset.o)
                              c:/ac6/systemworkbench/plugins/fr.ac6.mcu.externaltools.arm-none.win32_1.16.0.201807130628/tools/compiler/bin/../lib/gcc/arm-none-eabi/7.2.1/../../../../arm-none-eabi/lib/thumb/v7e-m/fpv4-sp/hard/crt0.o (memset)
c:/ac6/systemworkbench/plugins/fr.ac6.mcu.externaltools.arm-none.win32_1.16.0.201807130628/tools/compiler/bin/../lib/gcc/arm-none-eabi/7.2.1/../../../../arm-none-eabi/lib/thumb/v7e-m/fpv4-sp/hard\libnosys.a(_exit.o)
                              c:/ac6/systemworkbench/plugins/fr.ac6.mcu.externaltools.arm-none.win32_1.16.0.201807130628/tools/compiler/bin/../lib/gcc/arm-none-eabi/7.2.1/../../../../arm-none-eabi/lib/thumb/v7e-m/fpv4-sp/hard\libc_nano.a(lib_a-exit.o) (_exit)

Allocating common symbols
Common symbol       size              file

BlockTable_EEP      0x80c             Core/Src/nand_block_table.o
suspend_len         0x2               Core/Src/post_module.o
BlockTable_NAND     0x80c             Core/Src/nand_block_table.o
nand_buf            0x1000            Core/Src/memory.o
hdma_memtomem_dma2_stream0
                    0x60              Core/Src/main.o
ami_Buffer_rx       0x2000            Core/Src/ami.o
htim10              0x3c              Core/Src/main.o
hiwdg               0xc               Core/Src/main.o
hcrc                0x8               Core/Src/main.o
ss                  0x1               Core/Src/mt29fxg08_nand.o
spare               0xe0              Core/Src/mt29fxg08_nand.o
destination_address
                    0x1               Core/Src/post_module.o
[...]
Memory Configuration

Name             Origin             Length             Attributes
RAM              0x20000000         0x00030000         xrw
CCMRAM           0x10000000         0x00010000         rw
FLASH_BOOTLOADER 0x08000000         0x00008000         xr
*default*        0x00000000         0xffffffff

Linker script and memory map

LOAD c:/ac6/systemworkbench/plugins/fr.ac6.mcu.externaltools.arm-none.win32_1.16.0.201807130628/tools/compiler/bin/../lib/gcc/arm-none-eabi/7.2.1/thumb/v7e-m/fpv4-sp/hard/crti.o
LOAD c:/ac6/systemworkbench/plugins/fr.ac6.mcu.externaltools.arm-none.win32_1.16.0.201807130628/tools/compiler/bin/../lib/gcc/arm-none-eabi/7.2.1/thumb/v7e-m/fpv4-sp/hard/crtbegin.o
LOAD c:/ac6/systemworkbench/plugins/fr.ac6.mcu.externaltools.arm-none.win32_1.16.0.201807130628/tools/compiler/bin/../lib/gcc/arm-none-eabi/7.2.1/../../../../arm-none-eabi/lib/thumb/v7e-m/fpv4-sp/hard/crt0.o
LOAD Core/Src/CRC16.o
LOAD Core/Src/ami.o
LOAD Core/Src/ami_protocol.o
LOAD Core/Src/flash_stm32f4.o
LOAD Core/Src/hal_func_redef.o
LOAD Core/Src/m95m01_eeprom.o
LOAD Core/Src/main.o
LOAD Core/Src/memory.o
LOAD Core/Src/memory_status.o
LOAD Core/Src/mt29fxg08_nand.o
LOAD Core/Src/nand_block_table.o
LOAD Core/Src/nand_ecc.o
LOAD Core/Src/post_module.o
LOAD Core/Src/stm32f4xx_hal_msp.o
LOAD Core/Src/stm32f4xx_it.o
LOAD Core/Src/system_stm32f4xx.o
LOAD Drivers/STM32F4xx_HAL_Driver/Src/stm32f4xx_hal.o
LOAD Drivers/STM32F4xx_HAL_Driver/Src/stm32f4xx_hal_adc.o
LOAD Drivers/STM32F4xx_HAL_Driver/Src/stm32f4xx_hal_adc_ex.o
LOAD Drivers/STM32F4xx_HAL_Driver/Src/stm32f4xx_hal_cortex.o
LOAD Drivers/STM32F4xx_HAL_Driver/Src/stm32f4xx_hal_crc.o
LOAD Drivers/STM32F4xx_HAL_Driver/Src/stm32f4xx_hal_dma.o
LOAD Drivers/STM32F4xx_HAL_Driver/Src/stm32f4xx_hal_dma_ex.o
LOAD Drivers/STM32F4xx_HAL_Driver/Src/stm32f4xx_hal_flash.o
LOAD Drivers/STM32F4xx_HAL_Driver/Src/stm32f4xx_hal_flash_ex.o
LOAD Drivers/STM32F4xx_HAL_Driver/Src/stm32f4xx_hal_flash_ramfunc.o
LOAD Drivers/STM32F4xx_HAL_Driver/Src/stm32f4xx_hal_gpio.o
LOAD Drivers/STM32F4xx_HAL_Driver/Src/stm32f4xx_hal_i2c.o
LOAD Drivers/STM32F4xx_HAL_Driver/Src/stm32f4xx_hal_i2c_ex.o
LOAD Drivers/STM32F4xx_HAL_Driver/Src/stm32f4xx_hal_iwdg.o
LOAD Drivers/STM32F4xx_HAL_Driver/Src/stm32f4xx_hal_nand.o
LOAD Drivers/STM32F4xx_HAL_Driver/Src/stm32f4xx_hal_pcd.o
LOAD Drivers/STM32F4xx_HAL_Driver/Src/stm32f4xx_hal_pcd_ex.o
LOAD Drivers/STM32F4xx_HAL_Driver/Src/stm32f4xx_hal_pwr.o
LOAD Drivers/STM32F4xx_HAL_Driver/Src/stm32f4xx_hal_pwr_ex.o
LOAD Drivers/STM32F4xx_HAL_Driver/Src/stm32f4xx_hal_rcc.o
LOAD Drivers/STM32F4xx_HAL_Driver/Src/stm32f4xx_hal_rcc_ex.o
LOAD Drivers/STM32F4xx_HAL_Driver/Src/stm32f4xx_hal_rtc.o
LOAD Drivers/STM32F4xx_HAL_Driver/Src/stm32f4xx_hal_rtc_ex.o
LOAD Drivers/STM32F4xx_HAL_Driver/Src/stm32f4xx_hal_spi.o
LOAD Drivers/STM32F4xx_HAL_Driver/Src/stm32f4xx_hal_tim.o
LOAD Drivers/STM32F4xx_HAL_Driver/Src/stm32f4xx_hal_tim_ex.o
LOAD Drivers/STM32F4xx_HAL_Driver/Src/stm32f4xx_hal_uart.o
LOAD Drivers/STM32F4xx_HAL_Driver/Src/stm32f4xx_hal_usart.o
LOAD Drivers/STM32F4xx_HAL_Driver/Src/stm32f4xx_ll_fmc.o
LOAD Drivers/STM32F4xx_HAL_Driver/Src/stm32f4xx_ll_usb.o
LOAD startup/startup_stm32f427xx.o
LOAD c:/ac6/systemworkbench/plugins/fr.ac6.mcu.externaltools.arm-none.win32_1.16.0.201807130628/tools/compiler/bin/../lib/gcc/arm-none-eabi/7.2.1/../../../../arm-none-eabi/lib/thumb/v7e-m/fpv4-sp/hard\libm.a
START GROUP
LOAD c:/ac6/systemworkbench/plugins/fr.ac6.mcu.externaltools.arm-none.win32_1.16.0.201807130628/tools/compiler/bin/../lib/gcc/arm-none-eabi/7.2.1/thumb/v7e-m/fpv4-sp/hard\libgcc.a
LOAD c:/ac6/systemworkbench/plugins/fr.ac6.mcu.externaltools.arm-none.win32_1.16.0.201807130628/tools/compiler/bin/../lib/gcc/arm-none-eabi/7.2.1/../../../../arm-none-eabi/lib/thumb/v7e-m/fpv4-sp/hard\libc_nano.a
END GROUP
START GROUP
LOAD c:/ac6/systemworkbench/plugins/fr.ac6.mcu.externaltools.arm-none.win32_1.16.0.201807130628/tools/compiler/bin/../lib/gcc/arm-none-eabi/7.2.1/thumb/v7e-m/fpv4-sp/hard\libgcc.a
LOAD c:/ac6/systemworkbench/plugins/fr.ac6.mcu.externaltools.arm-none.win32_1.16.0.201807130628/tools/compiler/bin/../lib/gcc/arm-none-eabi/7.2.1/../../../../arm-none-eabi/lib/thumb/v7e-m/fpv4-sp/hard\libc_nano.a
LOAD c:/ac6/systemworkbench/plugins/fr.ac6.mcu.externaltools.arm-none.win32_1.16.0.201807130628/tools/compiler/bin/../lib/gcc/arm-none-eabi/7.2.1/../../../../arm-none-eabi/lib/thumb/v7e-m/fpv4-sp/hard\libnosys.a
END GROUP
START GROUP
LOAD c:/ac6/systemworkbench/plugins/fr.ac6.mcu.externaltools.arm-none.win32_1.16.0.201807130628/tools/compiler/bin/../lib/gcc/arm-none-eabi/7.2.1/thumb/v7e-m/fpv4-sp/hard\libgcc.a
LOAD c:/ac6/systemworkbench/plugins/fr.ac6.mcu.externaltools.arm-none.win32_1.16.0.201807130628/tools/compiler/bin/../lib/gcc/arm-none-eabi/7.2.1/../../../../arm-none-eabi/lib/thumb/v7e-m/fpv4-sp/hard\libc_nano.a
LOAD c:/ac6/systemworkbench/plugins/fr.ac6.mcu.externaltools.arm-none.win32_1.16.0.201807130628/tools/compiler/bin/../lib/gcc/arm-none-eabi/7.2.1/../../../../arm-none-eabi/lib/thumb/v7e-m/fpv4-sp/hard\libnosys.a
END GROUP
LOAD c:/ac6/systemworkbench/plugins/fr.ac6.mcu.externaltools.arm-none.win32_1.16.0.201807130628/tools/compiler/bin/../lib/gcc/arm-none-eabi/7.2.1/thumb/v7e-m/fpv4-sp/hard/crtend.o
LOAD c:/ac6/systemworkbench/plugins/fr.ac6.mcu.externaltools.arm-none.win32_1.16.0.201807130628/tools/compiler/bin/../lib/gcc/arm-none-eabi/7.2.1/thumb/v7e-m/fpv4-sp/hard/crtn.o
                0x20030000                _estack = 0x20030000
                0x00004000                _Min_Heap_Size = 0x4000
                0x00002000                _Min_Stack_Size = 0x2000

.isr_vector     0x08000000      0x1ac
                0x08000000                . = ALIGN (0x4)
 *(.isr_vector)
 .isr_vector    0x08000000      0x1ac startup/startup_stm32f427xx.o
                0x08000000                g_pfnVectors
                0x080001ac                . = ALIGN (0x4)

.text           0x080001ac     0x6540
                0x080001ac                . = ALIGN (0x4)
 *(.text)
 .text          0x080001ac       0x40 c:/ac6/systemworkbench/plugins/fr.ac6.mcu.externaltools.arm-none.win32_1.16.0.201807130628/tools/compiler/bin/../lib/gcc/arm-none-eabi/7.2.1/thumb/v7e-m/fpv4-sp/hard/crtbegin.o
 .text          0x080001ec       0x30 c:/ac6/systemworkbench/plugins/fr.ac6.mcu.externaltools.arm-none.win32_1.16.0.201807130628/tools/compiler/bin/../lib/gcc/arm-none-eabi/7.2.1/thumb/v7e-m/fpv4-sp/hard\libgcc.a(_aeabi_uldivmod.o)
                0x080001ec                __aeabi_uldivmod
 .text          0x0800021c      0x2cc c:/ac6/systemworkbench/plugins/fr.ac6.mcu.externaltools.arm-none.win32_1.16.0.201807130628/tools/compiler/bin/../lib/gcc/arm-none-eabi/7.2.1/thumb/v7e-m/fpv4-sp/hard\libgcc.a(_udivmoddi4.o)
                0x0800021c                __udivmoddi4
 .text          0x080004e8        0x4 c:/ac6/systemworkbench/plugins/fr.ac6.mcu.externaltools.arm-none.win32_1.16.0.201807130628/tools/compiler/bin/../lib/gcc/arm-none-eabi/7.2.1/thumb/v7e-m/fpv4-sp/hard\libgcc.a(_dvmd_tls.o)
                0x080004e8                __aeabi_idiv0
                0x080004e8                __aeabi_ldiv0
 *(.text*)
 .text.calc_crc16
                0x080004ec       0x3c Core/Src/CRC16.o
                0x080004ec                calc_crc16
 .text.init_accumulate_crc16
                0x08000528       0x10 Core/Src/CRC16.o
                0x08000528                init_accumulate_crc16
 .text.calc_accumulate_crc16
                0x08000538       0x40 Core/Src/CRC16.o
                0x08000538                calc_accumulate_crc16
 .text.uart_rx_IDLE_IE
                0x08000578       0x12 Core/Src/ami.o
                0x08000578                uart_rx_IDLE_IE
 *fill*         0x0800058a        0x2 
 .text.ami_rx_suspend
                0x0800058c       0x1c Core/Src/ami.o
                0x0800058c                ami_rx_suspend
 .text.ami_rx_restart
                0x080005a8       0x2c Core/Src/ami.o
                0x080005a8                ami_rx_restart
 .text.set_ami_status
                0x080005d4        0xc Core/Src/ami.o
                0x080005d4                set_ami_status
 .text.ami_tx   0x080005e0      0x118 Core/Src/ami.o
                0x080005e0                ami_tx
 .text.get_ami_status
                0x080006f8        0xc Core/Src/ami.o
                0x080006f8                get_ami_status
 .text.ami_stop_rx_timeout
                0x08000704       0x1c Core/Src/ami.o
                0x08000704                ami_stop_rx_timeout
 .text.ami_rx_timeout_callback
                0x08000720       0x48 Core/Src/ami.o
                0x08000720                ami_rx_timeout_callback
 .text.ami_tx_timeout_callback
                0x08000768       0x4c Core/Src/ami.o
                0x08000768                ami_tx_timeout_callback
 .text.UART1_User_IRQHandler
                0x080007b4       0x44 Core/Src/ami.o
                0x080007b4                UART1_User_IRQHandler
 .text.HAL_UART_TxCpltCallback
                0x080007f8       0x5c Core/Src/ami.o
                0x080007f8                HAL_UART_TxCpltCallback
 .text.HAL_UART_ErrorCallback
                0x08000854       0xe0 Core/Src/ami.o
                0x08000854                HAL_UART_ErrorCallback
 .text.HAL_UART_RxCpltCallback
                0x08000934       0x48 Core/Src/ami.o
                0x08000934                HAL_UART_RxCpltCallback
 .text.message_header_to_array
                0x0800097c       0x60 Core/Src/ami_protocol.o
                0x0800097c                message_header_to_array
 .text.message_box_mod
                0x080009dc      0x154 Core/Src/ami_protocol.o
                0x080009dc                message_box_mod
 .text.set_tool_status
                0x08000b30        0xc Core/Src/ami_protocol.o
                0x08000b30                set_tool_status
 .text.GetSector
                0x08000b3c      0x19c Core/Src/flash_stm32f4.o
 .text.GetSectorSize
                0x08000cd8       0x4c Core/Src/flash_stm32f4.o
 .text.flash_stm32_write
                0x08000d24       0x50 Core/Src/flash_stm32f4.o
                0x08000d24                flash_stm32_write
 .text.flash_stm32_erase
                0x08000d74       0x8c Core/Src/flash_stm32f4.o
                0x08000d74                flash_stm32_erase
 .text.flash_stm32_read
                0x08000e00       0x1c Core/Src/flash_stm32f4.o
                0x08000e00                flash_stm32_read
 .text.HAL_GetTick
                0x08000e1c       0x24 Core/Src/hal_func_redef.o
                0x08000e1c                HAL_GetTick
 .text.HAL_Delay
                0x08000e40       0x3c Core/Src/hal_func_redef.o
                0x08000e40                HAL_Delay
 .text.NOHAL_SPI_TransmitReceive_IT
                0x08000e7c       0x40 Core/Src/m95m01_eeprom.o
                0x08000e7c                NOHAL_SPI_TransmitReceive_IT
 .text.m95m01_eeprom_wait_spi
                0x08000ebc       0x24 Core/Src/m95m01_eeprom.o
                0x08000ebc                m95m01_eeprom_wait_spi
 .text.m95m01_eeprom_cs
                0x08000ee0       0x24 Core/Src/m95m01_eeprom.o
                0x08000ee0                m95m01_eeprom_cs
 .text.m95m01_eeprom_read_status_reg
                0x08000f04       0x2c Core/Src/m95m01_eeprom.o
                0x08000f04                m95m01_eeprom_read_status_reg
 .text.m95m01_eeprom_wait_ready
                0x08000f30       0x3c Core/Src/m95m01_eeprom.o
                0x08000f30                m95m01_eeprom_wait_ready
 .text.m95m01_eeprom_write_page
                0x08000f6c       0x58 Core/Src/m95m01_eeprom.o
                0x08000f6c                m95m01_eeprom_write_page
 .text.m95m01_eeprom_write
                0x08000fc4       0x7e Core/Src/m95m01_eeprom.o
                0x08000fc4                m95m01_eeprom_write
 *fill*         0x08001042        0x2 
 .text.m95m01_eeprom_read
                0x08001044       0x50 Core/Src/m95m01_eeprom.o
                0x08001044                m95m01_eeprom_read
 .text.m95m01_eeprom_erase
                0x08001094       0x78 Core/Src/m95m01_eeprom.o
                0x08001094                m95m01_eeprom_erase
 .text.m95m01_eeprom_hold
                0x0800110c       0x24 Core/Src/m95m01_eeprom.o
                0x0800110c                m95m01_eeprom_hold
 .text.NOHAL_SPI_TxRxCpltCallback
                0x08001130       0x9c Core/Src/m95m01_eeprom.o
                0x08001130                NOHAL_SPI_TxRxCpltCallback
 .text.NOHAL_SPI4_IRQHandler
                0x080011cc       0x6c Core/Src/m95m01_eeprom.o
                0x080011cc                NOHAL_SPI4_IRQHandler
 .text.MX_GPIO_Init
                0x08001238      0x1c4 Core/Src/main.o
 .text.SPI4_Init_45
                0x080013fc       0x74 Core/Src/main.o
 .text.HAL_TIM_PeriodElapsedCallback
                0x08001470       0x50 Core/Src/main.o
                0x08001470                HAL_TIM_PeriodElapsedCallback
 .text.UART_FixBaudRate
                0x080014c0      0x190 Core/Src/main.o
                0x080014c0                UART_FixBaudRate
 .text.NVIC_Priorities_Fix
                0x08001650       0x74 Core/Src/main.o
                0x08001650                NVIC_Priorities_Fix
 .text.JumpToApplication
                0x080016c4       0x3c Core/Src/main.o
                0x080016c4                JumpToApplication
 .text.HAL_SYSTICK_Callback
                0x08001700       0x10 Core/Src/main.o
                0x08001700                HAL_SYSTICK_Callback
 .text.firmware_flash
                0x08001710      0x134 Core/Src/main.o
                0x08001710                firmware_flash
 .text._Error_Handler
                0x08001844        0x2 Core/Src/main.o
                0x08001844                _Error_Handler
 *fill*         0x08001846        0x2 
 .text.period_calc
                0x08001848       0x64 Core/Src/main.o
                0x08001848                period_calc
 .text.MX_DMA_Init
                0x080018ac      0x100 Core/Src/main.o
 .text.MX_TIM1_Init_45
                0x080019ac       0xe4 Core/Src/main.o
 .text.MX_TIM2_Init_45
                0x08001a90       0x74 Core/Src/main.o
 .text.MX_TIM10_Init_45
                0x08001b04       0x38 Core/Src/main.o
 .text.MX_FMC_Init
                0x08001b3c       0x7c Core/Src/main.o
 .text.MX_CRC_Init
                0x08001bb8       0x28 Core/Src/main.o
 .text.SystemClock_Config
                0x08001be0       0xd8 Core/Src/main.o
                0x08001be0                SystemClock_Config
 .text.MX_IWDG_Init
                0x08001cb8       0x30 Core/Src/main.o
                0x08001cb8                MX_IWDG_Init
 .text.MX_USART1_UART_Init
                0x08001ce8       0x40 Core/Src/main.o
                0x08001ce8                MX_USART1_UART_Init
 .text.MX_USART2_UART_Init
                0x08001d28       0x48 Core/Src/main.o
                0x08001d28                MX_USART2_UART_Init
 .text.main     0x08001d70      0x1a0 Core/Src/main.o
                0x08001d70                main
 .text.erase_memory
                0x08001f10       0x64 Core/Src/memory.o
                0x08001f10                erase_memory
 .text.nand_read_data_byte
                0x08001f74       0x7c Core/Src/memory.o
                0x08001f74                nand_read_data_byte
 .text.write_bootflag_memory
                0x08001ff0       0x28 Core/Src/memory_status.o
                0x08001ff0                write_bootflag_memory
 .text.read_bootflag_memory
                0x08002018       0x30 Core/Src/memory_status.o
                0x08002018                read_bootflag_memory
 .text.memory_full_callback
                0x08002048        0x2 Core/Src/mt29fxg08_nand.o
                0x08002048                memory_full_callback
 *fill*         0x0800204a        0x2 
 .text.check_address_nand_full
                0x0800204c       0x28 Core/Src/mt29fxg08_nand.o
 .text.nand_select_target
                0x08002074       0x24 Core/Src/mt29fxg08_nand.o
                0x08002074                nand_select_target
 .text.HAL_NAND_Read_Page_8b_fast
                0x08002098      0x178 Core/Src/mt29fxg08_nand.o
                0x08002098                HAL_NAND_Read_Page_8b_fast
 .text.HAL_NAND_Read_SpareArea_8b_fast
                0x08002210      0x190 Core/Src/mt29fxg08_nand.o
                0x08002210                HAL_NAND_Read_SpareArea_8b_fast
 .text.NAND_GetAddress
                0x080023a0       0x44 Core/Src/mt29fxg08_nand.o
                0x080023a0                NAND_GetAddress
 .text.nand_correct_address
                0x080023e4       0x4c Core/Src/mt29fxg08_nand.o
 .text.nand_skip_address_to_next_block
                0x08002430       0x3a Core/Src/mt29fxg08_nand.o
 *fill*         0x0800246a        0x2 
 .text.crc32_check_ecc
                0x0800246c       0x44 Core/Src/mt29fxg08_nand.o
                0x0800246c                crc32_check_ecc
 .text.nand_write_page
                0x080024b0      0x134 Core/Src/mt29fxg08_nand.o
                0x080024b0                nand_write_page
 .text.nand_read_page
                0x080025e4      0x110 Core/Src/mt29fxg08_nand.o
                0x080025e4                nand_read_page
 .text.nand_erase_block_raw
                0x080026f4       0x38 Core/Src/mt29fxg08_nand.o
                0x080026f4                nand_erase_block_raw
 .text.nand_block_table_write
                0x0800272c       0xb0 Core/Src/nand_block_table.o
 .text.nand_block_table_init
                0x080027dc       0x1c Core/Src/nand_block_table.o
                0x080027dc                nand_block_table_init
 .text.nand_block_table_mark_block
                0x080027f8       0x1c Core/Src/nand_block_table.o
                0x080027f8                nand_block_table_mark_block
 .text.nand_update_block_table
                0x08002814       0x1c Core/Src/nand_block_table.o
                0x08002814                nand_update_block_table
 .text.nand_block_table_read
                0x08002830       0xdc Core/Src/nand_block_table.o
                0x08002830                nand_block_table_read
 .text.eeprom_block_table_init
                0x0800290c       0x2c Core/Src/nand_block_table.o
                0x0800290c                eeprom_block_table_init
 .text.eeprom_block_table_mark_block
                0x08002938       0x20 Core/Src/nand_block_table.o
                0x08002938                eeprom_block_table_mark_block
 .text.eeprom_block_table_write
                0x08002958       0x74 Core/Src/nand_block_table.o
                0x08002958                eeprom_block_table_write
 .text.eeprom_block_table_read
                0x080029cc       0x30 Core/Src/nand_block_table.o
                0x080029cc                eeprom_block_table_read
 .text.BitCount
                0x080029fc       0x24 Core/Src/nand_ecc.o
 .text.make_ecc
                0x08002a20      0x2b4 Core/Src/nand_ecc.o
                0x08002a20                make_ecc
 .text.ecc_check
                0x08002cd4       0xcc Core/Src/nand_ecc.o
                0x08002cd4                ecc_check
 .text.post_tx_data
                0x08002da0       0x60 Core/Src/post_module.o
                0x08002da0                post_tx_data
 .text.HAL_FMC_MspInit
                0x08002e00       0x88 Core/Src/stm32f4xx_hal_msp.o
 .text.HAL_MspInit
                0x08002e88       0x94 Core/Src/stm32f4xx_hal_msp.o
                0x08002e88                HAL_MspInit
 .text.HAL_CRC_MspInit
                0x08002f1c       0x30 Core/Src/stm32f4xx_hal_msp.o
                0x08002f1c                HAL_CRC_MspInit
 .text.HAL_TIM_Base_MspInit
                0x08002f4c       0xa4 Core/Src/stm32f4xx_hal_msp.o
                0x08002f4c                HAL_TIM_Base_MspInit
 .text.HAL_TIM_MspPostInit
                0x08002ff0       0x38 Core/Src/stm32f4xx_hal_msp.o
                0x08002ff0                HAL_TIM_MspPostInit
 .text.HAL_UART_MspInit
                0x08003028      0x220 Core/Src/stm32f4xx_hal_msp.o
                0x08003028                HAL_UART_MspInit
 .text.HAL_UART_MspDeInit
                0x08003248       0xf0 Core/Src/stm32f4xx_hal_msp.o
                0x08003248                HAL_UART_MspDeInit
 .text.HAL_NAND_MspInit
                0x08003338        0x8 Core/Src/stm32f4xx_hal_msp.o
                0x08003338                HAL_NAND_MspInit
 .text.NMI_Handler
                0x08003340        0x2 Core/Src/stm32f4xx_it.o
                0x08003340                NMI_Handler
 .text.HardFault_Handler
                0x08003342        0x2 Core/Src/stm32f4xx_it.o
                0x08003342                HardFault_Handler
 .text.MemManage_Handler
                0x08003344        0x2 Core/Src/stm32f4xx_it.o
                0x08003344                MemManage_Handler
 .text.BusFault_Handler
                0x08003346        0x2 Core/Src/stm32f4xx_it.o
                0x08003346                BusFault_Handler
 .text.UsageFault_Handler
                0x08003348        0x2 Core/Src/stm32f4xx_it.o
                0x08003348                UsageFault_Handler
 .text.SVC_Handler
                0x0800334a        0x2 Core/Src/stm32f4xx_it.o
                0x0800334a                SVC_Handler
 .text.DebugMon_Handler
                0x0800334c        0x2 Core/Src/stm32f4xx_it.o
                0x0800334c                DebugMon_Handler
 .text.PendSV_Handler
                0x0800334e        0x2 Core/Src/stm32f4xx_it.o
                0x0800334e                PendSV_Handler
 .text.SysTick_Handler
                0x08003350        0xc Core/Src/stm32f4xx_it.o
                0x08003350                SysTick_Handler
 .text.DMA1_Stream6_IRQHandler
                0x0800335c       0x10 Core/Src/stm32f4xx_it.o
                0x0800335c                DMA1_Stream6_IRQHandler
 .text.TIM1_UP_TIM10_IRQHandler
                0x0800336c       0x18 Core/Src/stm32f4xx_it.o
                0x0800336c                TIM1_UP_TIM10_IRQHandler
 .text.TIM2_IRQHandler
                0x08003384       0x10 Core/Src/stm32f4xx_it.o
                0x08003384                TIM2_IRQHandler
 .text.USART1_IRQHandler
                0x08003394       0x14 Core/Src/stm32f4xx_it.o
                0x08003394                USART1_IRQHandler
 .text.USART2_IRQHandler
                0x080033a8       0x10 Core/Src/stm32f4xx_it.o
                0x080033a8                USART2_IRQHandler
 .text.FMC_IRQHandler
                0x080033b8       0x10 Core/Src/stm32f4xx_it.o
                0x080033b8                FMC_IRQHandler
 .text.DMA2_Stream2_IRQHandler
                0x080033c8       0x10 Core/Src/stm32f4xx_it.o
                0x080033c8                DMA2_Stream2_IRQHandler
 .text.SPI4_IRQHandler
                0x080033d8        0x8 Core/Src/stm32f4xx_it.o
                0x080033d8                SPI4_IRQHandler
 .text.DMA2_Stream0_IRQHandler
                0x080033e0       0x10 Core/Src/stm32f4xx_it.o
                0x080033e0                DMA2_Stream0_IRQHandler
 .text.SystemInit
                0x080033f0       0x4c Core/Src/system_stm32f4xx.o
                0x080033f0                SystemInit
 .text.HAL_MspDeInit
                0x0800343c        0x2 Drivers/STM32F4xx_HAL_Driver/Src/stm32f4xx_hal.o
                0x0800343c                HAL_MspDeInit
 *fill*         0x0800343e        0x2 
 .text.HAL_DeInit
                0x08003440       0x2c Drivers/STM32F4xx_HAL_Driver/Src/stm32f4xx_hal.o
                0x08003440                HAL_DeInit
 .text.HAL_InitTick
                0x0800346c       0x48 Drivers/STM32F4xx_HAL_Driver/Src/stm32f4xx_hal.o
                0x0800346c                HAL_InitTick
 .text.HAL_Init
                0x080034b4       0x2c Drivers/STM32F4xx_HAL_Driver/Src/stm32f4xx_hal.o
                0x080034b4                HAL_Init
 .text.HAL_IncTick
                0x080034e0       0x18 Drivers/STM32F4xx_HAL_Driver/Src/stm32f4xx_hal.o
                0x080034e0                HAL_IncTick
 .text.HAL_NVIC_SetPriorityGrouping
                0x080034f8       0x24 Drivers/STM32F4xx_HAL_Driver/Src/stm32f4xx_hal_cortex.o
                0x080034f8                HAL_NVIC_SetPriorityGrouping
 .text.HAL_NVIC_SetPriority
                0x0800351c       0x68 Drivers/STM32F4xx_HAL_Driver/Src/stm32f4xx_hal_cortex.o
                0x0800351c                HAL_NVIC_SetPriority
 .text.HAL_NVIC_EnableIRQ
                0x08003584       0x18 Drivers/STM32F4xx_HAL_Driver/Src/stm32f4xx_hal_cortex.o
                0x08003584                HAL_NVIC_EnableIRQ
 .text.HAL_NVIC_DisableIRQ
                0x0800359c       0x18 Drivers/STM32F4xx_HAL_Driver/Src/stm32f4xx_hal_cortex.o
                0x0800359c                HAL_NVIC_DisableIRQ
 .text.HAL_NVIC_SystemReset
                0x080035b4       0x24 Drivers/STM32F4xx_HAL_Driver/Src/stm32f4xx_hal_cortex.o
                0x080035b4                HAL_NVIC_SystemReset
 .text.HAL_SYSTICK_Config
                0x080035d8       0x2c Drivers/STM32F4xx_HAL_Driver/Src/stm32f4xx_hal_cortex.o
                0x080035d8                HAL_SYSTICK_Config
 .text.HAL_SYSTICK_CLKSourceConfig
                0x08003604       0x20 Drivers/STM32F4xx_HAL_Driver/Src/stm32f4xx_hal_cortex.o
                0x08003604                HAL_SYSTICK_CLKSourceConfig
 .text.HAL_SYSTICK_IRQHandler
                0x08003624        0x8 Drivers/STM32F4xx_HAL_Driver/Src/stm32f4xx_hal_cortex.o
                0x08003624                HAL_SYSTICK_IRQHandler
 .text.HAL_CRC_Init
                0x0800362c       0x22 Drivers/STM32F4xx_HAL_Driver/Src/stm32f4xx_hal_crc.o
                0x0800362c                HAL_CRC_Init
 .text.HAL_CRC_Calculate
                0x0800364e       0x40 Drivers/STM32F4xx_HAL_Driver/Src/stm32f4xx_hal_crc.o
                0x0800364e                HAL_CRC_Calculate
 .text.DMA_SetConfig
                0x0800368e       0x2c Drivers/STM32F4xx_HAL_Driver/Src/stm32f4xx_hal_dma.o
 *fill*         0x080036ba        0x2 
 .text.DMA_CalcBaseAndBitshift
                0x080036bc       0x3c Drivers/STM32F4xx_HAL_Driver/Src/stm32f4xx_hal_dma.o
 .text.DMA_CheckFifoParam
                0x080036f8       0x8e Drivers/STM32F4xx_HAL_Driver/Src/stm32f4xx_hal_dma.o
 *fill*         0x08003786        0x2 
 .text.HAL_DMA_Init
                0x08003788       0xcc Drivers/STM32F4xx_HAL_Driver/Src/stm32f4xx_hal_dma.o
                0x08003788                HAL_DMA_Init
 .text.HAL_DMA_DeInit
                0x08003854       0x58 Drivers/STM32F4xx_HAL_Driver/Src/stm32f4xx_hal_dma.o
                0x08003854                HAL_DMA_DeInit
 .text.HAL_DMA_Start
                0x080038ac       0x48 Drivers/STM32F4xx_HAL_Driver/Src/stm32f4xx_hal_dma.o
                0x080038ac                HAL_DMA_Start
 .text.HAL_DMA_Start_IT
                0x080038f4       0x84 Drivers/STM32F4xx_HAL_Driver/Src/stm32f4xx_hal_dma.o
                0x080038f4                HAL_DMA_Start_IT
 .text.HAL_DMA_Abort
                0x08003978       0x94 Drivers/STM32F4xx_HAL_Driver/Src/stm32f4xx_hal_dma.o
                0x08003978                HAL_DMA_Abort
 .text.HAL_DMA_Abort_IT
                0x08003a0c       0x26 Drivers/STM32F4xx_HAL_Driver/Src/stm32f4xx_hal_dma.o
                0x08003a0c                HAL_DMA_Abort_IT
 .text.HAL_DMA_PollForTransfer
                0x08003a32      0x11c Drivers/STM32F4xx_HAL_Driver/Src/stm32f4xx_hal_dma.o
                0x08003a32                HAL_DMA_PollForTransfer
 *fill*         0x08003b4e        0x2 
 .text.HAL_DMA_IRQHandler
                0x08003b50      0x1dc Drivers/STM32F4xx_HAL_Driver/Src/stm32f4xx_hal_dma.o
                0x08003b50                HAL_DMA_IRQHandler
 .text.FLASH_Program_DoubleWord
                0x08003d2c       0x2c Drivers/STM32F4xx_HAL_Driver/Src/stm32f4xx_hal_flash.o
 .text.FLASH_Program_Word
                0x08003d58       0x24 Drivers/STM32F4xx_HAL_Driver/Src/stm32f4xx_hal_flash.o
 .text.FLASH_Program_HalfWord
                0x08003d7c       0x24 Drivers/STM32F4xx_HAL_Driver/Src/stm32f4xx_hal_flash.o
 .text.FLASH_Program_Byte
                0x08003da0       0x20 Drivers/STM32F4xx_HAL_Driver/Src/stm32f4xx_hal_flash.o
 .text.FLASH_SetErrorCode
                0x08003dc0       0xa8 Drivers/STM32F4xx_HAL_Driver/Src/stm32f4xx_hal_flash.o
 .text.HAL_FLASH_Unlock
                0x08003e68       0x30 Drivers/STM32F4xx_HAL_Driver/Src/stm32f4xx_hal_flash.o
                0x08003e68                HAL_FLASH_Unlock
 .text.HAL_FLASH_Lock
                0x08003e98       0x14 Drivers/STM32F4xx_HAL_Driver/Src/stm32f4xx_hal_flash.o
                0x08003e98                HAL_FLASH_Lock
 .text.FLASH_WaitForLastOperation
                0x08003eac       0x64 Drivers/STM32F4xx_HAL_Driver/Src/stm32f4xx_hal_flash.o
                0x08003eac                FLASH_WaitForLastOperation
 .text.HAL_FLASH_Program
                0x08003f10       0x80 Drivers/STM32F4xx_HAL_Driver/Src/stm32f4xx_hal_flash.o
                0x08003f10                HAL_FLASH_Program
 .text.FLASH_MassErase
                0x08003f90       0x4c Drivers/STM32F4xx_HAL_Driver/Src/stm32f4xx_hal_flash_ex.o
 .text.FLASH_Erase_Sector
                0x08003fdc       0x5c Drivers/STM32F4xx_HAL_Driver/Src/stm32f4xx_hal_flash_ex.o
                0x08003fdc                FLASH_Erase_Sector
 .text.FLASH_FlushCaches
                0x08004038       0x60 Drivers/STM32F4xx_HAL_Driver/Src/stm32f4xx_hal_flash_ex.o
                0x08004038                FLASH_FlushCaches
 .text.HAL_FLASHEx_Erase
                0x08004098       0x98 Drivers/STM32F4xx_HAL_Driver/Src/stm32f4xx_hal_flash_ex.o
                0x08004098                HAL_FLASHEx_Erase
 .text.HAL_GPIO_Init
                0x08004130      0x1e0 Drivers/STM32F4xx_HAL_Driver/Src/stm32f4xx_hal_gpio.o
                0x08004130                HAL_GPIO_Init
 .text.HAL_GPIO_DeInit
                0x08004310      0x13c Drivers/STM32F4xx_HAL_Driver/Src/stm32f4xx_hal_gpio.o
                0x08004310                HAL_GPIO_DeInit
 .text.HAL_GPIO_WritePin
                0x0800444c        0xc Drivers/STM32F4xx_HAL_Driver/Src/stm32f4xx_hal_gpio.o
                0x0800444c                HAL_GPIO_WritePin
 .text.HAL_IWDG_Init
                0x08004458       0x4a Drivers/STM32F4xx_HAL_Driver/Src/stm32f4xx_hal_iwdg.o
                0x08004458                HAL_IWDG_Init
 .text.HAL_IWDG_Refresh
                0x080044a2        0xc Drivers/STM32F4xx_HAL_Driver/Src/stm32f4xx_hal_iwdg.o
                0x080044a2                HAL_IWDG_Refresh
 .text.HAL_NAND_Init
                0x080044ae       0x60 Drivers/STM32F4xx_HAL_Driver/Src/stm32f4xx_hal_nand.o
                0x080044ae                HAL_NAND_Init
 .text.HAL_NAND_ITCallback
                0x0800450e        0x2 Drivers/STM32F4xx_HAL_Driver/Src/stm32f4xx_hal_nand.o
                0x0800450e                HAL_NAND_ITCallback
 .text.HAL_NAND_IRQHandler
                0x08004510      0x108 Drivers/STM32F4xx_HAL_Driver/Src/stm32f4xx_hal_nand.o
                0x08004510                HAL_NAND_IRQHandler
 .text.HAL_NAND_Reset
                0x08004618       0x4e Drivers/STM32F4xx_HAL_Driver/Src/stm32f4xx_hal_nand.o
                0x08004618                HAL_NAND_Reset
 .text.HAL_NAND_Read_Status
                0x08004666       0x34 Drivers/STM32F4xx_HAL_Driver/Src/stm32f4xx_hal_nand.o
                0x08004666                HAL_NAND_Read_Status
 .text.HAL_NAND_Read_Page_8b
                0x0800469a      0x17a Drivers/STM32F4xx_HAL_Driver/Src/stm32f4xx_hal_nand.o
                0x0800469a                HAL_NAND_Read_Page_8b
 .text.HAL_NAND_Write_Page_8b
                0x08004814      0x16e Drivers/STM32F4xx_HAL_Driver/Src/stm32f4xx_hal_nand.o
                0x08004814                HAL_NAND_Write_Page_8b
 .text.HAL_NAND_Read_SpareArea_8b
                0x08004982      0x190 Drivers/STM32F4xx_HAL_Driver/Src/stm32f4xx_hal_nand.o
                0x08004982                HAL_NAND_Read_SpareArea_8b
 .text.HAL_NAND_Write_SpareArea_8b
                0x08004b12      0x17e Drivers/STM32F4xx_HAL_Driver/Src/stm32f4xx_hal_nand.o
                0x08004b12                HAL_NAND_Write_SpareArea_8b
 .text.HAL_NAND_Erase_Block
                0x08004c90       0xc2 Drivers/STM32F4xx_HAL_Driver/Src/stm32f4xx_hal_nand.o
                0x08004c90                HAL_NAND_Erase_Block
 *fill*         0x08004d52        0x2 
 .text.HAL_PWREx_EnableOverDrive
                0x08004d54       0x80 Drivers/STM32F4xx_HAL_Driver/Src/stm32f4xx_hal_pwr_ex.o
                0x08004d54                HAL_PWREx_EnableOverDrive
 .text.HAL_RCC_OscConfig
                0x08004dd4      0x398 Drivers/STM32F4xx_HAL_Driver/Src/stm32f4xx_hal_rcc.o
                0x08004dd4                HAL_RCC_OscConfig
 .text.HAL_RCC_GetSysClockFreq
                0x0800516c       0xa8 Drivers/STM32F4xx_HAL_Driver/Src/stm32f4xx_hal_rcc.o
                0x0800516c                HAL_RCC_GetSysClockFreq
 .text.HAL_RCC_ClockConfig
                0x08005214      0x158 Drivers/STM32F4xx_HAL_Driver/Src/stm32f4xx_hal_rcc.o
                0x08005214                HAL_RCC_ClockConfig
 .text.HAL_RCC_GetHCLKFreq
                0x0800536c        0xc Drivers/STM32F4xx_HAL_Driver/Src/stm32f4xx_hal_rcc.o
                0x0800536c                HAL_RCC_GetHCLKFreq
 .text.HAL_RCC_GetPCLK1Freq
                0x08005378       0x20 Drivers/STM32F4xx_HAL_Driver/Src/stm32f4xx_hal_rcc.o
                0x08005378                HAL_RCC_GetPCLK1Freq
 .text.HAL_RCC_GetPCLK2Freq
                0x08005398       0x20 Drivers/STM32F4xx_HAL_Driver/Src/stm32f4xx_hal_rcc.o
                0x08005398                HAL_RCC_GetPCLK2Freq
 .text.HAL_RCC_GetClockConfig
                0x080053b8       0x3c Drivers/STM32F4xx_HAL_Driver/Src/stm32f4xx_hal_rcc.o
                0x080053b8                HAL_RCC_GetClockConfig
 .text.TIM_OC1_SetConfig
                0x080053f4       0x5c Drivers/STM32F4xx_HAL_Driver/Src/stm32f4xx_hal_tim.o
 .text.TIM_OC3_SetConfig
                0x08005450       0x60 Drivers/STM32F4xx_HAL_Driver/Src/stm32f4xx_hal_tim.o
 .text.TIM_OC4_SetConfig
                0x080054b0       0x50 Drivers/STM32F4xx_HAL_Driver/Src/stm32f4xx_hal_tim.o
 .text.TIM_TI1_ConfigInputStage
                0x08005500       0x26 Drivers/STM32F4xx_HAL_Driver/Src/stm32f4xx_hal_tim.o
 .text.TIM_TI2_ConfigInputStage
                0x08005526       0x28 Drivers/STM32F4xx_HAL_Driver/Src/stm32f4xx_hal_tim.o
 .text.TIM_ITRx_SetConfig
                0x0800554e       0x10 Drivers/STM32F4xx_HAL_Driver/Src/stm32f4xx_hal_tim.o
 .text.TIM_ETR_SetConfig
                0x0800555e       0x18 Drivers/STM32F4xx_HAL_Driver/Src/stm32f4xx_hal_tim.o
 .text.HAL_TIM_Base_Stop
                0x08005576       0x2e Drivers/STM32F4xx_HAL_Driver/Src/stm32f4xx_hal_tim.o
                0x08005576                HAL_TIM_Base_Stop
 .text.HAL_TIM_Base_Start_IT
                0x080055a4       0x18 Drivers/STM32F4xx_HAL_Driver/Src/stm32f4xx_hal_tim.o
                0x080055a4                HAL_TIM_Base_Start_IT
 .text.HAL_TIM_PWM_MspInit
                0x080055bc        0x2 Drivers/STM32F4xx_HAL_Driver/Src/stm32f4xx_hal_tim.o
                0x080055bc                HAL_TIM_PWM_MspInit
 .text.HAL_TIM_ConfigClockSource
                0x080055be      0x108 Drivers/STM32F4xx_HAL_Driver/Src/stm32f4xx_hal_tim.o
                0x080055be                HAL_TIM_ConfigClockSource
 .text.HAL_TIM_OC_DelayElapsedCallback
                0x080056c6        0x2 Drivers/STM32F4xx_HAL_Driver/Src/stm32f4xx_hal_tim.o
                0x080056c6                HAL_TIM_OC_DelayElapsedCallback
 .text.HAL_TIM_IC_CaptureCallback
                0x080056c8        0x2 Drivers/STM32F4xx_HAL_Driver/Src/stm32f4xx_hal_tim.o
                0x080056c8                HAL_TIM_IC_CaptureCallback
 .text.HAL_TIM_PWM_PulseFinishedCallback
                0x080056ca        0x2 Drivers/STM32F4xx_HAL_Driver/Src/stm32f4xx_hal_tim.o
                0x080056ca                HAL_TIM_PWM_PulseFinishedCallback
 .text.HAL_TIM_TriggerCallback
                0x080056cc        0x2 Drivers/STM32F4xx_HAL_Driver/Src/stm32f4xx_hal_tim.o
                0x080056cc                HAL_TIM_TriggerCallback
 .text.HAL_TIM_IRQHandler
                0x080056ce      0x17a Drivers/STM32F4xx_HAL_Driver/Src/stm32f4xx_hal_tim.o
                0x080056ce                HAL_TIM_IRQHandler
 .text.TIM_Base_SetConfig
                0x08005848       0xc0 Drivers/STM32F4xx_HAL_Driver/Src/stm32f4xx_hal_tim.o
                0x08005848                TIM_Base_SetConfig
 .text.HAL_TIM_Base_Init
                0x08005908       0x32 Drivers/STM32F4xx_HAL_Driver/Src/stm32f4xx_hal_tim.o
                0x08005908                HAL_TIM_Base_Init
 .text.HAL_TIM_PWM_Init
                0x0800593a       0x32 Drivers/STM32F4xx_HAL_Driver/Src/stm32f4xx_hal_tim.o
                0x0800593a                HAL_TIM_PWM_Init
 .text.TIM_OC2_SetConfig
                0x0800596c       0x64 Drivers/STM32F4xx_HAL_Driver/Src/stm32f4xx_hal_tim.o
                0x0800596c                TIM_OC2_SetConfig
 .text.HAL_TIM_PWM_ConfigChannel
                0x080059d0       0xdc Drivers/STM32F4xx_HAL_Driver/Src/stm32f4xx_hal_tim.o
                0x080059d0                HAL_TIM_PWM_ConfigChannel
 .text.TIM_CCxChannelCmd
                0x08005aac       0x1e Drivers/STM32F4xx_HAL_Driver/Src/stm32f4xx_hal_tim.o
                0x08005aac                TIM_CCxChannelCmd
 *fill*         0x08005aca        0x2 
 .text.HAL_TIM_PWM_Start
                0x08005acc       0x38 Drivers/STM32F4xx_HAL_Driver/Src/stm32f4xx_hal_tim.o
                0x08005acc                HAL_TIM_PWM_Start
 .text.HAL_TIM_PWM_Stop
                0x08005b04       0x68 Drivers/STM32F4xx_HAL_Driver/Src/stm32f4xx_hal_tim.o
                0x08005b04                HAL_TIM_PWM_Stop
 .text.HAL_TIMEx_MasterConfigSynchronization
                0x08005b6c       0x52 Drivers/STM32F4xx_HAL_Driver/Src/stm32f4xx_hal_tim_ex.o
                0x08005b6c                HAL_TIMEx_MasterConfigSynchronization
 .text.HAL_TIMEx_ConfigBreakDeadTime
                0x08005bbe       0x58 Drivers/STM32F4xx_HAL_Driver/Src/stm32f4xx_hal_tim_ex.o
                0x08005bbe                HAL_TIMEx_ConfigBreakDeadTime
 .text.HAL_TIMEx_CommutationCallback
                0x08005c16        0x2 Drivers/STM32F4xx_HAL_Driver/Src/stm32f4xx_hal_tim_ex.o
                0x08005c16                HAL_TIMEx_CommutationCallback
 .text.HAL_TIMEx_BreakCallback
                0x08005c18        0x2 Drivers/STM32F4xx_HAL_Driver/Src/stm32f4xx_hal_tim_ex.o
                0x08005c18                HAL_TIMEx_BreakCallback
 .text.UART_EndTxTransfer
                0x08005c1a       0x12 Drivers/STM32F4xx_HAL_Driver/Src/stm32f4xx_hal_uart.o
 .text.UART_EndRxTransfer
                0x08005c2c       0x1c Drivers/STM32F4xx_HAL_Driver/Src/stm32f4xx_hal_uart.o
 .text.UART_Transmit_IT
                0x08005c48       0x68 Drivers/STM32F4xx_HAL_Driver/Src/stm32f4xx_hal_uart.o
 .text.UART_SetConfig
                0x08005cb0      0x334 Drivers/STM32F4xx_HAL_Driver/Src/stm32f4xx_hal_uart.o
 .text.HAL_UART_Init
                0x08005fe4       0x5e Drivers/STM32F4xx_HAL_Driver/Src/stm32f4xx_hal_uart.o
                0x08005fe4                HAL_UART_Init
 .text.HAL_HalfDuplex_Init
                0x08006042       0x6a Drivers/STM32F4xx_HAL_Driver/Src/stm32f4xx_hal_uart.o
                0x08006042                HAL_HalfDuplex_Init
 .text.HAL_UART_DeInit
                0x080060ac       0x26 Drivers/STM32F4xx_HAL_Driver/Src/stm32f4xx_hal_uart.o
                0x080060ac                HAL_UART_DeInit
 *fill*         0x080060d2        0x2 
 .text.HAL_UART_Transmit_DMA
                0x080060d4       0x8c Drivers/STM32F4xx_HAL_Driver/Src/stm32f4xx_hal_uart.o
                0x080060d4                HAL_UART_Transmit_DMA
 .text.HAL_UART_Receive_DMA
                0x08006160       0xa8 Drivers/STM32F4xx_HAL_Driver/Src/stm32f4xx_hal_uart.o
                0x08006160                HAL_UART_Receive_DMA
 .text.HAL_UART_Abort
                0x08006208       0x6c Drivers/STM32F4xx_HAL_Driver/Src/stm32f4xx_hal_uart.o
                0x08006208                HAL_UART_Abort
 .text.UART_DMATransmitCplt
                0x08006274       0x30 Drivers/STM32F4xx_HAL_Driver/Src/stm32f4xx_hal_uart.o
 .text.UART_EndTransmit_IT
                0x080062a4       0x1a Drivers/STM32F4xx_HAL_Driver/Src/stm32f4xx_hal_uart.o
 .text.HAL_UART_TxHalfCpltCallback
                0x080062be        0x2 Drivers/STM32F4xx_HAL_Driver/Src/stm32f4xx_hal_uart.o
                0x080062be                HAL_UART_TxHalfCpltCallback
 .text.UART_DMATxHalfCplt
                0x080062c0        0xa Drivers/STM32F4xx_HAL_Driver/Src/stm32f4xx_hal_uart.o
 .text.UART_DMAReceiveCplt
                0x080062ca       0x3e Drivers/STM32F4xx_HAL_Driver/Src/stm32f4xx_hal_uart.o
 .text.UART_Receive_IT
                0x08006308       0x92 Drivers/STM32F4xx_HAL_Driver/Src/stm32f4xx_hal_uart.o
 .text.HAL_UART_RxHalfCpltCallback
                0x0800639a        0x2 Drivers/STM32F4xx_HAL_Driver/Src/stm32f4xx_hal_uart.o
                0x0800639a                HAL_UART_RxHalfCpltCallback
 .text.UART_DMARxHalfCplt
                0x0800639c        0xa Drivers/STM32F4xx_HAL_Driver/Src/stm32f4xx_hal_uart.o
 .text.UART_DMAError
                0x080063a6       0x58 Drivers/STM32F4xx_HAL_Driver/Src/stm32f4xx_hal_uart.o
 *fill*         0x080063fe        0x2 
 .text.HAL_UART_IRQHandler
                0x08006400      0x120 Drivers/STM32F4xx_HAL_Driver/Src/stm32f4xx_hal_uart.o
                0x08006400                HAL_UART_IRQHandler
 .text.UART_DMAAbortOnError
                0x08006520       0x10 Drivers/STM32F4xx_HAL_Driver/Src/stm32f4xx_hal_uart.o
 .text.FMC_NAND_Init
                0x08006530       0x48 Drivers/STM32F4xx_HAL_Driver/Src/stm32f4xx_ll_fmc.o
                0x08006530                FMC_NAND_Init
 .text.FMC_NAND_CommonSpace_Timing_Init
                0x08006578       0x32 Drivers/STM32F4xx_HAL_Driver/Src/stm32f4xx_ll_fmc.o
                0x08006578                FMC_NAND_CommonSpace_Timing_Init
 .text.FMC_NAND_AttributeSpace_Timing_Init
                0x080065aa       0x32 Drivers/STM32F4xx_HAL_Driver/Src/stm32f4xx_ll_fmc.o
                0x080065aa                FMC_NAND_AttributeSpace_Timing_Init
 .text.Reset_Handler
                0x080065dc       0x54 startup/startup_stm32f427xx.o
                0x080065dc                Reset_Handler
 .text.Default_Handler
                0x08006630        0x2 startup/startup_stm32f427xx.o
                0x08006630                RTC_Alarm_IRQHandler
                0x08006630                HASH_RNG_IRQHandler
                0x08006630                EXTI2_IRQHandler
                0x08006630                TIM8_CC_IRQHandler
                0x08006630                UART8_IRQHandler
                0x08006630                TIM1_CC_IRQHandler
                0x08006630                DMA2_Stream5_IRQHandler
                0x08006630                DMA1_Stream5_IRQHandler
                0x08006630                PVD_IRQHandler
                0x08006630                SDIO_IRQHandler
                0x08006630                TAMP_STAMP_IRQHandler
                0x08006630                CAN2_RX1_IRQHandler
                0x08006630                EXTI3_IRQHandler
                0x08006630                TIM8_TRG_COM_TIM14_IRQHandler
                0x08006630                TIM8_UP_TIM13_IRQHandler
                0x08006630                I2C3_ER_IRQHandler
                0x08006630                EXTI0_IRQHandler
                0x08006630                I2C2_EV_IRQHandler
                0x08006630                DMA1_Stream2_IRQHandler
                0x08006630                CAN1_RX0_IRQHandler
                0x08006630                FPU_IRQHandler
                0x08006630                OTG_HS_WKUP_IRQHandler
                0x08006630                CAN2_SCE_IRQHandler
                0x08006630                SPI1_IRQHandler
                0x08006630                TIM6_DAC_IRQHandler
                0x08006630                TIM1_BRK_TIM9_IRQHandler
                0x08006630                DCMI_IRQHandler
                0x08006630                CAN2_RX0_IRQHandler
                0x08006630                DMA2_Stream3_IRQHandler
                0x08006630                USART6_IRQHandler
                0x08006630                USART3_IRQHandler
                0x08006630                CAN1_RX1_IRQHandler
                0x08006630                UART5_IRQHandler
                0x08006630                TIM4_IRQHandler
                0x08006630                I2C1_EV_IRQHandler
                0x08006630                DMA1_Stream1_IRQHandler
                0x08006630                UART4_IRQHandler
                0x08006630                TIM3_IRQHandler
                0x08006630                RCC_IRQHandler
                0x08006630                TIM8_BRK_TIM12_IRQHandler
                0x08006630                Default_Handler
                0x08006630                EXTI15_10_IRQHandler
                0x08006630                ADC_IRQHandler
                0x08006630                DMA1_Stream7_IRQHandler
                0x08006630                SPI5_IRQHandler
                0x08006630                TIM7_IRQHandler
                0x08006630                CAN2_TX_IRQHandler
                0x08006630                TIM5_IRQHandler
                0x08006630                DMA2_Stream7_IRQHandler
                0x08006630                I2C3_EV_IRQHandler
                0x08006630                EXTI9_5_IRQHandler
                0x08006630                RTC_WKUP_IRQHandler
                0x08006630                ETH_WKUP_IRQHandler
                0x08006630                SPI2_IRQHandler
                0x08006630                OTG_HS_EP1_IN_IRQHandler
                0x08006630                DMA1_Stream0_IRQHandler
                0x08006630                CAN1_TX_IRQHandler
                0x08006630                EXTI4_IRQHandler
                0x08006630                ETH_IRQHandler
                0x08006630                OTG_HS_EP1_OUT_IRQHandler
                0x08006630                WWDG_IRQHandler
                0x08006630                SPI6_IRQHandler
                0x08006630                OTG_FS_WKUP_IRQHandler
                0x08006630                TIM1_TRG_COM_TIM11_IRQHandler
                0x08006630                OTG_HS_IRQHandler
                0x08006630                DMA2D_IRQHandler
                0x08006630                EXTI1_IRQHandler
                0x08006630                UART7_IRQHandler
                0x08006630                I2C2_ER_IRQHandler
                0x08006630                DMA2_Stream1_IRQHandler
                0x08006630                CAN1_SCE_IRQHandler
                0x08006630                FLASH_IRQHandler
                0x08006630                DMA2_Stream4_IRQHandler
                0x08006630                OTG_FS_IRQHandler
                0x08006630                SPI3_IRQHandler
                0x08006630                DMA1_Stream4_IRQHandler
                0x08006630                I2C1_ER_IRQHandler
                0x08006630                DMA2_Stream6_IRQHandler
                0x08006630                SAI1_IRQHandler
                0x08006630                DMA1_Stream3_IRQHandler
 *fill*         0x08006632        0x2 
 .text.__libc_init_array
                0x08006634       0x48 c:/ac6/systemworkbench/plugins/fr.ac6.mcu.externaltools.arm-none.win32_1.16.0.201807130628/tools/compiler/bin/../lib/gcc/arm-none-eabi/7.2.1/../../../../arm-none-eabi/lib/thumb/v7e-m/fpv4-sp/hard\libc_nano.a(lib_a-init.o)
                0x08006634                __libc_init_array
 .text.memcpy   0x0800667c       0x16 c:/ac6/systemworkbench/plugins/fr.ac6.mcu.externaltools.arm-none.win32_1.16.0.201807130628/tools/compiler/bin/../lib/gcc/arm-none-eabi/7.2.1/../../../../arm-none-eabi/lib/thumb/v7e-m/fpv4-sp/hard\libc_nano.a(lib_a-memcpy-stub.o)
                0x0800667c                memcpy
 .text.memmove  0x08006692       0x32 c:/ac6/systemworkbench/plugins/fr.ac6.mcu.externaltools.arm-none.win32_1.16.0.201807130628/tools/compiler/bin/../lib/gcc/arm-none-eabi/7.2.1/../../../../arm-none-eabi/lib/thumb/v7e-m/fpv4-sp/hard\libc_nano.a(lib_a-memmove.o)
                0x08006692                memmove
 .text.memset   0x080066c4       0x10 c:/ac6/systemworkbench/plugins/fr.ac6.mcu.externaltools.arm-none.win32_1.16.0.201807130628/tools/compiler/bin/../lib/gcc/arm-none-eabi/7.2.1/../../../../arm-none-eabi/lib/thumb/v7e-m/fpv4-sp/hard\libc_nano.a(lib_a-memset.o)
                0x080066c4                memset
 *(.glue_7)
 .glue_7        0x080066d4        0x0 linker stubs
 *(.glue_7t)
 .glue_7t       0x080066d4        0x0 linker stubs
 *(.eh_frame)
 .eh_frame      0x080066d4        0x0 c:/ac6/systemworkbench/plugins/fr.ac6.mcu.externaltools.arm-none.win32_1.16.0.201807130628/tools/compiler/bin/../lib/gcc/arm-none-eabi/7.2.1/thumb/v7e-m/fpv4-sp/hard/crtbegin.o
 *(.init)
 .init          0x080066d4        0x4 c:/ac6/systemworkbench/plugins/fr.ac6.mcu.externaltools.arm-none.win32_1.16.0.201807130628/tools/compiler/bin/../lib/gcc/arm-none-eabi/7.2.1/thumb/v7e-m/fpv4-sp/hard/crti.o
                0x080066d4                _init
 .init          0x080066d8        0x8 c:/ac6/systemworkbench/plugins/fr.ac6.mcu.externaltools.arm-none.win32_1.16.0.201807130628/tools/compiler/bin/../lib/gcc/arm-none-eabi/7.2.1/thumb/v7e-m/fpv4-sp/hard/crtn.o
 *(.fini)
 .fini          0x080066e0        0x4 c:/ac6/systemworkbench/plugins/fr.ac6.mcu.externaltools.arm-none.win32_1.16.0.201807130628/tools/compiler/bin/../lib/gcc/arm-none-eabi/7.2.1/thumb/v7e-m/fpv4-sp/hard/crti.o
                0x080066e0                _fini
 .fini          0x080066e4        0x8 c:/ac6/systemworkbench/plugins/fr.ac6.mcu.externaltools.arm-none.win32_1.16.0.201807130628/tools/compiler/bin/../lib/gcc/arm-none-eabi/7.2.1/thumb/v7e-m/fpv4-sp/hard/crtn.o
                0x080066ec                . = ALIGN (0x4)
                0x080066ec                _etext = .

.vfp11_veneer   0x080066ec        0x0
 .vfp11_veneer  0x080066ec        0x0 linker stubs

.v4_bx          0x080066ec        0x0
 .v4_bx         0x080066ec        0x0 linker stubs

.iplt           0x080066ec        0x0
 .iplt          0x080066ec        0x0 c:/ac6/systemworkbench/plugins/fr.ac6.mcu.externaltools.arm-none.win32_1.16.0.201807130628/tools/compiler/bin/../lib/gcc/arm-none-eabi/7.2.1/thumb/v7e-m/fpv4-sp/hard/crtbegin.o

.rodata         0x080066ec      0x368
                0x080066ec                . = ALIGN (0x4)
 *(.rodata)
 .rodata        0x080066ec      0x200 Core/Src/CRC16.o
                0x080066ec                crc16_table
 .rodata        0x080068ec      0x100 Core/Src/nand_ecc.o
 .rodata        0x080069ec       0x18 Core/Src/system_stm32f4xx.o
                0x080069ec                AHBPrescTable
                0x080069fc                APBPrescTable
 .rodata        0x08006a04        0x8 Drivers/STM32F4xx_HAL_Driver/Src/stm32f4xx_hal_dma.o
 *(.rodata*)
 .rodata.str1.4
                0x08006a0c       0x12 Core/Src/ami.o
 *fill*         0x08006a1e        0x2 
 .rodata.str1.4
                0x08006a20       0x13 Core/Src/main.o
 *fill*         0x08006a33        0x1 
 .rodata.str1.4
                0x08006a34       0x20 Core/Src/stm32f4xx_hal_msp.o
                0x08006a54                . = ALIGN (0x4)

.ARM.extab
 *(.ARM.extab* .gnu.linkonce.armextab.*)

.ARM            0x08006a54        0x8
                0x08006a54                __exidx_start = .
 *(.ARM.exidx*)
 .ARM.exidx     0x08006a54        0x8 c:/ac6/systemworkbench/plugins/fr.ac6.mcu.externaltools.arm-none.win32_1.16.0.201807130628/tools/compiler/bin/../lib/gcc/arm-none-eabi/7.2.1/thumb/v7e-m/fpv4-sp/hard\libgcc.a(_udivmoddi4.o)
                0x08006a5c                __exidx_end = .

.rel.dyn        0x08006a5c        0x0
 .rel.iplt      0x08006a5c        0x0 c:/ac6/systemworkbench/plugins/fr.ac6.mcu.externaltools.arm-none.win32_1.16.0.201807130628/tools/compiler/bin/../lib/gcc/arm-none-eabi/7.2.1/thumb/v7e-m/fpv4-sp/hard/crtbegin.o

.preinit_array  0x08006a5c        0x0
                0x08006a5c                PROVIDE (__preinit_array_start, .)
 *(.preinit_array*)
                0x08006a5c                PROVIDE (__preinit_array_end, .)

.init_array     0x08006a5c        0x4
                0x08006a5c                PROVIDE (__init_array_start, .)
 *(SORT_BY_NAME(.init_array.*))
 *(.init_array*)
 .init_array    0x08006a5c        0x4 c:/ac6/systemworkbench/plugins/fr.ac6.mcu.externaltools.arm-none.win32_1.16.0.201807130628/tools/compiler/bin/../lib/gcc/arm-none-eabi/7.2.1/thumb/v7e-m/fpv4-sp/hard/crtbegin.o
                0x08006a60                PROVIDE (__init_array_end, .)

.fini_array     0x08006a60        0x4
                [!provide]                PROVIDE (__fini_array_start, .)
 *(SORT_BY_NAME(.fini_array.*))
 *(.fini_array*)
 .fini_array    0x08006a60        0x4 c:/ac6/systemworkbench/plugins/fr.ac6.mcu.externaltools.arm-none.win32_1.16.0.201807130628/tools/compiler/bin/../lib/gcc/arm-none-eabi/7.2.1/thumb/v7e-m/fpv4-sp/hard/crtbegin.o
                [!provide]                PROVIDE (__fini_array_end, .)
                0x08006a64                _sidata = LOADADDR (.data)

.data           0x20000000       0x10 load address 0x08006a64
                0x20000000                . = ALIGN (0x4)
                0x20000000                _sdata = .
 *(.data)
 .data          0x20000000        0x1 Core/Src/ami.o
 *fill*         0x20000001        0x3 
 .data          0x20000004        0x4 Core/Src/system_stm32f4xx.o
                0x20000004                SystemCoreClock
 .data          0x20000008        0x8 Drivers/STM32F4xx_HAL_Driver/Src/stm32f4xx_hal.o
                0x20000008                uwTickFreq
                0x2000000c                uwTickPrio
 *(.data*)
                0x20000010                . = ALIGN (0x4)
                0x20000010                _edata = .
                0x08006a74                _siccmram = LOADADDR (.ccmram)

.igot.plt       0x20000010        0x0 load address 0x08006a74
 .igot.plt      0x20000010        0x0 c:/ac6/systemworkbench/plugins/fr.ac6.mcu.externaltools.arm-none.win32_1.16.0.201807130628/tools/compiler/bin/../lib/gcc/arm-none-eabi/7.2.1/thumb/v7e-m/fpv4-sp/hard/crtbegin.o

.ccmram         0x10000000        0x0 load address 0x08006a74
                0x10000000                . = ALIGN (0x4)
                0x10000000                _sccmram = .
 *(.ccmram)
 *(.ccmram*)
                0x10000000                . = ALIGN (0x4)
                0x10000000                _eccmram = .
                0x10000000                . = ALIGN (0x4)

.bss            0x20000010     0xbb40
                0x20000010                _sbss = .
                0x20000010                __bss_start__ = _sbss
 *(.bss)
 .bss           0x20000010       0x1c c:/ac6/systemworkbench/plugins/fr.ac6.mcu.externaltools.arm-none.win32_1.16.0.201807130628/tools/compiler/bin/../lib/gcc/arm-none-eabi/7.2.1/thumb/v7e-m/fpv4-sp/hard/crtbegin.o
 .bss           0x2000002c        0x2 Core/Src/CRC16.o
 *fill*         0x2000002e        0x2 
 .bss           0x20000030        0x6 Core/Src/ami.o
                0x20000030                ami_byte_counter
                0x20000034                ami_rx_buffer_updated
                0x20000035                ami_speed_HS
 *fill*         0x20000036        0x2 
 .bss           0x20000038     0x202c Core/Src/ami_protocol.o
 .bss           0x20002064       0x20 Core/Src/flash_stm32f4.o
 .bss           0x20002084      0x224 Core/Src/m95m01_eeprom.o
                0x20002094                spi_type
 .bss           0x200022a8        0x6 Core/Src/main.o
                0x200022a8                crc_calc16
                0x200022aa                firmware_write
                0x200022ab                erase_flag
                0x200022ac                bootloader_timeout_en
                0x200022ad                reboot_flag
 *fill*         0x200022ae        0x2 
 .bss           0x200022b0        0x4 Core/Src/memory_status.o
 .bss           0x200022b4     0x100c Core/Src/mt29fxg08_nand.o
                0x200022b8                NAND_PAGE_R_BUF
 .bss           0x200032c0     0x1000 Core/Src/nand_block_table.o
 .bss           0x200042c0        0x2 Core/Src/post_module.o
                0x200042c0                global_suspend
                0x200042c1                suspend_dev_id
 *fill*         0x200042c2        0x2 
 .bss           0x200042c4        0x8 Core/Src/stm32f4xx_hal_msp.o
 *(.bss*)
 *(COMMON)
 COMMON         0x200042cc     0x4001 Core/Src/ami.o
                0x200042cc                ami_Buffer_rx
                0x200062cc                ami_Buffer_tx
                0x200082cc                mod_status_reg
 *fill*         0x200082cd        0x3 
 COMMON         0x200082d0        0x1 Core/Src/m95m01_eeprom.o
                0x200082d0                status_reg
 *fill*         0x200082d1        0x3 
 COMMON         0x200082d4      0x354 Core/Src/main.o
                0x200082d4                hdma_memtomem_dma2_stream0
                0x20008334                htim10
                0x20008370                hiwdg
                0x2000837c                hcrc
                0x20008384                JumpAddress
                0x20008388                Jump_To_Application
                0x2000838c                hdma_usart6_tx
                0x200083ec                hdma_usart1_rx
                0x2000844c                hdma_usart2_tx
                0x200084ac                hnand1
                0x200084ec                huart1
                0x2000852c                htim1
                0x20008568                g_comm_channel
                0x2000856c                huart6
                0x200085ac                htim2
                0x200085e8                huart2
 COMMON         0x20008628     0x1000 Core/Src/memory.o
                0x20008628                nand_buf
 COMMON         0x20009628     0x10e4 Core/Src/mt29fxg08_nand.o
                0x20009628                ss
                0x2000962c                spare
                0x2000970c                page_temp
 COMMON         0x2000a70c     0x1018 Core/Src/nand_block_table.o
                0x2000a70c                BlockTable_EEP
                0x2000af18                BlockTable_NAND
 COMMON         0x2000b724      0x406 Core/Src/post_module.o
                0x2000b724                suspend_len
                0x2000b726                destination_address
                0x2000b728                suspend_data
                0x2000bb28                suspend_source
                0x2000bb29                suspend_destination
 *fill*         0x2000bb2a        0x2 
 COMMON         0x2000bb2c        0x4 Drivers/STM32F4xx_HAL_Driver/Src/stm32f4xx_hal.o
                0x2000bb2c                uwTick
 COMMON         0x2000bb30       0x20 Drivers/STM32F4xx_HAL_Driver/Src/stm32f4xx_hal_flash.o
                0x2000bb30                pFlash
                0x2000bb50                . = ALIGN (0x4)
                0x2000bb50                _ebss = .
                0x2000bb50                __bss_end__ = _ebss

._user_heap_stack
                0x2000bb50     0x6000
                0x2000bb50                . = ALIGN (0x8)
                [!provide]                PROVIDE (end, .)
                [!provide]                PROVIDE (_end, .)
                0x2000fb50                . = (. + _Min_Heap_Size)
 *fill*         0x2000bb50     0x4000 
                0x20011b50                . = (. + _Min_Stack_Size)
 *fill*         0x2000fb50     0x2000 
                0x20011b50                . = ALIGN (0x8)

/DISCARD/
 libc.a(*)
 libm.a(*)
 libgcc.a(*)

.ARM.attributes
                0x00000000       0x30
 *(.ARM.attributes)
 .ARM.attributes
                0x00000000       0x22 c:/ac6/systemworkbench/plugins/fr.ac6.mcu.externaltools.arm-none.win32_1.16.0.201807130628/tools/compiler/bin/../lib/gcc/arm-none-eabi/7.2.1/thumb/v7e-m/fpv4-sp/hard/crti.o
 .ARM.attributes
                0x00000022       0x34 c:/ac6/systemworkbench/plugins/fr.ac6.mcu.externaltools.arm-none.win32_1.16.0.201807130628/tools/compiler/bin/../lib/gcc/arm-none-eabi/7.2.1/thumb/v7e-m/fpv4-sp/hard/crtbegin.o
 .ARM.attributes
                0x00000056       0x39 Core/Src/CRC16.o
 .ARM.attributes
                0x0000008f       0x39 Core/Src/ami.o
 .ARM.attributes
                0x000000c8       0x39 Core/Src/ami_protocol.o
 .ARM.attributes
                0x00000101       0x39 Core/Src/flash_stm32f4.o
 .ARM.attributes
                0x0000013a       0x39 Core/Src/hal_func_redef.o
 .ARM.attributes
                0x00000173       0x39 Core/Src/m95m01_eeprom.o
 .ARM.attributes
                0x000001ac       0x39 Core/Src/main.o
 .ARM.attributes
                0x000001e5       0x39 Core/Src/memory.o
 .ARM.attributes
                0x0000021e       0x39 Core/Src/memory_status.o
 .ARM.attributes
                0x00000257       0x39 Core/Src/mt29fxg08_nand.o
 .ARM.attributes
                0x00000290       0x39 Core/Src/nand_block_table.o
 .ARM.attributes
                0x000002c9       0x39 Core/Src/nand_ecc.o
 .ARM.attributes
                0x00000302       0x39 Core/Src/post_module.o
 .ARM.attributes
                0x0000033b       0x39 Core/Src/stm32f4xx_hal_msp.o
 .ARM.attributes
                0x00000374       0x39 Core/Src/stm32f4xx_it.o
 .ARM.attributes
                0x000003ad       0x39 Core/Src/system_stm32f4xx.o
 .ARM.attributes
                0x000003e6       0x39 Drivers/STM32F4xx_HAL_Driver/Src/stm32f4xx_hal.o
 .ARM.attributes
                0x0000041f       0x39 Drivers/STM32F4xx_HAL_Driver/Src/stm32f4xx_hal_cortex.o
 .ARM.attributes
                0x00000458       0x39 Drivers/STM32F4xx_HAL_Driver/Src/stm32f4xx_hal_crc.o
 .ARM.attributes
                0x00000491       0x39 Drivers/STM32F4xx_HAL_Driver/Src/stm32f4xx_hal_dma.o
 .ARM.attributes
                0x000004ca       0x39 Drivers/STM32F4xx_HAL_Driver/Src/stm32f4xx_hal_flash.o
 .ARM.attributes
                0x00000503       0x39 Drivers/STM32F4xx_HAL_Driver/Src/stm32f4xx_hal_flash_ex.o
 .ARM.attributes
                0x0000053c       0x39 Drivers/STM32F4xx_HAL_Driver/Src/stm32f4xx_hal_gpio.o
 .ARM.attributes
                0x00000575       0x39 Drivers/STM32F4xx_HAL_Driver/Src/stm32f4xx_hal_iwdg.o
 .ARM.attributes
                0x000005ae       0x39 Drivers/STM32F4xx_HAL_Driver/Src/stm32f4xx_hal_nand.o
 .ARM.attributes
                0x000005e7       0x39 Drivers/STM32F4xx_HAL_Driver/Src/stm32f4xx_hal_pwr_ex.o
 .ARM.attributes
                0x00000620       0x39 Drivers/STM32F4xx_HAL_Driver/Src/stm32f4xx_hal_rcc.o
 .ARM.attributes
                0x00000659       0x39 Drivers/STM32F4xx_HAL_Driver/Src/stm32f4xx_hal_tim.o
 .ARM.attributes
                0x00000692       0x39 Drivers/STM32F4xx_HAL_Driver/Src/stm32f4xx_hal_tim_ex.o
 .ARM.attributes
                0x000006cb       0x39 Drivers/STM32F4xx_HAL_Driver/Src/stm32f4xx_hal_uart.o
 .ARM.attributes
                0x00000704       0x39 Drivers/STM32F4xx_HAL_Driver/Src/stm32f4xx_ll_fmc.o
 .ARM.attributes
                0x0000073d       0x21 startup/startup_stm32f427xx.o
 .ARM.attributes
                0x0000075e       0x22 c:/ac6/systemworkbench/plugins/fr.ac6.mcu.externaltools.arm-none.win32_1.16.0.201807130628/tools/compiler/bin/../lib/gcc/arm-none-eabi/7.2.1/thumb/v7e-m/fpv4-sp/hard\libgcc.a(_aeabi_uldivmod.o)
 .ARM.attributes
                0x00000780       0x34 c:/ac6/systemworkbench/plugins/fr.ac6.mcu.externaltools.arm-none.win32_1.16.0.201807130628/tools/compiler/bin/../lib/gcc/arm-none-eabi/7.2.1/thumb/v7e-m/fpv4-sp/hard\libgcc.a(_udivmoddi4.o)
 .ARM.attributes
                0x000007b4       0x22 c:/ac6/systemworkbench/plugins/fr.ac6.mcu.externaltools.arm-none.win32_1.16.0.201807130628/tools/compiler/bin/../lib/gcc/arm-none-eabi/7.2.1/thumb/v7e-m/fpv4-sp/hard\libgcc.a(_dvmd_tls.o)
 .ARM.attributes
                0x000007d6       0x34 c:/ac6/systemworkbench/plugins/fr.ac6.mcu.externaltools.arm-none.win32_1.16.0.201807130628/tools/compiler/bin/../lib/gcc/arm-none-eabi/7.2.1/../../../../arm-none-eabi/lib/thumb/v7e-m/fpv4-sp/hard\libc_nano.a(lib_a-init.o)
 .ARM.attributes
                0x0000080a       0x34 c:/ac6/systemworkbench/plugins/fr.ac6.mcu.externaltools.arm-none.win32_1.16.0.201807130628/tools/compiler/bin/../lib/gcc/arm-none-eabi/7.2.1/../../../../arm-none-eabi/lib/thumb/v7e-m/fpv4-sp/hard\libc_nano.a(lib_a-memcpy-stub.o)
 .ARM.attributes
                0x0000083e       0x34 c:/ac6/systemworkbench/plugins/fr.ac6.mcu.externaltools.arm-none.win32_1.16.0.201807130628/tools/compiler/bin/../lib/gcc/arm-none-eabi/7.2.1/../../../../arm-none-eabi/lib/thumb/v7e-m/fpv4-sp/hard\libc_nano.a(lib_a-memmove.o)
 .ARM.attributes
                0x00000872       0x34 c:/ac6/systemworkbench/plugins/fr.ac6.mcu.externaltools.arm-none.win32_1.16.0.201807130628/tools/compiler/bin/../lib/gcc/arm-none-eabi/7.2.1/../../../../arm-none-eabi/lib/thumb/v7e-m/fpv4-sp/hard\libc_nano.a(lib_a-memset.o)
 .ARM.attributes
                0x000008a6       0x22 c:/ac6/systemworkbench/plugins/fr.ac6.mcu.externaltools.arm-none.win32_1.16.0.201807130628/tools/compiler/bin/../lib/gcc/arm-none-eabi/7.2.1/thumb/v7e-m/fpv4-sp/hard/crtn.o
OUTPUT(Bootloader.elf elf32-littlearm)

.debug_info     0x00000000    0x27b3d
 .debug_info    0x00000000      0xa87 Core/Src/CRC16.o
 .debug_info    0x00000a87     0x1f67 Core/Src/ami.o
 .debug_info    0x000029ee      0xd09 Core/Src/ami_protocol.o
 .debug_info    0x000036f7      0xdd4 Core/Src/flash_stm32f4.o
 .debug_info    0x000044cb      0xa01 Core/Src/hal_func_redef.o
 .debug_info    0x00004ecc     0x12ce Core/Src/m95m01_eeprom.o
 .debug_info    0x0000619a     0x3437 Core/Src/main.o
 .debug_info    0x000095d1      0xbe5 Core/Src/memory.o
 .debug_info    0x0000a1b6      0xaad Core/Src/memory_status.o
 .debug_info    0x0000ac63     0x1eec Core/Src/mt29fxg08_nand.o
 .debug_info    0x0000cb4f     0x1424 Core/Src/nand_block_table.o
 .debug_info    0x0000df73      0x373 Core/Src/nand_ecc.o
 .debug_info    0x0000e2e6      0xb41 Core/Src/post_module.o
 .debug_info    0x0000ee27     0x2193 Core/Src/stm32f4xx_hal_msp.o
 .debug_info    0x00010fba     0x14f2 Core/Src/stm32f4xx_it.o
 .debug_info    0x000124ac      0xd43 Core/Src/system_stm32f4xx.o
 .debug_info    0x000131ef     0x1241 Drivers/STM32F4xx_HAL_Driver/Src/stm32f4xx_hal.o
 .debug_info    0x00014430     0x177f Drivers/STM32F4xx_HAL_Driver/Src/stm32f4xx_hal_cortex.o
 .debug_info    0x00015baf      0xc15 Drivers/STM32F4xx_HAL_Driver/Src/stm32f4xx_hal_crc.o
 .debug_info    0x000167c4     0x1286 Drivers/STM32F4xx_HAL_Driver/Src/stm32f4xx_hal_dma.o
 .debug_info    0x00017a4a      0xf5e Drivers/STM32F4xx_HAL_Driver/Src/stm32f4xx_hal_flash.o
 .debug_info    0x000189a8     0x12e1 Drivers/STM32F4xx_HAL_Driver/Src/stm32f4xx_hal_flash_ex.o
 .debug_info    0x00019c89      0xfad Drivers/STM32F4xx_HAL_Driver/Src/stm32f4xx_hal_gpio.o
 .debug_info    0x0001ac36      0xab5 Drivers/STM32F4xx_HAL_Driver/Src/stm32f4xx_hal_iwdg.o
 .debug_info    0x0001b6eb     0x199d Drivers/STM32F4xx_HAL_Driver/Src/stm32f4xx_hal_nand.o
 .debug_info    0x0001d088     0x1011 Drivers/STM32F4xx_HAL_Driver/Src/stm32f4xx_hal_pwr_ex.o
 .debug_info    0x0001e099     0x1275 Drivers/STM32F4xx_HAL_Driver/Src/stm32f4xx_hal_rcc.o
 .debug_info    0x0001f30e     0x368f Drivers/STM32F4xx_HAL_Driver/Src/stm32f4xx_hal_tim.o
 .debug_info    0x0002299d     0x1b25 Drivers/STM32F4xx_HAL_Driver/Src/stm32f4xx_hal_tim_ex.o
 .debug_info    0x000244c2     0x1f1a Drivers/STM32F4xx_HAL_Driver/Src/stm32f4xx_hal_uart.o
 .debug_info    0x000263dc     0x173f Drivers/STM32F4xx_HAL_Driver/Src/stm32f4xx_ll_fmc.o
 .debug_info    0x00027b1b       0x22 startup/startup_stm32f427xx.o

.debug_abbrev   0x00000000     0x5850
 .debug_abbrev  0x00000000      0x240 Core/Src/CRC16.o
 .debug_abbrev  0x00000240      0x434 Core/Src/ami.o
 .debug_abbrev  0x00000674      0x2dc Core/Src/ami_protocol.o
 .debug_abbrev  0x00000950      0x2ac Core/Src/flash_stm32f4.o
 .debug_abbrev  0x00000bfc      0x203 Core/Src/hal_func_redef.o
 .debug_abbrev  0x00000dff      0x397 Core/Src/m95m01_eeprom.o
 .debug_abbrev  0x00001196      0x3f5 Core/Src/main.o
 .debug_abbrev  0x0000158b      0x29d Core/Src/memory.o
 .debug_abbrev  0x00001828      0x238 Core/Src/memory_status.o
 .debug_abbrev  0x00001a60      0x40d Core/Src/mt29fxg08_nand.o
 .debug_abbrev  0x00001e6d      0x2ea Core/Src/nand_block_table.o
 .debug_abbrev  0x00002157      0x142 Core/Src/nand_ecc.o
 .debug_abbrev  0x00002299      0x261 Core/Src/post_module.o
 .debug_abbrev  0x000024fa      0x2d8 Core/Src/stm32f4xx_hal_msp.o
 .debug_abbrev  0x000027d2      0x24c Core/Src/stm32f4xx_it.o
 .debug_abbrev  0x00002a1e      0x205 Core/Src/system_stm32f4xx.o
 .debug_abbrev  0x00002c23      0x2e5 Drivers/STM32F4xx_HAL_Driver/Src/stm32f4xx_hal.o
 .debug_abbrev  0x00002f08      0x3d6 Drivers/STM32F4xx_HAL_Driver/Src/stm32f4xx_hal_cortex.o
 .debug_abbrev  0x000032de      0x29f Drivers/STM32F4xx_HAL_Driver/Src/stm32f4xx_hal_crc.o
 .debug_abbrev  0x0000357d      0x32a Drivers/STM32F4xx_HAL_Driver/Src/stm32f4xx_hal_dma.o
 .debug_abbrev  0x000038a7      0x321 Drivers/STM32F4xx_HAL_Driver/Src/stm32f4xx_hal_flash.o
 .debug_abbrev  0x00003bc8      0x333 Drivers/STM32F4xx_HAL_Driver/Src/stm32f4xx_hal_flash_ex.o
 .debug_abbrev  0x00003efb      0x2a7 Drivers/STM32F4xx_HAL_Driver/Src/stm32f4xx_hal_gpio.o
 .debug_abbrev  0x000041a2      0x221 Drivers/STM32F4xx_HAL_Driver/Src/stm32f4xx_hal_iwdg.o
 .debug_abbrev  0x000043c3      0x2f7 Drivers/STM32F4xx_HAL_Driver/Src/stm32f4xx_hal_nand.o
 .debug_abbrev  0x000046ba      0x2c5 Drivers/STM32F4xx_HAL_Driver/Src/stm32f4xx_hal_pwr_ex.o
 .debug_abbrev  0x0000497f      0x333 Drivers/STM32F4xx_HAL_Driver/Src/stm32f4xx_hal_rcc.o
 .debug_abbrev  0x00004cb2      0x2e0 Drivers/STM32F4xx_HAL_Driver/Src/stm32f4xx_hal_tim.o
 .debug_abbrev  0x00004f92      0x2e0 Drivers/STM32F4xx_HAL_Driver/Src/stm32f4xx_hal_tim_ex.o
 .debug_abbrev  0x00005272      0x344 Drivers/STM32F4xx_HAL_Driver/Src/stm32f4xx_hal_uart.o
 .debug_abbrev  0x000055b6      0x288 Drivers/STM32F4xx_HAL_Driver/Src/stm32f4xx_ll_fmc.o
 .debug_abbrev  0x0000583e       0x12 startup/startup_stm32f427xx.o

.debug_loc      0x00000000     0xde19
 .debug_loc     0x00000000      0x268 Core/Src/CRC16.o
 .debug_loc     0x00000268      0x27f Core/Src/ami.o
 .debug_loc     0x000004e7      0x141 Core/Src/ami_protocol.o
 .debug_loc     0x00000628      0x573 Core/Src/flash_stm32f4.o
 .debug_loc     0x00000b9b       0x5d Core/Src/hal_func_redef.o
 .debug_loc     0x00000bf8      0x442 Core/Src/m95m01_eeprom.o
 .debug_loc     0x0000103a      0x406 Core/Src/main.o
 .debug_loc     0x00001440      0x1a9 Core/Src/memory.o
 .debug_loc     0x000015e9       0x30 Core/Src/memory_status.o
 .debug_loc     0x00001619      0xb4f Core/Src/mt29fxg08_nand.o
 .debug_loc     0x00002168      0x180 Core/Src/nand_block_table.o
 .debug_loc     0x000022e8      0xaca Core/Src/nand_ecc.o
 .debug_loc     0x00002db2      0x2f0 Core/Src/post_module.o
 .debug_loc     0x000030a2      0x1f3 Core/Src/stm32f4xx_hal_msp.o
 .debug_loc     0x00003295      0x13e Core/Src/system_stm32f4xx.o
 .debug_loc     0x000033d3       0xfd Drivers/STM32F4xx_HAL_Driver/Src/stm32f4xx_hal.o
 .debug_loc     0x000034d0      0x5ce Drivers/STM32F4xx_HAL_Driver/Src/stm32f4xx_hal_cortex.o
 .debug_loc     0x00003a9e      0x16f Drivers/STM32F4xx_HAL_Driver/Src/stm32f4xx_hal_crc.o
 .debug_loc     0x00003c0d      0xb4e Drivers/STM32F4xx_HAL_Driver/Src/stm32f4xx_hal_dma.o
 .debug_loc     0x0000475b      0x357 Drivers/STM32F4xx_HAL_Driver/Src/stm32f4xx_hal_flash.o
 .debug_loc     0x00004ab2      0x852 Drivers/STM32F4xx_HAL_Driver/Src/stm32f4xx_hal_flash_ex.o
 .debug_loc     0x00005304      0x469 Drivers/STM32F4xx_HAL_Driver/Src/stm32f4xx_hal_gpio.o
 .debug_loc     0x0000576d       0x6b Drivers/STM32F4xx_HAL_Driver/Src/stm32f4xx_hal_iwdg.o
 .debug_loc     0x000057d8     0x1b9b Drivers/STM32F4xx_HAL_Driver/Src/stm32f4xx_hal_nand.o
 .debug_loc     0x00007373      0x13f Drivers/STM32F4xx_HAL_Driver/Src/stm32f4xx_hal_pwr_ex.o
 .debug_loc     0x000074b2      0x3f1 Drivers/STM32F4xx_HAL_Driver/Src/stm32f4xx_hal_rcc.o
 .debug_loc     0x000078a3     0x3612 Drivers/STM32F4xx_HAL_Driver/Src/stm32f4xx_hal_tim.o
 .debug_loc     0x0000aeb5      0xefe Drivers/STM32F4xx_HAL_Driver/Src/stm32f4xx_hal_tim_ex.o
 .debug_loc     0x0000bdb3     0x158b Drivers/STM32F4xx_HAL_Driver/Src/stm32f4xx_hal_uart.o
 .debug_loc     0x0000d33e      0xadb Drivers/STM32F4xx_HAL_Driver/Src/stm32f4xx_ll_fmc.o

.debug_aranges  0x00000000     0x1398
 .debug_aranges
                0x00000000       0x40 Core/Src/CRC16.o
 .debug_aranges
                0x00000040       0x98 Core/Src/ami.o
 .debug_aranges
                0x000000d8       0x38 Core/Src/ami_protocol.o
 .debug_aranges
                0x00000110       0x50 Core/Src/flash_stm32f4.o
 .debug_aranges
                0x00000160       0x28 Core/Src/hal_func_redef.o
 .debug_aranges
                0x00000188       0x80 Core/Src/m95m01_eeprom.o
 .debug_aranges
                0x00000208       0xc8 Core/Src/main.o
 .debug_aranges
                0x000002d0       0x28 Core/Src/memory.o
 .debug_aranges
                0x000002f8       0x30 Core/Src/memory_status.o
 .debug_aranges
                0x00000328       0xa8 Core/Src/mt29fxg08_nand.o
 .debug_aranges
                0x000003d0       0x60 Core/Src/nand_block_table.o
 .debug_aranges
                0x00000430       0x30 Core/Src/nand_ecc.o
 .debug_aranges
                0x00000460       0x30 Core/Src/post_module.o
 .debug_aranges
                0x00000490       0x78 Core/Src/stm32f4xx_hal_msp.o
 .debug_aranges
                0x00000508       0xa8 Core/Src/stm32f4xx_it.o
 .debug_aranges
                0x000005b0       0x28 Core/Src/system_stm32f4xx.o
 .debug_aranges
                0x000005d8       0xf0 Drivers/STM32F4xx_HAL_Driver/Src/stm32f4xx_hal.o
 .debug_aranges
                0x000006c8       0xa8 Drivers/STM32F4xx_HAL_Driver/Src/stm32f4xx_hal_cortex.o
 .debug_aranges
                0x00000770       0x50 Drivers/STM32F4xx_HAL_Driver/Src/stm32f4xx_hal_crc.o
 .debug_aranges
                0x000007c0       0x90 Drivers/STM32F4xx_HAL_Driver/Src/stm32f4xx_hal_dma.o
 .debug_aranges
                0x00000850       0xa0 Drivers/STM32F4xx_HAL_Driver/Src/stm32f4xx_hal_flash.o
 .debug_aranges
                0x000008f0       0xd8 Drivers/STM32F4xx_HAL_Driver/Src/stm32f4xx_hal_flash_ex.o
 .debug_aranges
                0x000009c8       0x58 Drivers/STM32F4xx_HAL_Driver/Src/stm32f4xx_hal_gpio.o
 .debug_aranges
                0x00000a20       0x28 Drivers/STM32F4xx_HAL_Driver/Src/stm32f4xx_hal_iwdg.o
 .debug_aranges
                0x00000a48       0xd8 Drivers/STM32F4xx_HAL_Driver/Src/stm32f4xx_hal_nand.o
 .debug_aranges
                0x00000b20       0x60 Drivers/STM32F4xx_HAL_Driver/Src/stm32f4xx_hal_pwr_ex.o
 .debug_aranges
                0x00000b80       0x88 Drivers/STM32F4xx_HAL_Driver/Src/stm32f4xx_hal_rcc.o
 .debug_aranges
                0x00000c08      0x368 Drivers/STM32F4xx_HAL_Driver/Src/stm32f4xx_hal_tim.o
 .debug_aranges
                0x00000f70      0x140 Drivers/STM32F4xx_HAL_Driver/Src/stm32f4xx_hal_tim_ex.o
 .debug_aranges
                0x000010b0      0x1d0 Drivers/STM32F4xx_HAL_Driver/Src/stm32f4xx_hal_uart.o
 .debug_aranges
                0x00001280       0xf0 Drivers/STM32F4xx_HAL_Driver/Src/stm32f4xx_ll_fmc.o
 .debug_aranges
                0x00001370       0x28 startup/startup_stm32f427xx.o

.debug_ranges   0x00000000     0x12d8
 .debug_ranges  0x00000000       0x30 Core/Src/CRC16.o
 .debug_ranges  0x00000030       0x88 Core/Src/ami.o
 .debug_ranges  0x000000b8       0x40 Core/Src/ami_protocol.o
 .debug_ranges  0x000000f8       0x40 Core/Src/flash_stm32f4.o
 .debug_ranges  0x00000138       0x18 Core/Src/hal_func_redef.o
 .debug_ranges  0x00000150       0x88 Core/Src/m95m01_eeprom.o
 .debug_ranges  0x000001d8       0xb8 Core/Src/main.o
 .debug_ranges  0x00000290       0x18 Core/Src/memory.o
 .debug_ranges  0x000002a8       0x20 Core/Src/memory_status.o
 .debug_ranges  0x000002c8       0xe0 Core/Src/mt29fxg08_nand.o
 .debug_ranges  0x000003a8       0x80 Core/Src/nand_block_table.o
 .debug_ranges  0x00000428       0x38 Core/Src/nand_ecc.o
 .debug_ranges  0x00000460       0x20 Core/Src/post_module.o
 .debug_ranges  0x00000480       0x68 Core/Src/stm32f4xx_hal_msp.o
 .debug_ranges  0x000004e8       0x98 Core/Src/stm32f4xx_it.o
 .debug_ranges  0x00000580       0x18 Core/Src/system_stm32f4xx.o
 .debug_ranges  0x00000598       0xe0 Drivers/STM32F4xx_HAL_Driver/Src/stm32f4xx_hal.o
 .debug_ranges  0x00000678       0xf8 Drivers/STM32F4xx_HAL_Driver/Src/stm32f4xx_hal_cortex.o
 .debug_ranges  0x00000770       0x40 Drivers/STM32F4xx_HAL_Driver/Src/stm32f4xx_hal_crc.o
 .debug_ranges  0x000007b0       0x80 Drivers/STM32F4xx_HAL_Driver/Src/stm32f4xx_hal_dma.o
 .debug_ranges  0x00000830       0x90 Drivers/STM32F4xx_HAL_Driver/Src/stm32f4xx_hal_flash.o
 .debug_ranges  0x000008c0       0xc8 Drivers/STM32F4xx_HAL_Driver/Src/stm32f4xx_hal_flash_ex.o
 .debug_ranges  0x00000988       0x48 Drivers/STM32F4xx_HAL_Driver/Src/stm32f4xx_hal_gpio.o
 .debug_ranges  0x000009d0       0x18 Drivers/STM32F4xx_HAL_Driver/Src/stm32f4xx_hal_iwdg.o
 .debug_ranges  0x000009e8       0xc8 Drivers/STM32F4xx_HAL_Driver/Src/stm32f4xx_hal_nand.o
 .debug_ranges  0x00000ab0       0x50 Drivers/STM32F4xx_HAL_Driver/Src/stm32f4xx_hal_pwr_ex.o
 .debug_ranges  0x00000b00       0x90 Drivers/STM32F4xx_HAL_Driver/Src/stm32f4xx_hal_rcc.o
 .debug_ranges  0x00000b90      0x358 Drivers/STM32F4xx_HAL_Driver/Src/stm32f4xx_hal_tim.o
 .debug_ranges  0x00000ee8      0x130 Drivers/STM32F4xx_HAL_Driver/Src/stm32f4xx_hal_tim_ex.o
 .debug_ranges  0x00001018      0x1c0 Drivers/STM32F4xx_HAL_Driver/Src/stm32f4xx_hal_uart.o
 .debug_ranges  0x000011d8       0xe0 Drivers/STM32F4xx_HAL_Driver/Src/stm32f4xx_ll_fmc.o
 .debug_ranges  0x000012b8       0x20 startup/startup_stm32f427xx.o

.debug_macro    0x00000000    0x27fdb
 .debug_macro   0x00000000      0x16a Core/Src/CRC16.o
 .debug_macro   0x0000016a      0xa66 Core/Src/CRC16.o
 .debug_macro   0x00000bd0       0x22 Core/Src/CRC16.o
 .debug_macro   0x00000bf2       0x4f Core/Src/CRC16.o
 .debug_macro   0x00000c41       0x51 Core/Src/CRC16.o
 .debug_macro   0x00000c92       0xef Core/Src/CRC16.o
 .debug_macro   0x00000d81       0x6a Core/Src/CRC16.o
 .debug_macro   0x00000deb      0x1df Core/Src/CRC16.o
 .debug_macro   0x00000fca       0x58 Core/Src/CRC16.o
 .debug_macro   0x00001022       0x17 Core/Src/CRC16.o
 .debug_macro   0x00001039       0x35 Core/Src/CRC16.o
 .debug_macro   0x0000106e       0x9c Core/Src/CRC16.o
 .debug_macro   0x0000110a       0x16 Core/Src/CRC16.o
 .debug_macro   0x00001120       0x97 Core/Src/CRC16.o
 .debug_macro   0x000011b7      0x330 Core/Src/CRC16.o
 .debug_macro   0x000014e7       0xfd Core/Src/CRC16.o
 .debug_macro   0x000015e4       0x10 Core/Src/CRC16.o
 .debug_macro   0x000015f4       0x58 Core/Src/CRC16.o
 .debug_macro   0x0000164c       0x1f Core/Src/CRC16.o
 .debug_macro   0x0000166b       0x43 Core/Src/CRC16.o
 .debug_macro   0x000016ae       0x20 Core/Src/CRC16.o
 .debug_macro   0x000016ce      0x18e Core/Src/CRC16.o
 .debug_macro   0x0000185c       0x10 Core/Src/CRC16.o
 .debug_macro   0x0000186c       0xb6 Core/Src/CRC16.o
 .debug_macro   0x00001922       0x16 Core/Src/CRC16.o
 .debug_macro   0x00001938      0x129 Core/Src/CRC16.o
 .debug_macro   0x00001a61       0x22 Core/Src/CRC16.o
 .debug_macro   0x00001a83      0x3e4 Core/Src/ami.o
 .debug_macro   0x00001e67      0x19e Core/Src/ami.o
 .debug_macro   0x00002005       0x32 Core/Src/ami.o
 .debug_macro   0x00002037       0x28 Core/Src/ami.o
 .debug_macro   0x0000205f       0x35 Core/Src/ami.o
 .debug_macro   0x00002094       0x50 Core/Src/ami.o
 .debug_macro   0x000020e4      0xe66 Core/Src/ami.o
 .debug_macro   0x00002f4a    0x17721 Core/Src/ami.o
 .debug_macro   0x0001a66b       0x43 Core/Src/ami.o
 .debug_macro   0x0001a6ae     0x35a5 Core/Src/ami.o
 .debug_macro   0x0001dc53       0x50 Core/Src/ami.o
 .debug_macro   0x0001dca3      0xc6d Core/Src/ami.o
 .debug_macro   0x0001e910      0xa02 Core/Src/ami.o
 .debug_macro   0x0001f312      0x11e Core/Src/ami.o
 .debug_macro   0x0001f430      0x16f Core/Src/ami.o
 .debug_macro   0x0001f59f       0x27 Core/Src/ami.o
 .debug_macro   0x0001f5c6      0x287 Core/Src/ami.o
 .debug_macro   0x0001f84d       0x5f Core/Src/ami.o
 .debug_macro   0x0001f8ac      0x23a Core/Src/ami.o
 .debug_macro   0x0001fae6       0x23 Core/Src/ami.o
 .debug_macro   0x0001fb09      0x13a Core/Src/ami.o
 .debug_macro   0x0001fc43      0x41d Core/Src/ami.o
 .debug_macro   0x00020060       0x2e Core/Src/ami.o
 .debug_macro   0x0002008e      0x582 Core/Src/ami.o
 .debug_macro   0x00020610       0xe4 Core/Src/ami.o
 .debug_macro   0x000206f4       0x79 Core/Src/ami.o
 .debug_macro   0x0002076d      0x11e Core/Src/ami.o
 .debug_macro   0x0002088b       0xe2 Core/Src/ami.o
 .debug_macro   0x0002096d       0x89 Core/Src/ami.o
 .debug_macro   0x000209f6      0x202 Core/Src/ami.o
 .debug_macro   0x00020bf8      0x6e0 Core/Src/ami.o
 .debug_macro   0x000212d8       0x59 Core/Src/ami.o
 .debug_macro   0x00021331      0x14d Core/Src/ami.o
 .debug_macro   0x0002147e      0x287 Core/Src/ami.o
 .debug_macro   0x00021705      0x1df Core/Src/ami.o
 .debug_macro   0x000218e4      0x115 Core/Src/ami.o
 .debug_macro   0x000219f9      0x13b Core/Src/ami.o
 .debug_macro   0x00021b34       0x58 Core/Src/ami.o
 .debug_macro   0x00021b8c       0x16 Core/Src/ami.o
 .debug_macro   0x00021ba2       0x35 Core/Src/ami.o
 .debug_macro   0x00021bd7       0x7c Core/Src/ami.o
 .debug_macro   0x00021c53       0x2e Core/Src/ami.o
 .debug_macro   0x00021c81       0x6a Core/Src/ami.o
 .debug_macro   0x00021ceb       0x9a Core/Src/ami.o
 .debug_macro   0x00021d85       0x4c Core/Src/ami.o
 .debug_macro   0x00021dd1       0x94 Core/Src/ami.o
 .debug_macro   0x00021e65       0x1c Core/Src/ami.o
 .debug_macro   0x00021e81      0x3dd Core/Src/ami_protocol.o
 .debug_macro   0x0002225e      0x174 Core/Src/ami_protocol.o
 .debug_macro   0x000223d2       0x10 Core/Src/ami_protocol.o
 .debug_macro   0x000223e2       0x3b Core/Src/ami_protocol.o
 .debug_macro   0x0002241d       0x1c Core/Src/ami_protocol.o
 .debug_macro   0x00022439       0x34 Core/Src/ami_protocol.o
 .debug_macro   0x0002246d       0x76 Core/Src/ami_protocol.o
 .debug_macro   0x000224e3      0x330 Core/Src/flash_stm32f4.o
 .debug_macro   0x00022813       0x94 Core/Src/flash_stm32f4.o
 .debug_macro   0x000228a7      0x321 Core/Src/hal_func_redef.o
 .debug_macro   0x00022bc8      0x352 Core/Src/m95m01_eeprom.o
 .debug_macro   0x00022f1a      0x3ea Core/Src/main.o
 .debug_macro   0x00023304      0x3a3 Core/Src/memory.o
 .debug_macro   0x000236a7      0x39f Core/Src/memory_status.o
 .debug_macro   0x00023a46      0x3a7 Core/Src/mt29fxg08_nand.o
 .debug_macro   0x00023ded      0x39d Core/Src/nand_block_table.o
 .debug_macro   0x0002418a       0x52 Core/Src/nand_block_table.o
 .debug_macro   0x000241dc       0x55 Core/Src/nand_block_table.o
 .debug_macro   0x00024231       0x57 Core/Src/nand_block_table.o
 .debug_macro   0x00024288       0x1b Core/Src/nand_ecc.o
 .debug_macro   0x000242a3      0x372 Core/Src/post_module.o
 .debug_macro   0x00024615      0x321 Core/Src/stm32f4xx_hal_msp.o
 .debug_macro   0x00024936      0x396 Core/Src/stm32f4xx_it.o
 .debug_macro   0x00024ccc      0x332 Core/Src/system_stm32f4xx.o
 .debug_macro   0x00024ffe      0x381 Drivers/STM32F4xx_HAL_Driver/Src/stm32f4xx_hal.o
 .debug_macro   0x0002537f      0x321 Drivers/STM32F4xx_HAL_Driver/Src/stm32f4xx_hal_cortex.o
 .debug_macro   0x000256a0      0x321 Drivers/STM32F4xx_HAL_Driver/Src/stm32f4xx_hal_crc.o
 .debug_macro   0x000259c1      0x328 Drivers/STM32F4xx_HAL_Driver/Src/stm32f4xx_hal_dma.o
 .debug_macro   0x00025ce9      0x327 Drivers/STM32F4xx_HAL_Driver/Src/stm32f4xx_hal_flash.o
 .debug_macro   0x00026010      0x327 Drivers/STM32F4xx_HAL_Driver/Src/stm32f4xx_hal_flash_ex.o
 .debug_macro   0x00026337      0x359 Drivers/STM32F4xx_HAL_Driver/Src/stm32f4xx_hal_gpio.o
 .debug_macro   0x00026690      0x327 Drivers/STM32F4xx_HAL_Driver/Src/stm32f4xx_hal_iwdg.o
 .debug_macro   0x000269b7      0x321 Drivers/STM32F4xx_HAL_Driver/Src/stm32f4xx_hal_nand.o
 .debug_macro   0x00026cd8      0x339 Drivers/STM32F4xx_HAL_Driver/Src/stm32f4xx_hal_pwr_ex.o
 .debug_macro   0x00027011      0x345 Drivers/STM32F4xx_HAL_Driver/Src/stm32f4xx_hal_rcc.o
 .debug_macro   0x00027356      0x321 Drivers/STM32F4xx_HAL_Driver/Src/stm32f4xx_hal_tim.o
 .debug_macro   0x00027677      0x321 Drivers/STM32F4xx_HAL_Driver/Src/stm32f4xx_hal_tim_ex.o
 .debug_macro   0x00027998      0x322 Drivers/STM32F4xx_HAL_Driver/Src/stm32f4xx_hal_uart.o
 .debug_macro   0x00027cba      0x321 Drivers/STM32F4xx_HAL_Driver/Src/stm32f4xx_ll_fmc.o

.debug_line     0x00000000    0x139ed
 .debug_line    0x00000000      0x414 Core/Src/CRC16.o
 .debug_line    0x00000414      0xad0 Core/Src/ami.o
 .debug_line    0x00000ee4      0x946 Core/Src/ami_protocol.o
 .debug_line    0x0000182a      0x8cd Core/Src/flash_stm32f4.o
 .debug_line    0x000020f7      0x7d3 Core/Src/hal_func_redef.o
 .debug_line    0x000028ca      0x96a Core/Src/m95m01_eeprom.o
 .debug_line    0x00003234      0xc54 Core/Src/main.o
 .debug_line    0x00003e88      0x8c3 Core/Src/memory.o
 .debug_line    0x0000474b      0x895 Core/Src/memory_status.o
 .debug_line    0x00004fe0      0xb20 Core/Src/mt29fxg08_nand.o
 .debug_line    0x00005b00      0x97e Core/Src/nand_block_table.o
 .debug_line    0x0000647e      0x152 Core/Src/nand_ecc.o
 .debug_line    0x000065d0      0x848 Core/Src/post_module.o
 .debug_line    0x00006e18      0x972 Core/Src/stm32f4xx_hal_msp.o
 .debug_line    0x0000778a      0x98f Core/Src/stm32f4xx_it.o
 .debug_line    0x00008119      0x7f0 Core/Src/system_stm32f4xx.o
 .debug_line    0x00008909      0x9c7 Drivers/STM32F4xx_HAL_Driver/Src/stm32f4xx_hal.o
 .debug_line    0x000092d0      0x9ff Drivers/STM32F4xx_HAL_Driver/Src/stm32f4xx_hal_cortex.o
 .debug_line    0x00009ccf      0x8c1 Drivers/STM32F4xx_HAL_Driver/Src/stm32f4xx_hal_crc.o
 .debug_line    0x0000a590      0xaed Drivers/STM32F4xx_HAL_Driver/Src/stm32f4xx_hal_dma.o
 .debug_line    0x0000b07d      0x9bf Drivers/STM32F4xx_HAL_Driver/Src/stm32f4xx_hal_flash.o
 .debug_line    0x0000ba3c      0xad1 Drivers/STM32F4xx_HAL_Driver/Src/stm32f4xx_hal_flash_ex.o
 .debug_line    0x0000c50d      0x95d Drivers/STM32F4xx_HAL_Driver/Src/stm32f4xx_hal_gpio.o
 .debug_line    0x0000ce6a      0x7fc Drivers/STM32F4xx_HAL_Driver/Src/stm32f4xx_hal_iwdg.o
 .debug_line    0x0000d666      0xe40 Drivers/STM32F4xx_HAL_Driver/Src/stm32f4xx_hal_nand.o
 .debug_line    0x0000e4a6      0x8bf Drivers/STM32F4xx_HAL_Driver/Src/stm32f4xx_hal_pwr_ex.o
 .debug_line    0x0000ed65      0xa39 Drivers/STM32F4xx_HAL_Driver/Src/stm32f4xx_hal_rcc.o
 .debug_line    0x0000f79e     0x1839 Drivers/STM32F4xx_HAL_Driver/Src/stm32f4xx_hal_tim.o
 .debug_line    0x00010fd7      0xd7f Drivers/STM32F4xx_HAL_Driver/Src/stm32f4xx_hal_tim_ex.o
 .debug_line    0x00011d56     0x10cf Drivers/STM32F4xx_HAL_Driver/Src/stm32f4xx_hal_uart.o
 .debug_line    0x00012e25      0xb48 Drivers/STM32F4xx_HAL_Driver/Src/stm32f4xx_ll_fmc.o
 .debug_line    0x0001396d       0x80 startup/startup_stm32f427xx.o

.debug_str      0x00000000    0xd943c
 .debug_str     0x00000000     0x70b6 Core/Src/CRC16.o
                               0x7327 (size before relaxing)
 .debug_str     0x000070b6    0xcd4ba Core/Src/ami.o
                              0xd48ca (size before relaxing)
 .debug_str     0x000d4570      0x212 Core/Src/ami_protocol.o
                              0xd3a91 (size before relaxing)
 .debug_str     0x000d4782      0x1d4 Core/Src/flash_stm32f4.o
                              0xd2d61 (size before relaxing)
 .debug_str     0x000d4956       0x48 Core/Src/hal_func_redef.o
                              0xd27aa (size before relaxing)
 .debug_str     0x000d499e      0x2ad Core/Src/m95m01_eeprom.o
                              0xd2b8e (size before relaxing)
 .debug_str     0x000d4c4b      0xafe Core/Src/main.o
                              0xd53dc (size before relaxing)
 .debug_str     0x000d5749      0x12c Core/Src/memory.o
                              0xd3701 (size before relaxing)
 .debug_str     0x000d5875       0x50 Core/Src/memory_status.o
                              0xd3630 (size before relaxing)
 .debug_str     0x000d58c5      0x37b Core/Src/mt29fxg08_nand.o
                              0xd401b (size before relaxing)
 .debug_str     0x000d5c40       0x72 Core/Src/nand_block_table.o
                              0xd3ba6 (size before relaxing)
 .debug_str     0x000d5cb2       0xd3 Core/Src/nand_ecc.o
                               0x2ea3 (size before relaxing)
 .debug_str     0x000d5d85       0xab Core/Src/post_module.o
                              0xd2b52 (size before relaxing)
 .debug_str     0x000d5e30      0x14c Core/Src/stm32f4xx_hal_msp.o
                              0xd3865 (size before relaxing)
 .debug_str     0x000d5f7c      0x1c3 Core/Src/stm32f4xx_it.o
                              0xd3f42 (size before relaxing)
 .debug_str     0x000d613f       0xc4 Core/Src/system_stm32f4xx.o
                              0xd2911 (size before relaxing)
 .debug_str     0x000d6203      0x587 Drivers/STM32F4xx_HAL_Driver/Src/stm32f4xx_hal.o
                              0xd3503 (size before relaxing)
 .debug_str     0x000d678a      0x2e5 Drivers/STM32F4xx_HAL_Driver/Src/stm32f4xx_hal_cortex.o
                              0xd31f7 (size before relaxing)
 .debug_str     0x000d6a6f       0x7e Drivers/STM32F4xx_HAL_Driver/Src/stm32f4xx_hal_crc.o
                              0xd293e (size before relaxing)
 .debug_str     0x000d6aed      0x294 Drivers/STM32F4xx_HAL_Driver/Src/stm32f4xx_hal_dma.o
                              0xd2d2e (size before relaxing)
 .debug_str     0x000d6d81      0x28c Drivers/STM32F4xx_HAL_Driver/Src/stm32f4xx_hal_flash.o
                              0xd2aff (size before relaxing)
 .debug_str     0x000d700d      0x2fd Drivers/STM32F4xx_HAL_Driver/Src/stm32f4xx_hal_flash_ex.o
                              0xd2c8c (size before relaxing)
 .debug_str     0x000d730a      0x1d7 Drivers/STM32F4xx_HAL_Driver/Src/stm32f4xx_hal_gpio.o
                              0xd2b50 (size before relaxing)
 .debug_str     0x000d74e1       0x56 Drivers/STM32F4xx_HAL_Driver/Src/stm32f4xx_hal_iwdg.o
                              0xd285d (size before relaxing)
 .debug_str     0x000d7537      0x2a8 Drivers/STM32F4xx_HAL_Driver/Src/stm32f4xx_hal_nand.o
                              0xd2e67 (size before relaxing)
 .debug_str     0x000d77df      0x141 Drivers/STM32F4xx_HAL_Driver/Src/stm32f4xx_hal_pwr_ex.o
                              0xd2b0c (size before relaxing)
 .debug_str     0x000d7920      0x1c8 Drivers/STM32F4xx_HAL_Driver/Src/stm32f4xx_hal_rcc.o
                              0xd2d1a (size before relaxing)
 .debug_str     0x000d7ae8      0xb5d Drivers/STM32F4xx_HAL_Driver/Src/stm32f4xx_hal_tim.o
                              0xd3945 (size before relaxing)
 .debug_str     0x000d8645      0x3de Drivers/STM32F4xx_HAL_Driver/Src/stm32f4xx_hal_tim_ex.o
                              0xd3205 (size before relaxing)
 .debug_str     0x000d8a23      0x44a Drivers/STM32F4xx_HAL_Driver/Src/stm32f4xx_hal_uart.o
                              0xd3182 (size before relaxing)
 .debug_str     0x000d8e6d      0x556 Drivers/STM32F4xx_HAL_Driver/Src/stm32f4xx_ll_fmc.o
                              0xd2f5f (size before relaxing)
 .debug_str     0x000d93c3       0x79 startup/startup_stm32f427xx.o

.comment        0x00000000       0x7e
 .comment       0x00000000       0x7e Core/Src/CRC16.o
                                 0x7f (size before relaxing)
 .comment       0x0000007e       0x7f Core/Src/ami.o
 .comment       0x0000007e       0x7f Core/Src/ami_protocol.o
 .comment       0x0000007e       0x7f Core/Src/flash_stm32f4.o
 .comment       0x0000007e       0x7f Core/Src/hal_func_redef.o
 .comment       0x0000007e       0x7f Core/Src/m95m01_eeprom.o
 .comment       0x0000007e       0x7f Core/Src/main.o
 .comment       0x0000007e       0x7f Core/Src/memory.o
 .comment       0x0000007e       0x7f Core/Src/memory_status.o
 .comment       0x0000007e       0x7f Core/Src/mt29fxg08_nand.o
 .comment       0x0000007e       0x7f Core/Src/nand_block_table.o
 .comment       0x0000007e       0x7f Core/Src/nand_ecc.o
 .comment       0x0000007e       0x7f Core/Src/post_module.o
 .comment       0x0000007e       0x7f Core/Src/stm32f4xx_hal_msp.o
 .comment       0x0000007e       0x7f Core/Src/stm32f4xx_it.o
 .comment       0x0000007e       0x7f Core/Src/system_stm32f4xx.o
 .comment       0x0000007e       0x7f Drivers/STM32F4xx_HAL_Driver/Src/stm32f4xx_hal.o
 .comment       0x0000007e       0x7f Drivers/STM32F4xx_HAL_Driver/Src/stm32f4xx_hal_cortex.o
 .comment       0x0000007e       0x7f Drivers/STM32F4xx_HAL_Driver/Src/stm32f4xx_hal_crc.o
 .comment       0x0000007e       0x7f Drivers/STM32F4xx_HAL_Driver/Src/stm32f4xx_hal_dma.o
 .comment       0x0000007e       0x7f Drivers/STM32F4xx_HAL_Driver/Src/stm32f4xx_hal_flash.o
 .comment       0x0000007e       0x7f Drivers/STM32F4xx_HAL_Driver/Src/stm32f4xx_hal_flash_ex.o
 .comment       0x0000007e       0x7f Drivers/STM32F4xx_HAL_Driver/Src/stm32f4xx_hal_gpio.o
 .comment       0x0000007e       0x7f Drivers/STM32F4xx_HAL_Driver/Src/stm32f4xx_hal_iwdg.o
 .comment       0x0000007e       0x7f Drivers/STM32F4xx_HAL_Driver/Src/stm32f4xx_hal_nand.o
 .comment       0x0000007e       0x7f Drivers/STM32F4xx_HAL_Driver/Src/stm32f4xx_hal_pwr_ex.o
 .comment       0x0000007e       0x7f Drivers/STM32F4xx_HAL_Driver/Src/stm32f4xx_hal_rcc.o
 .comment       0x0000007e       0x7f Drivers/STM32F4xx_HAL_Driver/Src/stm32f4xx_hal_tim.o
 .comment       0x0000007e       0x7f Drivers/STM32F4xx_HAL_Driver/Src/stm32f4xx_hal_tim_ex.o
 .comment       0x0000007e       0x7f Drivers/STM32F4xx_HAL_Driver/Src/stm32f4xx_hal_uart.o
 .comment       0x0000007e       0x7f Drivers/STM32F4xx_HAL_Driver/Src/stm32f4xx_ll_fmc.o

.debug_frame    0x00000000     0x34c4
 .debug_frame   0x00000000       0x8c Core/Src/CRC16.o
 .debug_frame   0x0000008c      0x190 Core/Src/ami.o
 .debug_frame   0x0000021c       0x70 Core/Src/ami_protocol.o
 .debug_frame   0x0000028c       0xc0 Core/Src/flash_stm32f4.o