Archive member included to satisfy reference by file (symbol)

c:/ac6/systemworkbench/plugins/fr.ac6.mcu.externaltools.arm-none.win32_1.17.0.201812190825/tools/compiler/bin/../lib/gcc/arm-none-eabi/7.3.1/thumb/v7e-m/fpv4-sp/hard\libgcc.a(_aeabi_ldivmod.o)
                              Drivers/STM32F4xx_HAL_Driver/Src/stm32f4xx_hal_rcc.o (__aeabi_ldivmod)
c:/ac6/systemworkbench/plugins/fr.ac6.mcu.externaltools.arm-none.win32_1.17.0.201812190825/tools/compiler/bin/../lib/gcc/arm-none-eabi/7.3.1/thumb/v7e-m/fpv4-sp/hard\libgcc.a(_aeabi_uldivmod.o)
                              Drivers/STM32F4xx_HAL_Driver/Src/stm32f4xx_hal_rcc.o (__aeabi_uldivmod)
c:/ac6/systemworkbench/plugins/fr.ac6.mcu.externaltools.arm-none.win32_1.17.0.201812190825/tools/compiler/bin/../lib/gcc/arm-none-eabi/7.3.1/thumb/v7e-m/fpv4-sp/hard\libgcc.a(_udivmoddi4.o)
                              c:/ac6/systemworkbench/plugins/fr.ac6.mcu.externaltools.arm-none.win32_1.17.0.201812190825/tools/compiler/bin/../lib/gcc/arm-none-eabi/7.3.1/thumb/v7e-m/fpv4-sp/hard\libgcc.a(_aeabi_ldivmod.o) (__udivmoddi4)
c:/ac6/systemworkbench/plugins/fr.ac6.mcu.externaltools.arm-none.win32_1.17.0.201812190825/tools/compiler/bin/../lib/gcc/arm-none-eabi/7.3.1/thumb/v7e-m/fpv4-sp/hard\libgcc.a(_dvmd_tls.o)
                              c:/ac6/systemworkbench/plugins/fr.ac6.mcu.externaltools.arm-none.win32_1.17.0.201812190825/tools/compiler/bin/../lib/gcc/arm-none-eabi/7.3.1/thumb/v7e-m/fpv4-sp/hard\libgcc.a(_aeabi_ldivmod.o) (__aeabi_ldiv0)
c:/ac6/systemworkbench/plugins/fr.ac6.mcu.externaltools.arm-none.win32_1.17.0.201812190825/tools/compiler/bin/../lib/gcc/arm-none-eabi/7.3.1/../../../../arm-none-eabi/lib/thumb/v7e-m/fpv4-sp/hard\libc_nano.a(lib_a-exit.o)
                              c:/ac6/systemworkbench/plugins/fr.ac6.mcu.externaltools.arm-none.win32_1.17.0.201812190825/tools/compiler/bin/../lib/gcc/arm-none-eabi/7.3.1/../../../../arm-none-eabi/lib/thumb/v7e-m/fpv4-sp/hard/crt0.o (exit)
c:/ac6/systemworkbench/plugins/fr.ac6.mcu.externaltools.arm-none.win32_1.17.0.201812190825/tools/compiler/bin/../lib/gcc/arm-none-eabi/7.3.1/../../../../arm-none-eabi/lib/thumb/v7e-m/fpv4-sp/hard\libc_nano.a(lib_a-impure.o)
                              c:/ac6/systemworkbench/plugins/fr.ac6.mcu.externaltools.arm-none.win32_1.17.0.201812190825/tools/compiler/bin/../lib/gcc/arm-none-eabi/7.3.1/../../../../arm-none-eabi/lib/thumb/v7e-m/fpv4-sp/hard\libc_nano.a(lib_a-exit.o) (_global_impure_ptr)
c:/ac6/systemworkbench/plugins/fr.ac6.mcu.externaltools.arm-none.win32_1.17.0.201812190825/tools/compiler/bin/../lib/gcc/arm-none-eabi/7.3.1/../../../../arm-none-eabi/lib/thumb/v7e-m/fpv4-sp/hard\libc_nano.a(lib_a-init.o)
                              c:/ac6/systemworkbench/plugins/fr.ac6.mcu.externaltools.arm-none.win32_1.17.0.201812190825/tools/compiler/bin/../lib/gcc/arm-none-eabi/7.3.1/../../../../arm-none-eabi/lib/thumb/v7e-m/fpv4-sp/hard/crt0.o (__libc_init_array)
c:/ac6/systemworkbench/plugins/fr.ac6.mcu.externaltools.arm-none.win32_1.17.0.201812190825/tools/compiler/bin/../lib/gcc/arm-none-eabi/7.3.1/../../../../arm-none-eabi/lib/thumb/v7e-m/fpv4-sp/hard\libc_nano.a(lib_a-memcpy-stub.o)
                              Core/Src/ami.o (memcpy)
c:/ac6/systemworkbench/plugins/fr.ac6.mcu.externaltools.arm-none.win32_1.17.0.201812190825/tools/compiler/bin/../lib/gcc/arm-none-eabi/7.3.1/../../../../arm-none-eabi/lib/thumb/v7e-m/fpv4-sp/hard\libc_nano.a(lib_a-memmove.o)
                              Core/Src/ami_protocol.o (memmove)
c:/ac6/systemworkbench/plugins/fr.ac6.mcu.externaltools.arm-none.win32_1.17.0.201812190825/tools/compiler/bin/../lib/gcc/arm-none-eabi/7.3.1/../../../../arm-none-eabi/lib/thumb/v7e-m/fpv4-sp/hard\libc_nano.a(lib_a-memset.o)
                              c:/ac6/systemworkbench/plugins/fr.ac6.mcu.externaltools.arm-none.win32_1.17.0.201812190825/tools/compiler/bin/../lib/gcc/arm-none-eabi/7.3.1/../../../../arm-none-eabi/lib/thumb/v7e-m/fpv4-sp/hard/crt0.o (memset)
c:/ac6/systemworkbench/plugins/fr.ac6.mcu.externaltools.arm-none.win32_1.17.0.201812190825/tools/compiler/bin/../lib/gcc/arm-none-eabi/7.3.1/../../../../arm-none-eabi/lib/thumb/v7e-m/fpv4-sp/hard\libnosys.a(_exit.o)
                              c:/ac6/systemworkbench/plugins/fr.ac6.mcu.externaltools.arm-none.win32_1.17.0.201812190825/tools/compiler/bin/../lib/gcc/arm-none-eabi/7.3.1/../../../../arm-none-eabi/lib/thumb/v7e-m/fpv4-sp/hard\libc_nano.a(lib_a-exit.o) (_exit)

Allocating common symbols
Common symbol       size              file

BlockTable_EEP      0x80c             Core/Src/nand_block_table.o
suspend_len         0x2               Core/Src/post_module.o
BlockTable_NAND     0x80c             Core/Src/nand_block_table.o
nand_buf            0x1000            Core/Src/memory.o
hdma_memtomem_dma2_stream0
                    0x60              Core/Src/main.o
ami_Buffer_rx       0x2000            Core/Src/ami.o
htim10              0x3c              Core/Src/main.o
[...]
Memory Configuration

Name             Origin             Length             Attributes
RAM              0x20000000         0x00030000         xrw
CCMRAM           0x10000000         0x00010000         rw
FLASH_BOOTLOADER 0x08000000         0x00008000         xr
*default*        0x00000000         0xffffffff

Linker script and memory map

LOAD c:/ac6/systemworkbench/plugins/fr.ac6.mcu.externaltools.arm-none.win32_1.17.0.201812190825/tools/compiler/bin/../lib/gcc/arm-none-eabi/7.3.1/thumb/v7e-m/fpv4-sp/hard/crti.o
LOAD c:/ac6/systemworkbench/plugins/fr.ac6.mcu.externaltools.arm-none.win32_1.17.0.201812190825/tools/compiler/bin/../lib/gcc/arm-none-eabi/7.3.1/thumb/v7e-m/fpv4-sp/hard/crtbegin.o
LOAD c:/ac6/systemworkbench/plugins/fr.ac6.mcu.externaltools.arm-none.win32_1.17.0.201812190825/tools/compiler/bin/../lib/gcc/arm-none-eabi/7.3.1/../../../../arm-none-eabi/lib/thumb/v7e-m/fpv4-sp/hard/crt0.o
LOAD Core/Src/CRC16.o
LOAD Core/Src/ami.o
LOAD Core/Src/ami_protocol.o
LOAD Core/Src/flash_stm32f4.o
LOAD Core/Src/hal_func_redef.o
LOAD Core/Src/m95m01_eeprom.o
LOAD Core/Src/main.o
LOAD Core/Src/memory.o
LOAD Core/Src/memory_status.o
LOAD Core/Src/mt29fxg08_nand.o
LOAD Core/Src/nand_block_table.o
LOAD Core/Src/nand_ecc.o
LOAD Core/Src/post_module.o
LOAD Core/Src/stm32f4xx_hal_msp.o
LOAD Core/Src/stm32f4xx_it.o
LOAD Core/Src/system_stm32f4xx.o
LOAD Drivers/STM32F4xx_HAL_Driver/Src/stm32f4xx_hal.o
LOAD Drivers/STM32F4xx_HAL_Driver/Src/stm32f4xx_hal_adc.o
LOAD Drivers/STM32F4xx_HAL_Driver/Src/stm32f4xx_hal_adc_ex.o
LOAD Drivers/STM32F4xx_HAL_Driver/Src/stm32f4xx_hal_cortex.o
LOAD Drivers/STM32F4xx_HAL_Driver/Src/stm32f4xx_hal_crc.o
LOAD Drivers/STM32F4xx_HAL_Driver/Src/stm32f4xx_hal_dma.o
LOAD Drivers/STM32F4xx_HAL_Driver/Src/stm32f4xx_hal_dma_ex.o
LOAD Drivers/STM32F4xx_HAL_Driver/Src/stm32f4xx_hal_flash.o
LOAD Drivers/STM32F4xx_HAL_Driver/Src/stm32f4xx_hal_flash_ex.o
LOAD Drivers/STM32F4xx_HAL_Driver/Src/stm32f4xx_hal_flash_ramfunc.o
LOAD Drivers/STM32F4xx_HAL_Driver/Src/stm32f4xx_hal_gpio.o
LOAD Drivers/STM32F4xx_HAL_Driver/Src/stm32f4xx_hal_i2c.o
LOAD Drivers/STM32F4xx_HAL_Driver/Src/stm32f4xx_hal_i2c_ex.o
LOAD Drivers/STM32F4xx_HAL_Driver/Src/stm32f4xx_hal_iwdg.o
LOAD Drivers/STM32F4xx_HAL_Driver/Src/stm32f4xx_hal_nand.o
LOAD Drivers/STM32F4xx_HAL_Driver/Src/stm32f4xx_hal_pcd.o
LOAD Drivers/STM32F4xx_HAL_Driver/Src/stm32f4xx_hal_pcd_ex.o
LOAD Drivers/STM32F4xx_HAL_Driver/Src/stm32f4xx_hal_pwr.o
LOAD Drivers/STM32F4xx_HAL_Driver/Src/stm32f4xx_hal_pwr_ex.o
LOAD Drivers/STM32F4xx_HAL_Driver/Src/stm32f4xx_hal_rcc.o
LOAD Drivers/STM32F4xx_HAL_Driver/Src/stm32f4xx_hal_rcc_ex.o
LOAD Drivers/STM32F4xx_HAL_Driver/Src/stm32f4xx_hal_rtc.o
LOAD Drivers/STM32F4xx_HAL_Driver/Src/stm32f4xx_hal_rtc_ex.o
LOAD Drivers/STM32F4xx_HAL_Driver/Src/stm32f4xx_hal_spi.o
LOAD Drivers/STM32F4xx_HAL_Driver/Src/stm32f4xx_hal_tim.o
LOAD Drivers/STM32F4xx_HAL_Driver/Src/stm32f4xx_hal_tim_ex.o
LOAD Drivers/STM32F4xx_HAL_Driver/Src/stm32f4xx_hal_uart.o
LOAD Drivers/STM32F4xx_HAL_Driver/Src/stm32f4xx_hal_usart.o
LOAD Drivers/STM32F4xx_HAL_Driver/Src/stm32f4xx_ll_fmc.o
LOAD Drivers/STM32F4xx_HAL_Driver/Src/stm32f4xx_ll_usb.o
LOAD startup/startup_stm32f427xx.o
LOAD c:/ac6/systemworkbench/plugins/fr.ac6.mcu.externaltools.arm-none.win32_1.17.0.201812190825/tools/compiler/bin/../lib/gcc/arm-none-eabi/7.3.1/../../../../arm-none-eabi/lib/thumb/v7e-m/fpv4-sp/hard\libm.a
START GROUP
LOAD c:/ac6/systemworkbench/plugins/fr.ac6.mcu.externaltools.arm-none.win32_1.17.0.201812190825/tools/compiler/bin/../lib/gcc/arm-none-eabi/7.3.1/thumb/v7e-m/fpv4-sp/hard\libgcc.a
LOAD c:/ac6/systemworkbench/plugins/fr.ac6.mcu.externaltools.arm-none.win32_1.17.0.201812190825/tools/compiler/bin/../lib/gcc/arm-none-eabi/7.3.1/../../../../arm-none-eabi/lib/thumb/v7e-m/fpv4-sp/hard\libc_nano.a
END GROUP
START GROUP
LOAD c:/ac6/systemworkbench/plugins/fr.ac6.mcu.externaltools.arm-none.win32_1.17.0.201812190825/tools/compiler/bin/../lib/gcc/arm-none-eabi/7.3.1/thumb/v7e-m/fpv4-sp/hard\libgcc.a
LOAD c:/ac6/systemworkbench/plugins/fr.ac6.mcu.externaltools.arm-none.win32_1.17.0.201812190825/tools/compiler/bin/../lib/gcc/arm-none-eabi/7.3.1/../../../../arm-none-eabi/lib/thumb/v7e-m/fpv4-sp/hard\libc_nano.a
LOAD c:/ac6/systemworkbench/plugins/fr.ac6.mcu.externaltools.arm-none.win32_1.17.0.201812190825/tools/compiler/bin/../lib/gcc/arm-none-eabi/7.3.1/../../../../arm-none-eabi/lib/thumb/v7e-m/fpv4-sp/hard\libnosys.a
END GROUP
START GROUP
LOAD c:/ac6/systemworkbench/plugins/fr.ac6.mcu.externaltools.arm-none.win32_1.17.0.201812190825/tools/compiler/bin/../lib/gcc/arm-none-eabi/7.3.1/thumb/v7e-m/fpv4-sp/hard\libgcc.a
LOAD c:/ac6/systemworkbench/plugins/fr.ac6.mcu.externaltools.arm-none.win32_1.17.0.201812190825/tools/compiler/bin/../lib/gcc/arm-none-eabi/7.3.1/../../../../arm-none-eabi/lib/thumb/v7e-m/fpv4-sp/hard\libc_nano.a
LOAD c:/ac6/systemworkbench/plugins/fr.ac6.mcu.externaltools.arm-none.win32_1.17.0.201812190825/tools/compiler/bin/../lib/gcc/arm-none-eabi/7.3.1/../../../../arm-none-eabi/lib/thumb/v7e-m/fpv4-sp/hard\libnosys.a
END GROUP
LOAD c:/ac6/systemworkbench/plugins/fr.ac6.mcu.externaltools.arm-none.win32_1.17.0.201812190825/tools/compiler/bin/../lib/gcc/arm-none-eabi/7.3.1/thumb/v7e-m/fpv4-sp/hard/crtend.o
LOAD c:/ac6/systemworkbench/plugins/fr.ac6.mcu.externaltools.arm-none.win32_1.17.0.201812190825/tools/compiler/bin/../lib/gcc/arm-none-eabi/7.3.1/thumb/v7e-m/fpv4-sp/hard/crtn.o
                0x20030000                _estack = 0x20030000
                0x00004000                _Min_Heap_Size = 0x4000
                0x00002000                _Min_Stack_Size = 0x2000

.isr_vector     0x08000000      0x1ac
                0x08000000                . = ALIGN (0x4)
 *(.isr_vector)
 .isr_vector    0x08000000      0x1ac startup/startup_stm32f427xx.o
                0x08000000                g_pfnVectors
                0x080001ac                . = ALIGN (0x4)

.text           0x080001ac     0x771c
                0x080001ac                . = ALIGN (0x4)
 *(.text)
 .text          0x080001ac       0x40 c:/ac6/systemworkbench/plugins/fr.ac6.mcu.externaltools.arm-none.win32_1.17.0.201812190825/tools/compiler/bin/../lib/gcc/arm-none-eabi/7.3.1/thumb/v7e-m/fpv4-sp/hard/crtbegin.o
 .text          0x080001ec       0x30 c:/ac6/systemworkbench/plugins/fr.ac6.mcu.externaltools.arm-none.win32_1.17.0.201812190825/tools/compiler/bin/../lib/gcc/arm-none-eabi/7.3.1/thumb/v7e-m/fpv4-sp/hard\libgcc.a(_aeabi_uldivmod.o)
                0x080001ec                __aeabi_uldivmod
 .text          0x0800021c      0x2cc c:/ac6/systemworkbench/plugins/fr.ac6.mcu.externaltools.arm-none.win32_1.17.0.201812190825/tools/compiler/bin/../lib/gcc/arm-none-eabi/7.3.1/thumb/v7e-m/fpv4-sp/hard\libgcc.a(_udivmoddi4.o)
                0x0800021c                __udivmoddi4
 .text          0x080004e8        0x4 c:/ac6/systemworkbench/plugins/fr.ac6.mcu.externaltools.arm-none.win32_1.17.0.201812190825/tools/compiler/bin/../lib/gcc/arm-none-eabi/7.3.1/thumb/v7e-m/fpv4-sp/hard\libgcc.a(_dvmd_tls.o)
                0x080004e8                __aeabi_idiv0
                0x080004e8                __aeabi_ldiv0
 *(.text*)
 .text.calc_crc16
                0x080004ec       0x3c Core/Src/CRC16.o
                0x080004ec                calc_crc16
 .text.ami_tx   0x08000528      0x12c Core/Src/ami.o
                0x08000528                ami_tx
 .text.uart_rx_IDLE_IE
                0x08000654       0x1c Core/Src/ami.o
                0x08000654                uart_rx_IDLE_IE
 .text.ami_rx_suspend
                0x08000670       0x1c Core/Src/ami.o
                0x08000670                ami_rx_suspend
 .text.ami_rx_restart
                0x0800068c       0x30 Core/Src/ami.o
                0x0800068c                ami_rx_restart
 .text.get_ami_status
                0x080006bc        0xc Core/Src/ami.o
                0x080006bc                get_ami_status
 .text.ami_stop_rx_timeout
                0x080006c8       0x1c Core/Src/ami.o
                0x080006c8                ami_stop_rx_timeout
 .text.ami_rx_timeout_callback
                0x080006e4       0x74 Core/Src/ami.o
                0x080006e4                ami_rx_timeout_callback
 .text.ami_tx_timeout_callback
                0x08000758       0x74 Core/Src/ami.o
                0x08000758                ami_tx_timeout_callback
 .text.UART1_User_IRQHandler
                0x080007cc       0x50 Core/Src/ami.o
                0x080007cc                UART1_User_IRQHandler
 .text.HAL_UART_TxCpltCallback
                0x0800081c       0x80 Core/Src/ami.o
                0x0800081c                HAL_UART_TxCpltCallback
 .text.HAL_UART_ErrorCallback
                0x0800089c      0x124 Core/Src/ami.o
                0x0800089c                HAL_UART_ErrorCallback
 .text.HAL_UART_RxCpltCallback
                0x080009c0       0xc8 Core/Src/ami.o
                0x080009c0                HAL_UART_RxCpltCallback
 .text.message_box_mod
                0x08000a88      0x234 Core/Src/ami_protocol.o
                0x08000a88                message_box_mod
 .text.set_tool_status
                0x08000cbc        0xc Core/Src/ami_protocol.o
                0x08000cbc                set_tool_status
 .text.flash_stm32_write
                0x08000cc8       0x7c Core/Src/flash_stm32f4.o
                0x08000cc8                flash_stm32_write
 .text.flash_stm32_erase
                0x08000d44      0xcb8 Core/Src/flash_stm32f4.o
                0x08000d44                flash_stm32_erase
 .text.flash_stm32_read
                0x080019fc       0x20 Core/Src/flash_stm32f4.o
                0x080019fc                flash_stm32_read
 .text.HAL_Delay
                0x08001a1c       0x60 Core/Src/hal_func_redef.o
                0x08001a1c                HAL_Delay
 .text.HAL_GetTick
                0x08001a7c       0x20 Core/Src/hal_func_redef.o
                0x08001a7c                HAL_GetTick
 .text.m95m01_eeprom_wait_ready.constprop.3
                0x08001a9c       0xd0 Core/Src/m95m01_eeprom.o
 .text.NOHAL_SPI4_IRQHandler
                0x08001b6c      0x130 Core/Src/m95m01_eeprom.o
                0x08001b6c                NOHAL_SPI4_IRQHandler
 .text.m95m01_eeprom_write
                0x08001c9c      0x278 Core/Src/m95m01_eeprom.o
                0x08001c9c                m95m01_eeprom_write
 .text.m95m01_eeprom_read
                0x08001f14       0xac Core/Src/m95m01_eeprom.o
                0x08001f14                m95m01_eeprom_read
 .text.m95m01_eeprom_erase
                0x08001fc0       0xb8 Core/Src/m95m01_eeprom.o
                0x08001fc0                m95m01_eeprom_erase
 .text.m95m01_eeprom_hold
                0x08002078       0x20 Core/Src/m95m01_eeprom.o
                0x08002078                m95m01_eeprom_hold
 .text.HAL_TIM_PeriodElapsedCallback
                0x08002098       0x5c Core/Src/main.o
                0x08002098                HAL_TIM_PeriodElapsedCallback
 .text.period_calc
                0x080020f4       0x5c Core/Src/main.o
                0x080020f4                period_calc
 .text.UART_FixBaudRate
                0x08002150      0x148 Core/Src/main.o
                0x08002150                UART_FixBaudRate
 .text.NVIC_Priorities_Fix
                0x08002298       0x78 Core/Src/main.o
                0x08002298                NVIC_Priorities_Fix
 .text.HAL_SYSTICK_Callback
                0x08002310        0xc Core/Src/main.o
                0x08002310                HAL_SYSTICK_Callback
 .text.firmware_flash
                0x0800231c      0x1cc Core/Src/main.o
                0x0800231c                firmware_flash
 .text.SystemClock_Config
                0x080024e8       0xb8 Core/Src/main.o
                0x080024e8                SystemClock_Config
 .text.MX_IWDG_Init
                0x080025a0       0x28 Core/Src/main.o
                0x080025a0                MX_IWDG_Init
 .text.MX_USART1_UART_Init
                0x080025c8       0x34 Core/Src/main.o
                0x080025c8                MX_USART1_UART_Init
 .text.MX_USART2_UART_Init
                0x080025fc       0x3c Core/Src/main.o
                0x080025fc                MX_USART2_UART_Init
 .text.startup.main
                0x08002638      0x584 Core/Src/main.o
                0x08002638                main
 .text._Error_Handler
                0x08002bbc        0x4 Core/Src/main.o
                0x08002bbc                _Error_Handler
 .text.erase_memory
                0x08002bc0       0x6c Core/Src/memory.o
                0x08002bc0                erase_memory
 .text.write_bootflag_memory
                0x08002c2c       0x2c Core/Src/memory_status.o
                0x08002c2c                write_bootflag_memory
 .text.read_bootflag_memory
                0x08002c58       0x30 Core/Src/memory_status.o
                0x08002c58                read_bootflag_memory
 .text.memory_full_callback
                0x08002c88        0x4 Core/Src/mt29fxg08_nand.o
                0x08002c88                memory_full_callback
 .text.nand_select_target
                0x08002c8c       0x20 Core/Src/mt29fxg08_nand.o
                0x08002c8c                nand_select_target
 .text.NAND_GetAddress
                0x08002cac       0x44 Core/Src/mt29fxg08_nand.o
                0x08002cac                NAND_GetAddress
 .text.crc32_check_ecc
                0x08002cf0       0x40 Core/Src/mt29fxg08_nand.o
                0x08002cf0                crc32_check_ecc
 .text.nand_write_page
                0x08002d30      0x254 Core/Src/mt29fxg08_nand.o
                0x08002d30                nand_write_page
 .text.nand_read_page
                0x08002f84      0x420 Core/Src/mt29fxg08_nand.o
                0x08002f84                nand_read_page
 .text.nand_erase_block_raw
                0x080033a4       0x5c Core/Src/mt29fxg08_nand.o
                0x080033a4                nand_erase_block_raw
 .text.nand_block_table_mark_block
                0x08003400       0x18 Core/Src/nand_block_table.o
                0x08003400                nand_block_table_mark_block
 .text.nand_update_block_table
                0x08003418       0xcc Core/Src/nand_block_table.o
                0x08003418                nand_update_block_table
 .text.nand_block_table_read
                0x080034e4       0xd0 Core/Src/nand_block_table.o
                0x080034e4                nand_block_table_read
 .text.eeprom_block_table_mark_block
                0x080035b4       0x24 Core/Src/nand_block_table.o
                0x080035b4                eeprom_block_table_mark_block
 .text.eeprom_block_table_write
                0x080035d8      0x15c Core/Src/nand_block_table.o
                0x080035d8                eeprom_block_table_write
 .text.eeprom_block_table_read
                0x08003734       0x4c Core/Src/nand_block_table.o
                0x08003734                eeprom_block_table_read
 .text.make_ecc
                0x08003780      0x2c4 Core/Src/nand_ecc.o
                0x08003780                make_ecc
 .text.ecc_check
                0x08003a44       0xec Core/Src/nand_ecc.o
                0x08003a44                ecc_check
 .text.post_tx_data
                0x08003b30       0x54 Core/Src/post_module.o
                0x08003b30                post_tx_data
 .text.HAL_MspInit
                0x08003b84       0x94 Core/Src/stm32f4xx_hal_msp.o
                0x08003b84                HAL_MspInit
 .text.HAL_CRC_MspInit
                0x08003c18       0x34 Core/Src/stm32f4xx_hal_msp.o
                0x08003c18                HAL_CRC_MspInit
 .text.HAL_TIM_Base_MspInit
                0x08003c4c       0xa4 Core/Src/stm32f4xx_hal_msp.o
                0x08003c4c                HAL_TIM_Base_MspInit
 .text.HAL_TIM_MspPostInit
                0x08003cf0       0x38 Core/Src/stm32f4xx_hal_msp.o
                0x08003cf0                HAL_TIM_MspPostInit
 .text.HAL_UART_MspInit
                0x08003d28      0x21c Core/Src/stm32f4xx_hal_msp.o
                0x08003d28                HAL_UART_MspInit
 .text.HAL_UART_MspDeInit
                0x08003f44       0xf0 Core/Src/stm32f4xx_hal_msp.o
                0x08003f44                HAL_UART_MspDeInit
 .text.HAL_NAND_MspInit
                0x08004034       0x84 Core/Src/stm32f4xx_hal_msp.o
                0x08004034                HAL_NAND_MspInit
 .text.NMI_Handler
                0x080040b8        0x4 Core/Src/stm32f4xx_it.o
                0x080040b8                NMI_Handler
 .text.HardFault_Handler
                0x080040bc        0x4 Core/Src/stm32f4xx_it.o
                0x080040bc                HardFault_Handler
 .text.MemManage_Handler
                0x080040c0        0x4 Core/Src/stm32f4xx_it.o
                0x080040c0                MemManage_Handler
 .text.BusFault_Handler
                0x080040c4        0x4 Core/Src/stm32f4xx_it.o
                0x080040c4                BusFault_Handler
 .text.UsageFault_Handler
                0x080040c8        0x4 Core/Src/stm32f4xx_it.o
                0x080040c8                UsageFault_Handler
 .text.SVC_Handler
                0x080040cc        0x4 Core/Src/stm32f4xx_it.o
                0x080040cc                SVC_Handler
 .text.DebugMon_Handler
                0x080040d0        0x4 Core/Src/stm32f4xx_it.o
                0x080040d0                DebugMon_Handler
 .text.PendSV_Handler
                0x080040d4        0x4 Core/Src/stm32f4xx_it.o
                0x080040d4                PendSV_Handler
 .text.SysTick_Handler
                0x080040d8       0x10 Core/Src/stm32f4xx_it.o
                0x080040d8                SysTick_Handler
 .text.DMA1_Stream6_IRQHandler
                0x080040e8        0xc Core/Src/stm32f4xx_it.o
                0x080040e8                DMA1_Stream6_IRQHandler
 .text.TIM1_UP_TIM10_IRQHandler
                0x080040f4       0x1c Core/Src/stm32f4xx_it.o
                0x080040f4                TIM1_UP_TIM10_IRQHandler
 .text.TIM2_IRQHandler
                0x08004110        0xc Core/Src/stm32f4xx_it.o
                0x08004110                TIM2_IRQHandler
 .text.USART1_IRQHandler
                0x0800411c       0x14 Core/Src/stm32f4xx_it.o
                0x0800411c                USART1_IRQHandler
 .text.USART2_IRQHandler
                0x08004130        0xc Core/Src/stm32f4xx_it.o
                0x08004130                USART2_IRQHandler
 .text.FMC_IRQHandler
                0x0800413c        0xc Core/Src/stm32f4xx_it.o
                0x0800413c                FMC_IRQHandler
 .text.DMA2_Stream2_IRQHandler
                0x08004148        0xc Core/Src/stm32f4xx_it.o
                0x08004148                DMA2_Stream2_IRQHandler
 .text.SPI4_IRQHandler
                0x08004154        0x4 Core/Src/stm32f4xx_it.o
                0x08004154                SPI4_IRQHandler
 .text.DMA2_Stream0_IRQHandler
                0x08004158        0xc Core/Src/stm32f4xx_it.o
                0x08004158                DMA2_Stream0_IRQHandler
 .text.SystemInit
                0x08004164       0x50 Core/Src/system_stm32f4xx.o
                0x08004164                SystemInit
 .text.HAL_InitTick
                0x080041b4       0x44 Drivers/STM32F4xx_HAL_Driver/Src/stm32f4xx_hal.o
                0x080041b4                HAL_InitTick
 .text.HAL_Init
                0x080041f8       0x2c Drivers/STM32F4xx_HAL_Driver/Src/stm32f4xx_hal.o
                0x080041f8                HAL_Init
 .text.HAL_IncTick
                0x08004224       0x18 Drivers/STM32F4xx_HAL_Driver/Src/stm32f4xx_hal.o
                0x08004224                HAL_IncTick
 .text.HAL_NVIC_SetPriorityGrouping
                0x0800423c       0x24 Drivers/STM32F4xx_HAL_Driver/Src/stm32f4xx_hal_cortex.o
                0x0800423c                HAL_NVIC_SetPriorityGrouping
 .text.HAL_NVIC_SetPriority
                0x08004260       0x6c Drivers/STM32F4xx_HAL_Driver/Src/stm32f4xx_hal_cortex.o
                0x08004260                HAL_NVIC_SetPriority
 .text.HAL_NVIC_EnableIRQ
                0x080042cc       0x18 Drivers/STM32F4xx_HAL_Driver/Src/stm32f4xx_hal_cortex.o
                0x080042cc                HAL_NVIC_EnableIRQ
 .text.HAL_NVIC_DisableIRQ
                0x080042e4       0x1c Drivers/STM32F4xx_HAL_Driver/Src/stm32f4xx_hal_cortex.o
                0x080042e4                HAL_NVIC_DisableIRQ
 .text.HAL_NVIC_SystemReset
                0x08004300       0x24 Drivers/STM32F4xx_HAL_Driver/Src/stm32f4xx_hal_cortex.o
                0x08004300                HAL_NVIC_SystemReset
 .text.HAL_SYSTICK_Config
                0x08004324       0x34 Drivers/STM32F4xx_HAL_Driver/Src/stm32f4xx_hal_cortex.o
                0x08004324                HAL_SYSTICK_Config
 .text.HAL_SYSTICK_CLKSourceConfig
                0x08004358       0x18 Drivers/STM32F4xx_HAL_Driver/Src/stm32f4xx_hal_cortex.o
                0x08004358                HAL_SYSTICK_CLKSourceConfig
 .text.HAL_SYSTICK_IRQHandler
                0x08004370        0x8 Drivers/STM32F4xx_HAL_Driver/Src/stm32f4xx_hal_cortex.o
                0x08004370                HAL_SYSTICK_IRQHandler
 .text.HAL_CRC_Init
                0x08004378       0x28 Drivers/STM32F4xx_HAL_Driver/Src/stm32f4xx_hal_crc.o
                0x08004378                HAL_CRC_Init
 .text.HAL_CRC_Accumulate
                0x080043a0       0x3c Drivers/STM32F4xx_HAL_Driver/Src/stm32f4xx_hal_crc.o
                0x080043a0                HAL_CRC_Accumulate
 .text.HAL_CRC_Calculate
                0x080043dc       0x40 Drivers/STM32F4xx_HAL_Driver/Src/stm32f4xx_hal_crc.o
                0x080043dc                HAL_CRC_Calculate
 .text.HAL_DMA_Init
                0x0800441c      0x134 Drivers/STM32F4xx_HAL_Driver/Src/stm32f4xx_hal_dma.o
                0x0800441c                HAL_DMA_Init
 .text.HAL_DMA_DeInit
                0x08004550       0x78 Drivers/STM32F4xx_HAL_Driver/Src/stm32f4xx_hal_dma.o
                0x08004550                HAL_DMA_DeInit
 .text.HAL_DMA_Start
                0x080045c8       0x5c Drivers/STM32F4xx_HAL_Driver/Src/stm32f4xx_hal_dma.o
                0x080045c8                HAL_DMA_Start
 .text.HAL_DMA_Start_IT
                0x08004624       0x94 Drivers/STM32F4xx_HAL_Driver/Src/stm32f4xx_hal_dma.o
                0x08004624                HAL_DMA_Start_IT
 .text.HAL_DMA_Abort
                0x080046b8       0x90 Drivers/STM32F4xx_HAL_Driver/Src/stm32f4xx_hal_dma.o
                0x080046b8                HAL_DMA_Abort
 .text.HAL_DMA_Abort_IT
                0x08004748       0x24 Drivers/STM32F4xx_HAL_Driver/Src/stm32f4xx_hal_dma.o
                0x08004748                HAL_DMA_Abort_IT
 .text.HAL_DMA_PollForTransfer
                0x0800476c      0x200 Drivers/STM32F4xx_HAL_Driver/Src/stm32f4xx_hal_dma.o
                0x0800476c                HAL_DMA_PollForTransfer
 .text.HAL_DMA_IRQHandler
                0x0800496c      0x1ac Drivers/STM32F4xx_HAL_Driver/Src/stm32f4xx_hal_dma.o
                0x0800496c                HAL_DMA_IRQHandler
 .text.FLASH_SetErrorCode
                0x08004b18       0x90 Drivers/STM32F4xx_HAL_Driver/Src/stm32f4xx_hal_flash.o
 .text.HAL_FLASH_Program
                0x08004ba8      0x12c Drivers/STM32F4xx_HAL_Driver/Src/stm32f4xx_hal_flash.o
                0x08004ba8                HAL_FLASH_Program
 .text.HAL_FLASH_Unlock
                0x08004cd4       0x28 Drivers/STM32F4xx_HAL_Driver/Src/stm32f4xx_hal_flash.o
                0x08004cd4                HAL_FLASH_Unlock
 .text.HAL_FLASH_Lock
                0x08004cfc       0x14 Drivers/STM32F4xx_HAL_Driver/Src/stm32f4xx_hal_flash.o
                0x08004cfc                HAL_FLASH_Lock
 .text.FLASH_WaitForLastOperation
                0x08004d10       0x5c Drivers/STM32F4xx_HAL_Driver/Src/stm32f4xx_hal_flash.o
                0x08004d10                FLASH_WaitForLastOperation
 .text.HAL_FLASHEx_Erase
                0x08004d6c      0x18c Drivers/STM32F4xx_HAL_Driver/Src/stm32f4xx_hal_flash_ex.o
                0x08004d6c                HAL_FLASHEx_Erase
 .text.HAL_GPIO_Init
                0x08004ef8      0x27c Drivers/STM32F4xx_HAL_Driver/Src/stm32f4xx_hal_gpio.o
                0x08004ef8                HAL_GPIO_Init
 .text.HAL_GPIO_DeInit
                0x08005174      0x178 Drivers/STM32F4xx_HAL_Driver/Src/stm32f4xx_hal_gpio.o
                0x08005174                HAL_GPIO_DeInit
 .text.HAL_GPIO_WritePin
                0x080052ec        0x8 Drivers/STM32F4xx_HAL_Driver/Src/stm32f4xx_hal_gpio.o
                0x080052ec                HAL_GPIO_WritePin
 .text.HAL_IWDG_Init
                0x080052f4       0x48 Drivers/STM32F4xx_HAL_Driver/Src/stm32f4xx_hal_iwdg.o
                0x080052f4                HAL_IWDG_Init
 .text.HAL_IWDG_Refresh
                0x0800533c        0xc Drivers/STM32F4xx_HAL_Driver/Src/stm32f4xx_hal_iwdg.o
                0x0800533c                HAL_IWDG_Refresh
 .text.HAL_NAND_Init
                0x08005348       0x6c Drivers/STM32F4xx_HAL_Driver/Src/stm32f4xx_hal_nand.o
                0x08005348                HAL_NAND_Init
 .text.HAL_NAND_ITCallback
                0x080053b4        0x4 Drivers/STM32F4xx_HAL_Driver/Src/stm32f4xx_hal_nand.o
                0x080053b4                HAL_NAND_ITCallback
 .text.HAL_NAND_IRQHandler
                0x080053b8       0xcc Drivers/STM32F4xx_HAL_Driver/Src/stm32f4xx_hal_nand.o
                0x080053b8                HAL_NAND_IRQHandler
 .text.HAL_NAND_Reset
                0x08005484       0x4c Drivers/STM32F4xx_HAL_Driver/Src/stm32f4xx_hal_nand.o
                0x08005484                HAL_NAND_Reset
 .text.HAL_NAND_Read_Page_8b
                0x080054d0      0x1ac Drivers/STM32F4xx_HAL_Driver/Src/stm32f4xx_hal_nand.o
                0x080054d0                HAL_NAND_Read_Page_8b
 .text.HAL_NAND_Write_Page_8b
                0x0800567c      0x1c8 Drivers/STM32F4xx_HAL_Driver/Src/stm32f4xx_hal_nand.o
                0x0800567c                HAL_NAND_Write_Page_8b
 .text.HAL_NAND_Read_SpareArea_8b
                0x08005844      0x1f8 Drivers/STM32F4xx_HAL_Driver/Src/stm32f4xx_hal_nand.o
                0x08005844                HAL_NAND_Read_SpareArea_8b
 .text.HAL_NAND_Write_SpareArea_8b
                0x08005a3c      0x1f0 Drivers/STM32F4xx_HAL_Driver/Src/stm32f4xx_hal_nand.o
                0x08005a3c                HAL_NAND_Write_SpareArea_8b
 .text.HAL_NAND_Erase_Block
                0x08005c2c      0x108 Drivers/STM32F4xx_HAL_Driver/Src/stm32f4xx_hal_nand.o
                0x08005c2c                HAL_NAND_Erase_Block
 .text.HAL_NAND_Read_Status
                0x08005d34       0x30 Drivers/STM32F4xx_HAL_Driver/Src/stm32f4xx_hal_nand.o
                0x08005d34                HAL_NAND_Read_Status
 .text.HAL_PWREx_EnableOverDrive
                0x08005d64       0x7c Drivers/STM32F4xx_HAL_Driver/Src/stm32f4xx_hal_pwr_ex.o
                0x08005d64                HAL_PWREx_EnableOverDrive
 .text.HAL_RCC_OscConfig
                0x08005de0      0x374 Drivers/STM32F4xx_HAL_Driver/Src/stm32f4xx_hal_rcc.o
                0x08005de0                HAL_RCC_OscConfig
 .text.HAL_RCC_GetSysClockFreq
                0x08006154       0x6c Drivers/STM32F4xx_HAL_Driver/Src/stm32f4xx_hal_rcc.o
                0x08006154                HAL_RCC_GetSysClockFreq
 .text.HAL_RCC_ClockConfig
                0x080061c0      0x134 Drivers/STM32F4xx_HAL_Driver/Src/stm32f4xx_hal_rcc.o
                0x080061c0                HAL_RCC_ClockConfig
 .text.HAL_RCC_GetHCLKFreq
                0x080062f4        0xc Drivers/STM32F4xx_HAL_Driver/Src/stm32f4xx_hal_rcc.o
                0x080062f4                HAL_RCC_GetHCLKFreq
 .text.HAL_RCC_GetPCLK1Freq
                0x08006300       0x20 Drivers/STM32F4xx_HAL_Driver/Src/stm32f4xx_hal_rcc.o
                0x08006300                HAL_RCC_GetPCLK1Freq
 .text.HAL_RCC_GetPCLK2Freq
                0x08006320       0x20 Drivers/STM32F4xx_HAL_Driver/Src/stm32f4xx_hal_rcc.o
                0x08006320                HAL_RCC_GetPCLK2Freq
 .text.HAL_RCC_GetClockConfig
                0x08006340       0x44 Drivers/STM32F4xx_HAL_Driver/Src/stm32f4xx_hal_rcc.o
                0x08006340                HAL_RCC_GetClockConfig
 .text.HAL_TIM_Base_Init
                0x08006384       0xf4 Drivers/STM32F4xx_HAL_Driver/Src/stm32f4xx_hal_tim.o
                0x08006384                HAL_TIM_Base_Init
 .text.HAL_TIM_Base_Stop
                0x08006478       0x30 Drivers/STM32F4xx_HAL_Driver/Src/stm32f4xx_hal_tim.o
                0x08006478                HAL_TIM_Base_Stop
 .text.HAL_TIM_Base_Start_IT
                0x080064a8       0x18 Drivers/STM32F4xx_HAL_Driver/Src/stm32f4xx_hal_tim.o
                0x080064a8                HAL_TIM_Base_Start_IT
 .text.HAL_TIM_PWM_MspInit
                0x080064c0        0x4 Drivers/STM32F4xx_HAL_Driver/Src/stm32f4xx_hal_tim.o
                0x080064c0                HAL_TIM_PWM_MspInit
 .text.HAL_TIM_PWM_Init
                0x080064c4       0xf4 Drivers/STM32F4xx_HAL_Driver/Src/stm32f4xx_hal_tim.o
                0x080064c4                HAL_TIM_PWM_Init
 .text.HAL_TIM_PWM_Start
                0x080065b8       0x48 Drivers/STM32F4xx_HAL_Driver/Src/stm32f4xx_hal_tim.o
                0x080065b8                HAL_TIM_PWM_Start
 .text.HAL_TIM_PWM_Stop
                0x08006600       0x70 Drivers/STM32F4xx_HAL_Driver/Src/stm32f4xx_hal_tim.o
                0x08006600                HAL_TIM_PWM_Stop
 .text.HAL_TIM_PWM_ConfigChannel
                0x08006670      0x220 Drivers/STM32F4xx_HAL_Driver/Src/stm32f4xx_hal_tim.o
                0x08006670                HAL_TIM_PWM_ConfigChannel
 .text.HAL_TIM_ConfigClockSource
                0x08006890      0x184 Drivers/STM32F4xx_HAL_Driver/Src/stm32f4xx_hal_tim.o
                0x08006890                HAL_TIM_ConfigClockSource
 .text.HAL_TIM_OC_DelayElapsedCallback
                0x08006a14        0x4 Drivers/STM32F4xx_HAL_Driver/Src/stm32f4xx_hal_tim.o
                0x08006a14                HAL_TIM_OC_DelayElapsedCallback
 .text.HAL_TIM_IC_CaptureCallback
                0x08006a18        0x4 Drivers/STM32F4xx_HAL_Driver/Src/stm32f4xx_hal_tim.o
                0x08006a18                HAL_TIM_IC_CaptureCallback
 .text.HAL_TIM_PWM_PulseFinishedCallback
                0x08006a1c        0x4 Drivers/STM32F4xx_HAL_Driver/Src/stm32f4xx_hal_tim.o
                0x08006a1c                HAL_TIM_PWM_PulseFinishedCallback
 .text.HAL_TIM_TriggerCallback
                0x08006a20        0x4 Drivers/STM32F4xx_HAL_Driver/Src/stm32f4xx_hal_tim.o
                0x08006a20                HAL_TIM_TriggerCallback
 .text.HAL_TIM_IRQHandler
                0x08006a24      0x154 Drivers/STM32F4xx_HAL_Driver/Src/stm32f4xx_hal_tim.o
                0x08006a24                HAL_TIM_IRQHandler
 .text.HAL_TIMEx_MasterConfigSynchronization
                0x08006b78       0x4c Drivers/STM32F4xx_HAL_Driver/Src/stm32f4xx_hal_tim_ex.o
                0x08006b78                HAL_TIMEx_MasterConfigSynchronization
 .text.HAL_TIMEx_ConfigBreakDeadTime
                0x08006bc4       0x54 Drivers/STM32F4xx_HAL_Driver/Src/stm32f4xx_hal_tim_ex.o
                0x08006bc4                HAL_TIMEx_ConfigBreakDeadTime
 .text.HAL_TIMEx_CommutationCallback
                0x08006c18        0x4 Drivers/STM32F4xx_HAL_Driver/Src/stm32f4xx_hal_tim_ex.o
                0x08006c18                HAL_TIMEx_CommutationCallback
 .text.HAL_TIMEx_BreakCallback
                0x08006c1c        0x4 Drivers/STM32F4xx_HAL_Driver/Src/stm32f4xx_hal_tim_ex.o
                0x08006c1c                HAL_TIMEx_BreakCallback
 .text.HAL_UART_Init
                0x08006c20      0x314 Drivers/STM32F4xx_HAL_Driver/Src/stm32f4xx_hal_uart.o
                0x08006c20                HAL_UART_Init
 .text.HAL_HalfDuplex_Init
                0x08006f34      0x31c Drivers/STM32F4xx_HAL_Driver/Src/stm32f4xx_hal_uart.o
                0x08006f34                HAL_HalfDuplex_Init
 .text.HAL_UART_DeInit
                0x08007250       0x28 Drivers/STM32F4xx_HAL_Driver/Src/stm32f4xx_hal_uart.o
                0x08007250                HAL_UART_DeInit
 .text.HAL_UART_Transmit_DMA
                0x08007278       0x78 Drivers/STM32F4xx_HAL_Driver/Src/stm32f4xx_hal_uart.o
                0x08007278                HAL_UART_Transmit_DMA
 .text.HAL_UART_Receive_DMA
                0x080072f0       0x98 Drivers/STM32F4xx_HAL_Driver/Src/stm32f4xx_hal_uart.o
                0x080072f0                HAL_UART_Receive_DMA
 .text.HAL_UART_Abort
                0x08007388       0x64 Drivers/STM32F4xx_HAL_Driver/Src/stm32f4xx_hal_uart.o
                0x08007388                HAL_UART_Abort
 .text.UART_DMATransmitCplt
                0x080073ec       0x2c Drivers/STM32F4xx_HAL_Driver/Src/stm32f4xx_hal_uart.o
 .text.HAL_UART_TxHalfCpltCallback
                0x08007418        0x4 Drivers/STM32F4xx_HAL_Driver/Src/stm32f4xx_hal_uart.o
                0x08007418                HAL_UART_TxHalfCpltCallback
 .text.UART_DMATxHalfCplt
                0x0800741c        0xc Drivers/STM32F4xx_HAL_Driver/Src/stm32f4xx_hal_uart.o
 .text.UART_DMAReceiveCplt
                0x08007428       0x38 Drivers/STM32F4xx_HAL_Driver/Src/stm32f4xx_hal_uart.o
 .text.HAL_UART_RxHalfCpltCallback
                0x08007460        0x4 Drivers/STM32F4xx_HAL_Driver/Src/stm32f4xx_hal_uart.o
                0x08007460                HAL_UART_RxHalfCpltCallback
 .text.UART_DMARxHalfCplt
                0x08007464        0xc Drivers/STM32F4xx_HAL_Driver/Src/stm32f4xx_hal_uart.o
 .text.UART_DMAError
                0x08007470       0x60 Drivers/STM32F4xx_HAL_Driver/Src/stm32f4xx_hal_uart.o
 .text.HAL_UART_IRQHandler
                0x080074d0      0x23c Drivers/STM32F4xx_HAL_Driver/Src/stm32f4xx_hal_uart.o
                0x080074d0                HAL_UART_IRQHandler
 .text.UART_DMAAbortOnError
                0x0800770c       0x14 Drivers/STM32F4xx_HAL_Driver/Src/stm32f4xx_hal_uart.o
 .text.FMC_NAND_Init
                0x08007720       0x48 Drivers/STM32F4xx_HAL_Driver/Src/stm32f4xx_ll_fmc.o
                0x08007720                FMC_NAND_Init
 .text.FMC_NAND_CommonSpace_Timing_Init
                0x08007768       0x28 Drivers/STM32F4xx_HAL_Driver/Src/stm32f4xx_ll_fmc.o
                0x08007768                FMC_NAND_CommonSpace_Timing_Init
 .text.FMC_NAND_AttributeSpace_Timing_Init
                0x08007790       0x28 Drivers/STM32F4xx_HAL_Driver/Src/stm32f4xx_ll_fmc.o
                0x08007790                FMC_NAND_AttributeSpace_Timing_Init
 .text.Reset_Handler
                0x080077b8       0x54 startup/startup_stm32f427xx.o
                0x080077b8                Reset_Handler
 .text.Default_Handler
                0x0800780c        0x2 startup/startup_stm32f427xx.o
                0x0800780c                RTC_Alarm_IRQHandler
                0x0800780c                HASH_RNG_IRQHandler
                0x0800780c                EXTI2_IRQHandler
                0x0800780c                TIM8_CC_IRQHandler
                0x0800780c                UART8_IRQHandler
                0x0800780c                TIM1_CC_IRQHandler
                0x0800780c                DMA2_Stream5_IRQHandler
                0x0800780c                DMA1_Stream5_IRQHandler
                0x0800780c                PVD_IRQHandler
                0x0800780c                SDIO_IRQHandler
                0x0800780c                TAMP_STAMP_IRQHandler
                0x0800780c                CAN2_RX1_IRQHandler
                0x0800780c                EXTI3_IRQHandler
                0x0800780c                TIM8_TRG_COM_TIM14_IRQHandler
                0x0800780c                TIM8_UP_TIM13_IRQHandler
                0x0800780c                I2C3_ER_IRQHandler
                0x0800780c                EXTI0_IRQHandler
                0x0800780c                I2C2_EV_IRQHandler
                0x0800780c                DMA1_Stream2_IRQHandler
                0x0800780c                CAN1_RX0_IRQHandler
                0x0800780c                FPU_IRQHandler
                0x0800780c                OTG_HS_WKUP_IRQHandler
                0x0800780c                CAN2_SCE_IRQHandler
                0x0800780c                SPI1_IRQHandler
                0x0800780c                TIM6_DAC_IRQHandler
                0x0800780c                TIM1_BRK_TIM9_IRQHandler
                0x0800780c                DCMI_IRQHandler
                0x0800780c                CAN2_RX0_IRQHandler
                0x0800780c                DMA2_Stream3_IRQHandler
                0x0800780c                USART6_IRQHandler
                0x0800780c                USART3_IRQHandler
                0x0800780c                CAN1_RX1_IRQHandler
                0x0800780c                UART5_IRQHandler
                0x0800780c                TIM4_IRQHandler
                0x0800780c                I2C1_EV_IRQHandler
                0x0800780c                DMA1_Stream1_IRQHandler
                0x0800780c                UART4_IRQHandler
                0x0800780c                TIM3_IRQHandler
                0x0800780c                RCC_IRQHandler
                0x0800780c                TIM8_BRK_TIM12_IRQHandler
                0x0800780c                Default_Handler
                0x0800780c                EXTI15_10_IRQHandler
                0x0800780c                ADC_IRQHandler
                0x0800780c                DMA1_Stream7_IRQHandler
                0x0800780c                SPI5_IRQHandler
                0x0800780c                TIM7_IRQHandler
                0x0800780c                CAN2_TX_IRQHandler
                0x0800780c                TIM5_IRQHandler
                0x0800780c                DMA2_Stream7_IRQHandler
                0x0800780c                I2C3_EV_IRQHandler
                0x0800780c                EXTI9_5_IRQHandler
                0x0800780c                RTC_WKUP_IRQHandler
                0x0800780c                ETH_WKUP_IRQHandler
                0x0800780c                SPI2_IRQHandler
                0x0800780c                OTG_HS_EP1_IN_IRQHandler
                0x0800780c                DMA1_Stream0_IRQHandler
                0x0800780c                CAN1_TX_IRQHandler
                0x0800780c                EXTI4_IRQHandler
                0x0800780c                ETH_IRQHandler
                0x0800780c                OTG_HS_EP1_OUT_IRQHandler
                0x0800780c                WWDG_IRQHandler
                0x0800780c                SPI6_IRQHandler
                0x0800780c                OTG_FS_WKUP_IRQHandler
                0x0800780c                TIM1_TRG_COM_TIM11_IRQHandler
                0x0800780c                OTG_HS_IRQHandler
                0x0800780c                DMA2D_IRQHandler
                0x0800780c                EXTI1_IRQHandler
                0x0800780c                UART7_IRQHandler
                0x0800780c                I2C2_ER_IRQHandler
                0x0800780c                DMA2_Stream1_IRQHandler
                0x0800780c                CAN1_SCE_IRQHandler
                0x0800780c                FLASH_IRQHandler
                0x0800780c                DMA2_Stream4_IRQHandler
                0x0800780c                OTG_FS_IRQHandler
                0x0800780c                SPI3_IRQHandler
                0x0800780c                DMA1_Stream4_IRQHandler
                0x0800780c                I2C1_ER_IRQHandler
                0x0800780c                DMA2_Stream6_IRQHandler
                0x0800780c                SAI1_IRQHandler
                0x0800780c                DMA1_Stream3_IRQHandler
 *fill*         0x0800780e        0x2 
 .text.__libc_init_array
                0x08007810       0x48 c:/ac6/systemworkbench/plugins/fr.ac6.mcu.externaltools.arm-none.win32_1.17.0.201812190825/tools/compiler/bin/../lib/gcc/arm-none-eabi/7.3.1/../../../../arm-none-eabi/lib/thumb/v7e-m/fpv4-sp/hard\libc_nano.a(lib_a-init.o)
                0x08007810                __libc_init_array
 .text.memcpy   0x08007858       0x16 c:/ac6/systemworkbench/plugins/fr.ac6.mcu.externaltools.arm-none.win32_1.17.0.201812190825/tools/compiler/bin/../lib/gcc/arm-none-eabi/7.3.1/../../../../arm-none-eabi/lib/thumb/v7e-m/fpv4-sp/hard\libc_nano.a(lib_a-memcpy-stub.o)
                0x08007858                memcpy
 .text.memmove  0x0800786e       0x32 c:/ac6/systemworkbench/plugins/fr.ac6.mcu.externaltools.arm-none.win32_1.17.0.201812190825/tools/compiler/bin/../lib/gcc/arm-none-eabi/7.3.1/../../../../arm-none-eabi/lib/thumb/v7e-m/fpv4-sp/hard\libc_nano.a(lib_a-memmove.o)
                0x0800786e                memmove
 .text.memset   0x080078a0       0x10 c:/ac6/systemworkbench/plugins/fr.ac6.mcu.externaltools.arm-none.win32_1.17.0.201812190825/tools/compiler/bin/../lib/gcc/arm-none-eabi/7.3.1/../../../../arm-none-eabi/lib/thumb/v7e-m/fpv4-sp/hard\libc_nano.a(lib_a-memset.o)
                0x080078a0                memset
 *(.glue_7)
 .glue_7        0x080078b0        0x0 linker stubs
 *(.glue_7t)
 .glue_7t       0x080078b0        0x0 linker stubs
 *(.eh_frame)
 .eh_frame      0x080078b0        0x0 c:/ac6/systemworkbench/plugins/fr.ac6.mcu.externaltools.arm-none.win32_1.17.0.201812190825/tools/compiler/bin/../lib/gcc/arm-none-eabi/7.3.1/thumb/v7e-m/fpv4-sp/hard/crtbegin.o
 *(.init)
 .init          0x080078b0        0x4 c:/ac6/systemworkbench/plugins/fr.ac6.mcu.externaltools.arm-none.win32_1.17.0.201812190825/tools/compiler/bin/../lib/gcc/arm-none-eabi/7.3.1/thumb/v7e-m/fpv4-sp/hard/crti.o
                0x080078b0                _init
 .init          0x080078b4        0x8 c:/ac6/systemworkbench/plugins/fr.ac6.mcu.externaltools.arm-none.win32_1.17.0.201812190825/tools/compiler/bin/../lib/gcc/arm-none-eabi/7.3.1/thumb/v7e-m/fpv4-sp/hard/crtn.o
 *(.fini)
 .fini          0x080078bc        0x4 c:/ac6/systemworkbench/plugins/fr.ac6.mcu.externaltools.arm-none.win32_1.17.0.201812190825/tools/compiler/bin/../lib/gcc/arm-none-eabi/7.3.1/thumb/v7e-m/fpv4-sp/hard/crti.o
                0x080078bc                _fini
 .fini          0x080078c0        0x8 c:/ac6/systemworkbench/plugins/fr.ac6.mcu.externaltools.arm-none.win32_1.17.0.201812190825/tools/compiler/bin/../lib/gcc/arm-none-eabi/7.3.1/thumb/v7e-m/fpv4-sp/hard/crtn.o
                0x080078c8                . = ALIGN (0x4)
                0x080078c8                _etext = .

.vfp11_veneer   0x080078c8        0x0
 .vfp11_veneer  0x080078c8        0x0 linker stubs

.v4_bx          0x080078c8        0x0
 .v4_bx         0x080078c8        0x0 linker stubs

.iplt           0x080078c8        0x0
 .iplt          0x080078c8        0x0 c:/ac6/systemworkbench/plugins/fr.ac6.mcu.externaltools.arm-none.win32_1.17.0.201812190825/tools/compiler/bin/../lib/gcc/arm-none-eabi/7.3.1/thumb/v7e-m/fpv4-sp/hard/crtbegin.o

.rodata         0x080078c8      0x354
                0x080078c8                . = ALIGN (0x4)
 *(.rodata)
 .rodata        0x080078c8      0x200 Core/Src/CRC16.o
                0x080078c8                crc16_table
 .rodata        0x08007ac8      0x100 Core/Src/nand_ecc.o
 .rodata        0x08007bc8       0x18 Core/Src/system_stm32f4xx.o
                0x08007bc8                AHBPrescTable
                0x08007bd8                APBPrescTable
 .rodata        0x08007be0        0x8 Drivers/STM32F4xx_HAL_Driver/Src/stm32f4xx_hal_dma.o
 *(.rodata*)
 .rodata.str1.4
                0x08007be8       0x12 Core/Src/ami.o
 *fill*         0x08007bfa        0x2 
 .rodata.str1.4
                0x08007bfc       0x20 Core/Src/stm32f4xx_hal_msp.o
                0x08007c1c                . = ALIGN (0x4)

.ARM.extab
 *(.ARM.extab* .gnu.linkonce.armextab.*)

.ARM            0x08007c1c        0x8
                0x08007c1c                __exidx_start = .
 *(.ARM.exidx*)
 .ARM.exidx     0x08007c1c        0x8 c:/ac6/systemworkbench/plugins/fr.ac6.mcu.externaltools.arm-none.win32_1.17.0.201812190825/tools/compiler/bin/../lib/gcc/arm-none-eabi/7.3.1/thumb/v7e-m/fpv4-sp/hard\libgcc.a(_udivmoddi4.o)
                0x08007c24                __exidx_end = .

.rel.dyn        0x08007c24        0x0
 .rel.iplt      0x08007c24        0x0 c:/ac6/systemworkbench/plugins/fr.ac6.mcu.externaltools.arm-none.win32_1.17.0.201812190825/tools/compiler/bin/../lib/gcc/arm-none-eabi/7.3.1/thumb/v7e-m/fpv4-sp/hard/crtbegin.o

.preinit_array  0x08007c24        0x0
                0x08007c24                PROVIDE (__preinit_array_start = .)
 *(.preinit_array*)
                0x08007c24                PROVIDE (__preinit_array_end = .)

.init_array     0x08007c24        0x4
                0x08007c24                PROVIDE (__init_array_start = .)
 *(SORT_BY_NAME(.init_array.*))
 *(.init_array*)
 .init_array    0x08007c24        0x4 c:/ac6/systemworkbench/plugins/fr.ac6.mcu.externaltools.arm-none.win32_1.17.0.201812190825/tools/compiler/bin/../lib/gcc/arm-none-eabi/7.3.1/thumb/v7e-m/fpv4-sp/hard/crtbegin.o
                0x08007c28                PROVIDE (__init_array_end = .)

.fini_array     0x08007c28        0x4
                [!provide]                PROVIDE (__fini_array_start = .)
 *(SORT_BY_NAME(.fini_array.*))
 *(.fini_array*)
 .fini_array    0x08007c28        0x4 c:/ac6/systemworkbench/plugins/fr.ac6.mcu.externaltools.arm-none.win32_1.17.0.201812190825/tools/compiler/bin/../lib/gcc/arm-none-eabi/7.3.1/thumb/v7e-m/fpv4-sp/hard/crtbegin.o
                [!provide]                PROVIDE (__fini_array_end = .)
                0x08007c2c                _sidata = LOADADDR (.data)

.data           0x20000000       0x10 load address 0x08007c2c
                0x20000000                . = ALIGN (0x4)
                0x20000000                _sdata = .
 *(.data)
 .data          0x20000000        0x1 Core/Src/ami.o
 .data          0x20000001        0x1 Core/Src/main.o
                0x20000001                bootloader_timeout
 *fill*         0x20000002        0x2 
 .data          0x20000004        0x4 Core/Src/system_stm32f4xx.o
                0x20000004                SystemCoreClock
 .data          0x20000008        0x8 Drivers/STM32F4xx_HAL_Driver/Src/stm32f4xx_hal.o
                0x20000008                uwTickFreq
                0x2000000c                uwTickPrio
 *(.data*)
                0x20000010                . = ALIGN (0x4)
                0x20000010                _edata = .
                0x08007c3c                _siccmram = LOADADDR (.ccmram)

.igot.plt       0x20000010        0x0 load address 0x08007c3c
 .igot.plt      0x20000010        0x0 c:/ac6/systemworkbench/plugins/fr.ac6.mcu.externaltools.arm-none.win32_1.17.0.201812190825/tools/compiler/bin/../lib/gcc/arm-none-eabi/7.3.1/thumb/v7e-m/fpv4-sp/hard/crtbegin.o

.ccmram         0x10000000        0x0 load address 0x08007c3c
                0x10000000                . = ALIGN (0x4)
                0x10000000                _sccmram = .
 *(.ccmram)
 *(.ccmram*)
                0x10000000                . = ALIGN (0x4)
                0x10000000                _eccmram = .
                0x10000000                . = ALIGN (0x4)

.bss            0x20000010     0xab2c
                0x20000010                _sbss = .
                0x20000010                __bss_start__ = _sbss
 *(.bss)
 .bss           0x20000010       0x1c c:/ac6/systemworkbench/plugins/fr.ac6.mcu.externaltools.arm-none.win32_1.17.0.201812190825/tools/compiler/bin/../lib/gcc/arm-none-eabi/7.3.1/thumb/v7e-m/fpv4-sp/hard/crtbegin.o
 .bss           0x2000002c        0x6 Core/Src/ami.o
                0x2000002c                ami_byte_counter
                0x20000030                ami_rx_buffer_updated
                0x20000031                ami_speed_HS
 *fill*         0x20000032        0x2 
 .bss           0x20000034     0x2020 Core/Src/ami_protocol.o
 .bss           0x20002054       0x20 Core/Src/flash_stm32f4.o
 .bss           0x20002074      0x224 Core/Src/m95m01_eeprom.o
                0x20002074                spi_type
 .bss           0x20002298        0x1 Core/Src/main.o
                0x20002298                bootflag_write
 *fill*         0x20002299        0x3 
 .bss           0x2000229c        0x4 Core/Src/memory_status.o
 .bss           0x200022a0     0x100c Core/Src/mt29fxg08_nand.o
                0x200022a4                NAND_PAGE_R_BUF
 .bss           0x200032ac     0x1000 Core/Src/nand_block_table.o
 .bss           0x200042ac        0x2 Core/Src/post_module.o
                0x200042ac                global_suspend
                0x200042ad                suspend_dev_id
 *fill*         0x200042ae        0x2 
 .bss           0x200042b0        0x8 Core/Src/stm32f4xx_hal_msp.o
 *(.bss*)
 *(COMMON)
 COMMON         0x200042b8     0x4001 Core/Src/ami.o
                0x200042b8                ami_Buffer_rx
                0x200062b8                ami_Buffer_tx
                0x200082b8                mod_status_reg
 *fill*         0x200082b9        0x3 
 COMMON         0x200082bc        0x1 Core/Src/m95m01_eeprom.o
                0x200082bc                status_reg
 *fill*         0x200082bd        0x3 
 COMMON         0x200082c0      0x354 Core/Src/main.o
                0x200082c0                hdma_memtomem_dma2_stream0
                0x20008320                htim10
                0x2000835c                hiwdg
                0x20008368                hcrc
                0x20008370                JumpAddress
                0x20008374                Jump_To_Application
                0x20008378                hdma_usart6_tx
                0x200083d8                hdma_usart1_rx
                0x20008438                hdma_usart2_tx
                0x20008498                hnand1
                0x200084d8                huart1
                0x20008518                htim1
                0x20008554                g_comm_channel
                0x20008558                huart6
                0x20008598                htim2
                0x200085d4                huart2
 COMMON         0x20008614     0x10e4 Core/Src/mt29fxg08_nand.o
                0x20008614                ss
                0x20008618                spare
                0x200086f8                page_temp
 COMMON         0x200096f8     0x1018 Core/Src/nand_block_table.o
                0x200096f8                BlockTable_EEP
                0x20009f04                BlockTable_NAND
 COMMON         0x2000a710      0x406 Core/Src/post_module.o
                0x2000a710                suspend_len
                0x2000a712                destination_address
                0x2000a714                suspend_data
                0x2000ab14                suspend_source
                0x2000ab15                suspend_destination
 *fill*         0x2000ab16        0x2 
 COMMON         0x2000ab18        0x4 Drivers/STM32F4xx_HAL_Driver/Src/stm32f4xx_hal.o
                0x2000ab18                uwTick
 COMMON         0x2000ab1c       0x20 Drivers/STM32F4xx_HAL_Driver/Src/stm32f4xx_hal_flash.o
                0x2000ab1c                pFlash
                0x2000ab3c                . = ALIGN (0x4)
                0x2000ab3c                _ebss = .
                0x2000ab3c                __bss_end__ = _ebss

._user_heap_stack
                0x2000ab3c     0x6004
                0x2000ab40                . = ALIGN (0x8)
 *fill*         0x2000ab3c        0x4 
                [!provide]                PROVIDE (end = .)
                [!provide]                PROVIDE (_end = .)
                0x2000eb40                . = (. + _Min_Heap_Size)
 *fill*         0x2000ab40     0x4000 
                0x20010b40                . = (. + _Min_Stack_Size)
 *fill*         0x2000eb40     0x2000 
                0x20010b40                . = ALIGN (0x8)

/DISCARD/
 libc.a(*)
 libm.a(*)
 libgcc.a(*)

.ARM.attributes
                0x00000000       0x30
 *(.ARM.attributes)
 .ARM.attributes
                0x00000000       0x22 c:/ac6/systemworkbench/plugins/fr.ac6.mcu.externaltools.arm-none.win32_1.17.0.201812190825/tools/compiler/bin/../lib/gcc/arm-none-eabi/7.3.1/thumb/v7e-m/fpv4-sp/hard/crti.o
 .ARM.attributes
                0x00000022       0x34 c:/ac6/systemworkbench/plugins/fr.ac6.mcu.externaltools.arm-none.win32_1.17.0.201812190825/tools/compiler/bin/../lib/gcc/arm-none-eabi/7.3.1/thumb/v7e-m/fpv4-sp/hard/crtbegin.o
 .ARM.attributes
                0x00000056       0x39 Core/Src/CRC16.o
 .ARM.attributes
                0x0000008f       0x39 Core/Src/ami.o
 .ARM.attributes
                0x000000c8       0x39 Core/Src/ami_protocol.o
 .ARM.attributes
                0x00000101       0x39 Core/Src/flash_stm32f4.o
 .ARM.attributes
                0x0000013a       0x39 Core/Src/hal_func_redef.o
 .ARM.attributes
                0x00000173       0x39 Core/Src/m95m01_eeprom.o
 .ARM.attributes
                0x000001ac       0x39 Core/Src/main.o
 .ARM.attributes
                0x000001e5       0x39 Core/Src/memory.o
 .ARM.attributes
                0x0000021e       0x39 Core/Src/memory_status.o
 .ARM.attributes
                0x00000257       0x39 Core/Src/mt29fxg08_nand.o
 .ARM.attributes
                0x00000290       0x39 Core/Src/nand_block_table.o
 .ARM.attributes
                0x000002c9       0x39 Core/Src/nand_ecc.o
 .ARM.attributes
                0x00000302       0x39 Core/Src/post_module.o
 .ARM.attributes
                0x0000033b       0x39 Core/Src/stm32f4xx_hal_msp.o
 .ARM.attributes
                0x00000374       0x39 Core/Src/stm32f4xx_it.o
 .ARM.attributes
                0x000003ad       0x39 Core/Src/system_stm32f4xx.o
 .ARM.attributes
                0x000003e6       0x39 Drivers/STM32F4xx_HAL_Driver/Src/stm32f4xx_hal.o
 .ARM.attributes
                0x0000041f       0x39 Drivers/STM32F4xx_HAL_Driver/Src/stm32f4xx_hal_cortex.o
 .ARM.attributes
                0x00000458       0x39 Drivers/STM32F4xx_HAL_Driver/Src/stm32f4xx_hal_crc.o
 .ARM.attributes
                0x00000491       0x39 Drivers/STM32F4xx_HAL_Driver/Src/stm32f4xx_hal_dma.o
 .ARM.attributes
                0x000004ca       0x39 Drivers/STM32F4xx_HAL_Driver/Src/stm32f4xx_hal_flash.o
 .ARM.attributes
                0x00000503       0x39 Drivers/STM32F4xx_HAL_Driver/Src/stm32f4xx_hal_flash_ex.o
 .ARM.attributes
                0x0000053c       0x39 Drivers/STM32F4xx_HAL_Driver/Src/stm32f4xx_hal_gpio.o
 .ARM.attributes
                0x00000575       0x39 Drivers/STM32F4xx_HAL_Driver/Src/stm32f4xx_hal_iwdg.o
 .ARM.attributes
                0x000005ae       0x39 Drivers/STM32F4xx_HAL_Driver/Src/stm32f4xx_hal_nand.o
 .ARM.attributes
                0x000005e7       0x39 Drivers/STM32F4xx_HAL_Driver/Src/stm32f4xx_hal_pwr_ex.o
 .ARM.attributes
                0x00000620       0x39 Drivers/STM32F4xx_HAL_Driver/Src/stm32f4xx_hal_rcc.o
 .ARM.attributes
                0x00000659       0x39 Drivers/STM32F4xx_HAL_Driver/Src/stm32f4xx_hal_tim.o
 .ARM.attributes
                0x00000692       0x39 Drivers/STM32F4xx_HAL_Driver/Src/stm32f4xx_hal_tim_ex.o
 .ARM.attributes
                0x000006cb       0x39 Drivers/STM32F4xx_HAL_Driver/Src/stm32f4xx_hal_uart.o
 .ARM.attributes
                0x00000704       0x39 Drivers/STM32F4xx_HAL_Driver/Src/stm32f4xx_ll_fmc.o
 .ARM.attributes
                0x0000073d       0x21 startup/startup_stm32f427xx.o
 .ARM.attributes
                0x0000075e       0x22 c:/ac6/systemworkbench/plugins/fr.ac6.mcu.externaltools.arm-none.win32_1.17.0.201812190825/tools/compiler/bin/../lib/gcc/arm-none-eabi/7.3.1/thumb/v7e-m/fpv4-sp/hard\libgcc.a(_aeabi_uldivmod.o)
 .ARM.attributes
                0x00000780       0x34 c:/ac6/systemworkbench/plugins/fr.ac6.mcu.externaltools.arm-none.win32_1.17.0.201812190825/tools/compiler/bin/../lib/gcc/arm-none-eabi/7.3.1/thumb/v7e-m/fpv4-sp/hard\libgcc.a(_udivmoddi4.o)
 .ARM.attributes
                0x000007b4       0x22 c:/ac6/systemworkbench/plugins/fr.ac6.mcu.externaltools.arm-none.win32_1.17.0.201812190825/tools/compiler/bin/../lib/gcc/arm-none-eabi/7.3.1/thumb/v7e-m/fpv4-sp/hard\libgcc.a(_dvmd_tls.o)
 .ARM.attributes
                0x000007d6       0x34 c:/ac6/systemworkbench/plugins/fr.ac6.mcu.externaltools.arm-none.win32_1.17.0.201812190825/tools/compiler/bin/../lib/gcc/arm-none-eabi/7.3.1/../../../../arm-none-eabi/lib/thumb/v7e-m/fpv4-sp/hard\libc_nano.a(lib_a-init.o)
 .ARM.attributes
                0x0000080a       0x34 c:/ac6/systemworkbench/plugins/fr.ac6.mcu.externaltools.arm-none.win32_1.17.0.201812190825/tools/compiler/bin/../lib/gcc/arm-none-eabi/7.3.1/../../../../arm-none-eabi/lib/thumb/v7e-m/fpv4-sp/hard\libc_nano.a(lib_a-memcpy-stub.o)
 .ARM.attributes
                0x0000083e       0x34 c:/ac6/systemworkbench/plugins/fr.ac6.mcu.externaltools.arm-none.win32_1.17.0.201812190825/tools/compiler/bin/../lib/gcc/arm-none-eabi/7.3.1/../../../../arm-none-eabi/lib/thumb/v7e-m/fpv4-sp/hard\libc_nano.a(lib_a-memmove.o)
 .ARM.attributes
                0x00000872       0x34 c:/ac6/systemworkbench/plugins/fr.ac6.mcu.externaltools.arm-none.win32_1.17.0.201812190825/tools/compiler/bin/../lib/gcc/arm-none-eabi/7.3.1/../../../../arm-none-eabi/lib/thumb/v7e-m/fpv4-sp/hard\libc_nano.a(lib_a-memset.o)
 .ARM.attributes
                0x000008a6       0x22 c:/ac6/systemworkbench/plugins/fr.ac6.mcu.externaltools.arm-none.win32_1.17.0.201812190825/tools/compiler/bin/../lib/gcc/arm-none-eabi/7.3.1/thumb/v7e-m/fpv4-sp/hard/crtn.o
OUTPUT(Bootloader.elf elf32-littlearm)

.debug_info     0x00000000    0x2aac0
 .debug_info    0x00000000      0xa72 Core/Src/CRC16.o
 .debug_info    0x00000a72     0x22b2 Core/Src/ami.o
 .debug_info    0x00002d24      0xdf3 Core/Src/ami_protocol.o
 .debug_info    0x00003b17      0xec2 Core/Src/flash_stm32f4.o
 .debug_info    0x000049d9      0xa11 Core/Src/hal_func_redef.o
 .debug_info    0x000053ea     0x1fb2 Core/Src/m95m01_eeprom.o
 .debug_info    0x0000739c     0x32b6 Core/Src/main.o
 .debug_info    0x0000a652      0xbfa Core/Src/memory.o
 .debug_info    0x0000b24c      0xb20 Core/Src/memory_status.o
 .debug_info    0x0000bd6c     0x2632 Core/Src/mt29fxg08_nand.o
 .debug_info    0x0000e39e     0x1636 Core/Src/nand_block_table.o
 .debug_info    0x0000f9d4      0x37d Core/Src/nand_ecc.o
 .debug_info    0x0000fd51      0xb1b Core/Src/post_module.o
 .debug_info    0x0001086c     0x217c Core/Src/stm32f4xx_hal_msp.o
 .debug_info    0x000129e8     0x1544 Core/Src/stm32f4xx_it.o
 .debug_info    0x00013f2c      0xd43 Core/Src/system_stm32f4xx.o
 .debug_info    0x00014c6f     0x1269 Drivers/STM32F4xx_HAL_Driver/Src/stm32f4xx_hal.o
 .debug_info    0x00015ed8     0x177d Drivers/STM32F4xx_HAL_Driver/Src/stm32f4xx_hal_cortex.o
 .debug_info    0x00017655      0xc21 Drivers/STM32F4xx_HAL_Driver/Src/stm32f4xx_hal_crc.o
 .debug_info    0x00018276     0x12f5 Drivers/STM32F4xx_HAL_Driver/Src/stm32f4xx_hal_dma.o
 .debug_info    0x0001956b     0x1058 Drivers/STM32F4xx_HAL_Driver/Src/stm32f4xx_hal_flash.o
 .debug_info    0x0001a5c3     0x1419 Drivers/STM32F4xx_HAL_Driver/Src/stm32f4xx_hal_flash_ex.o
 .debug_info    0x0001b9dc      0xfb2 Drivers/STM32F4xx_HAL_Driver/Src/stm32f4xx_hal_gpio.o
 .debug_info    0x0001c98e      0xab5 Drivers/STM32F4xx_HAL_Driver/Src/stm32f4xx_hal_iwdg.o
 .debug_info    0x0001d443     0x1ae1 Drivers/STM32F4xx_HAL_Driver/Src/stm32f4xx_hal_nand.o
 .debug_info    0x0001ef24     0x1001 Drivers/STM32F4xx_HAL_Driver/Src/stm32f4xx_hal_pwr_ex.o
 .debug_info    0x0001ff25     0x12b1 Drivers/STM32F4xx_HAL_Driver/Src/stm32f4xx_hal_rcc.o
 .debug_info    0x000211d6     0x436c Drivers/STM32F4xx_HAL_Driver/Src/stm32f4xx_hal_tim.o
 .debug_info    0x00025542     0x1bcc Drivers/STM32F4xx_HAL_Driver/Src/stm32f4xx_hal_tim_ex.o
 .debug_info    0x0002710e     0x2265 Drivers/STM32F4xx_HAL_Driver/Src/stm32f4xx_hal_uart.o
 .debug_info    0x00029373     0x174d Drivers/STM32F4xx_HAL_Driver/Src/stm32f4xx_ll_fmc.o

.debug_abbrev   0x00000000     0x63dd
 .debug_abbrev  0x00000000      0x272 Core/Src/CRC16.o
 .debug_abbrev  0x00000272      0x518 Core/Src/ami.o
 .debug_abbrev  0x0000078a      0x348 Core/Src/ami_protocol.o
 .debug_abbrev  0x00000ad2      0x2fa Core/Src/flash_stm32f4.o
 .debug_abbrev  0x00000dcc      0x21f Core/Src/hal_func_redef.o
 .debug_abbrev  0x00000feb      0x4d9 Core/Src/m95m01_eeprom.o
 .debug_abbrev  0x000014c4      0x45a Core/Src/main.o
 .debug_abbrev  0x0000191e      0x2a8 Core/Src/memory.o
 .debug_abbrev  0x00001bc6      0x24f Core/Src/memory_status.o
 .debug_abbrev  0x00001e15      0x4cc Core/Src/mt29fxg08_nand.o
 .debug_abbrev  0x000022e1      0x372 Core/Src/nand_block_table.o
 .debug_abbrev  0x00002653      0x179 Core/Src/nand_ecc.o
 .debug_abbrev  0x000027cc      0x267 Core/Src/post_module.o
 .debug_abbrev  0x00002a33      0x343 Core/Src/stm32f4xx_hal_msp.o
 .debug_abbrev  0x00002d76      0x293 Core/Src/stm32f4xx_it.o
 .debug_abbrev  0x00003009      0x205 Core/Src/system_stm32f4xx.o
 .debug_abbrev  0x0000320e      0x347 Drivers/STM32F4xx_HAL_Driver/Src/stm32f4xx_hal.o
 .debug_abbrev  0x00003555      0x3ce Drivers/STM32F4xx_HAL_Driver/Src/stm32f4xx_hal_cortex.o
 .debug_abbrev  0x00003923      0x297 Drivers/STM32F4xx_HAL_Driver/Src/stm32f4xx_hal_crc.o
 .debug_abbrev  0x00003bba      0x3be Drivers/STM32F4xx_HAL_Driver/Src/stm32f4xx_hal_dma.o
 .debug_abbrev  0x00003f78      0x3ee Drivers/STM32F4xx_HAL_Driver/Src/stm32f4xx_hal_flash.o
 .debug_abbrev  0x00004366      0x3dd Drivers/STM32F4xx_HAL_Driver/Src/stm32f4xx_hal_flash_ex.o
 .debug_abbrev  0x00004743      0x2a5 Drivers/STM32F4xx_HAL_Driver/Src/stm32f4xx_hal_gpio.o
 .debug_abbrev  0x000049e8      0x221 Drivers/STM32F4xx_HAL_Driver/Src/stm32f4xx_hal_iwdg.o
 .debug_abbrev  0x00004c09      0x384 Drivers/STM32F4xx_HAL_Driver/Src/stm32f4xx_hal_nand.o
 .debug_abbrev  0x00004f8d      0x2ce Drivers/STM32F4xx_HAL_Driver/Src/stm32f4xx_hal_pwr_ex.o
 .debug_abbrev  0x0000525b      0x383 Drivers/STM32F4xx_HAL_Driver/Src/stm32f4xx_hal_rcc.o
 .debug_abbrev  0x000055de      0x40c Drivers/STM32F4xx_HAL_Driver/Src/stm32f4xx_hal_tim.o
 .debug_abbrev  0x000059ea      0x386 Drivers/STM32F4xx_HAL_Driver/Src/stm32f4xx_hal_tim_ex.o
 .debug_abbrev  0x00005d70      0x3f4 Drivers/STM32F4xx_HAL_Driver/Src/stm32f4xx_hal_uart.o
 .debug_abbrev  0x00006164      0x279 Drivers/STM32F4xx_HAL_Driver/Src/stm32f4xx_ll_fmc.o

.debug_loc      0x00000000    0x114bf
 .debug_loc     0x00000000      0x251 Core/Src/CRC16.o
 .debug_loc     0x00000251      0x365 Core/Src/ami.o
 .debug_loc     0x000005b6      0x1b5 Core/Src/ami_protocol.o
 .debug_loc     0x0000076b      0xf85 Core/Src/flash_stm32f4.o
 .debug_loc     0x000016f0       0x21 Core/Src/hal_func_redef.o
 .debug_loc     0x00001711      0xb77 Core/Src/m95m01_eeprom.o
 .debug_loc     0x00002288      0x689 Core/Src/main.o
 .debug_loc     0x00002911       0x3f Core/Src/memory.o
 .debug_loc     0x00002950       0x30 Core/Src/memory_status.o
 .debug_loc     0x00002980     0x1641 Core/Src/mt29fxg08_nand.o
 .debug_loc     0x00003fc1      0x1e6 Core/Src/nand_block_table.o
 .debug_loc     0x000041a7      0x996 Core/Src/nand_ecc.o
 .debug_loc     0x00004b3d      0x20f Core/Src/post_module.o
 .debug_loc     0x00004d4c      0x187 Core/Src/stm32f4xx_hal_msp.o
 .debug_loc     0x00004ed3      0x14c Core/Src/system_stm32f4xx.o
 .debug_loc     0x0000501f      0x10d Drivers/STM32F4xx_HAL_Driver/Src/stm32f4xx_hal.o
 .debug_loc     0x0000512c      0x5c9 Drivers/STM32F4xx_HAL_Driver/Src/stm32f4xx_hal_cortex.o
 .debug_loc     0x000056f5      0x223 Drivers/STM32F4xx_HAL_Driver/Src/stm32f4xx_hal_crc.o
 .debug_loc     0x00005918      0x909 Drivers/STM32F4xx_HAL_Driver/Src/stm32f4xx_hal_dma.o
 .debug_loc     0x00006221      0x4b3 Drivers/STM32F4xx_HAL_Driver/Src/stm32f4xx_hal_flash.o
 .debug_loc     0x000066d4      0x87f Drivers/STM32F4xx_HAL_Driver/Src/stm32f4xx_hal_flash_ex.o
 .debug_loc     0x00006f53      0x4a5 Drivers/STM32F4xx_HAL_Driver/Src/stm32f4xx_hal_gpio.o
 .debug_loc     0x000073f8       0x8c Drivers/STM32F4xx_HAL_Driver/Src/stm32f4xx_hal_iwdg.o
 .debug_loc     0x00007484     0x1c8a Drivers/STM32F4xx_HAL_Driver/Src/stm32f4xx_hal_nand.o
 .debug_loc     0x0000910e      0x1e7 Drivers/STM32F4xx_HAL_Driver/Src/stm32f4xx_hal_pwr_ex.o
 .debug_loc     0x000092f5      0x3d0 Drivers/STM32F4xx_HAL_Driver/Src/stm32f4xx_hal_rcc.o
 .debug_loc     0x000096c5     0x4e8e Drivers/STM32F4xx_HAL_Driver/Src/stm32f4xx_hal_tim.o
 .debug_loc     0x0000e553      0xdfa Drivers/STM32F4xx_HAL_Driver/Src/stm32f4xx_hal_tim_ex.o
 .debug_loc     0x0000f34d     0x1661 Drivers/STM32F4xx_HAL_Driver/Src/stm32f4xx_hal_uart.o
 .debug_loc     0x000109ae      0xb11 Drivers/STM32F4xx_HAL_Driver/Src/stm32f4xx_ll_fmc.o

.debug_aranges  0x00000000     0x1000
 .debug_aranges
                0x00000000       0x30 Core/Src/CRC16.o
 .debug_aranges
                0x00000030       0x98 Core/Src/ami.o
 .debug_aranges
                0x000000c8       0x38 Core/Src/ami_protocol.o
 .debug_aranges
                0x00000100       0x40 Core/Src/flash_stm32f4.o
 .debug_aranges
                0x00000140       0x28 Core/Src/hal_func_redef.o
 .debug_aranges
                0x00000168       0x88 Core/Src/m95m01_eeprom.o
 .debug_aranges
                0x000001f0       0x88 Core/Src/main.o
 .debug_aranges
                0x00000278       0x38 Core/Src/memory.o
 .debug_aranges
                0x000002b0       0x30 Core/Src/memory_status.o
 .debug_aranges
                0x000002e0       0x90 Core/Src/mt29fxg08_nand.o
 .debug_aranges
                0x00000370       0x58 Core/Src/nand_block_table.o
 .debug_aranges
                0x000003c8       0x28 Core/Src/nand_ecc.o
 .debug_aranges
                0x000003f0       0x30 Core/Src/post_module.o
 .debug_aranges
                0x00000420       0x68 Core/Src/stm32f4xx_hal_msp.o
 .debug_aranges
                0x00000488       0x90 Core/Src/stm32f4xx_it.o
 .debug_aranges
                0x00000518       0x28 Core/Src/system_stm32f4xx.o
 .debug_aranges
                0x00000540       0xe8 Drivers/STM32F4xx_HAL_Driver/Src/stm32f4xx_hal.o
 .debug_aranges
                0x00000628       0xa8 Drivers/STM32F4xx_HAL_Driver/Src/stm32f4xx_hal_cortex.o
 .debug_aranges
                0x000006d0       0x48 Drivers/STM32F4xx_HAL_Driver/Src/stm32f4xx_hal_crc.o
 .debug_aranges
                0x00000718       0x78 Drivers/STM32F4xx_HAL_Driver/Src/stm32f4xx_hal_dma.o
 .debug_aranges
                0x00000790       0x78 Drivers/STM32F4xx_HAL_Driver/Src/stm32f4xx_hal_flash.o
 .debug_aranges
                0x00000808       0x70 Drivers/STM32F4xx_HAL_Driver/Src/stm32f4xx_hal_flash_ex.o
 .debug_aranges
                0x00000878       0x58 Drivers/STM32F4xx_HAL_Driver/Src/stm32f4xx_hal_gpio.o
 .debug_aranges
                0x000008d0       0x28 Drivers/STM32F4xx_HAL_Driver/Src/stm32f4xx_hal_iwdg.o
 .debug_aranges
                0x000008f8       0xc8 Drivers/STM32F4xx_HAL_Driver/Src/stm32f4xx_hal_nand.o
 .debug_aranges
                0x000009c0       0x60 Drivers/STM32F4xx_HAL_Driver/Src/stm32f4xx_hal_pwr_ex.o
 .debug_aranges
                0x00000a20       0x88 Drivers/STM32F4xx_HAL_Driver/Src/stm32f4xx_hal_rcc.o
 .debug_aranges
                0x00000aa8      0x230 Drivers/STM32F4xx_HAL_Driver/Src/stm32f4xx_hal_tim.o
 .debug_aranges
                0x00000cd8       0xe8 Drivers/STM32F4xx_HAL_Driver/Src/stm32f4xx_hal_tim_ex.o
 .debug_aranges
                0x00000dc0      0x150 Drivers/STM32F4xx_HAL_Driver/Src/stm32f4xx_hal_uart.o
 .debug_aranges
                0x00000f10       0xf0 Drivers/STM32F4xx_HAL_Driver/Src/stm32f4xx_ll_fmc.o

.debug_ranges   0x00000000     0x2e80
 .debug_ranges  0x00000000       0x58 Core/Src/CRC16.o
 .debug_ranges  0x00000058      0x3d8 Core/Src/ami.o
 .debug_ranges  0x00000430       0x28 Core/Src/ami_protocol.o
 .debug_ranges  0x00000458      0x3d0 Core/Src/flash_stm32f4.o
 .debug_ranges  0x00000828       0x58 Core/Src/hal_func_redef.o
 .debug_ranges  0x00000880      0x500 Core/Src/m95m01_eeprom.o
 .debug_ranges  0x00000d80      0x238 Core/Src/main.o
 .debug_ranges  0x00000fb8       0x58 Core/Src/memory.o
 .debug_ranges  0x00001010       0x20 Core/Src/memory_status.o
 .debug_ranges  0x00001030      0x4f0 Core/Src/mt29fxg08_nand.o
 .debug_ranges  0x00001520       0x88 Core/Src/nand_block_table.o
 .debug_ranges  0x000015a8       0x18 Core/Src/nand_ecc.o
 .debug_ranges  0x000015c0       0x20 Core/Src/post_module.o
 .debug_ranges  0x000015e0      0x178 Core/Src/stm32f4xx_hal_msp.o
 .debug_ranges  0x00001758       0x80 Core/Src/stm32f4xx_it.o
 .debug_ranges  0x000017d8       0x18 Core/Src/system_stm32f4xx.o
 .debug_ranges  0x000017f0       0xd8 Drivers/STM32F4xx_HAL_Driver/Src/stm32f4xx_hal.o
 .debug_ranges  0x000018c8      0x138 Drivers/STM32F4xx_HAL_Driver/Src/stm32f4xx_hal_cortex.o
 .debug_ranges  0x00001a00       0x38 Drivers/STM32F4xx_HAL_Driver/Src/stm32f4xx_hal_crc.o
 .debug_ranges  0x00001a38      0x120 Drivers/STM32F4xx_HAL_Driver/Src/stm32f4xx_hal_dma.o
 .debug_ranges  0x00001b58      0x178 Drivers/STM32F4xx_HAL_Driver/Src/stm32f4xx_hal_flash.o
 .debug_ranges  0x00001cd0      0x230 Drivers/STM32F4xx_HAL_Driver/Src/stm32f4xx_hal_flash_ex.o
 .debug_ranges  0x00001f00       0x68 Drivers/STM32F4xx_HAL_Driver/Src/stm32f4xx_hal_gpio.o
 .debug_ranges  0x00001f68       0x18 Drivers/STM32F4xx_HAL_Driver/Src/stm32f4xx_hal_iwdg.o
 .debug_ranges  0x00001f80      0x198 Drivers/STM32F4xx_HAL_Driver/Src/stm32f4xx_hal_nand.o
 .debug_ranges  0x00002118       0xc8 Drivers/STM32F4xx_HAL_Driver/Src/stm32f4xx_hal_pwr_ex.o
 .debug_ranges  0x000021e0      0x100 Drivers/STM32F4xx_HAL_Driver/Src/stm32f4xx_hal_rcc.o
 .debug_ranges  0x000022e0      0x698 Drivers/STM32F4xx_HAL_Driver/Src/stm32f4xx_hal_tim.o
 .debug_ranges  0x00002978       0xd8 Drivers/STM32F4xx_HAL_Driver/Src/stm32f4xx_hal_tim_ex.o
 .debug_ranges  0x00002a50      0x350 Drivers/STM32F4xx_HAL_Driver/Src/stm32f4xx_hal_uart.o
 .debug_ranges  0x00002da0       0xe0 Drivers/STM32F4xx_HAL_Driver/Src/stm32f4xx_ll_fmc.o

.debug_macro    0x00000000    0x28e45
 .debug_macro   0x00000000      0x1d1 Core/Src/CRC16.o
 .debug_macro   0x000001d1      0xa60 Core/Src/CRC16.o
 .debug_macro   0x00000c31       0x22 Core/Src/CRC16.o
 .debug_macro   0x00000c53       0x8e Core/Src/CRC16.o
 .debug_macro   0x00000ce1       0x51 Core/Src/CRC16.o
 .debug_macro   0x00000d32       0xef Core/Src/CRC16.o
 .debug_macro   0x00000e21       0x6a Core/Src/CRC16.o
 .debug_macro   0x00000e8b      0x1df Core/Src/CRC16.o
 .debug_macro   0x0000106a       0x5e Core/Src/CRC16.o
 .debug_macro   0x000010c8       0x18 Core/Src/CRC16.o
 .debug_macro   0x000010e0       0x35 Core/Src/CRC16.o
 .debug_macro   0x00001115       0x34 Core/Src/CRC16.o
 .debug_macro   0x00001149       0x16 Core/Src/CRC16.o
 .debug_macro   0x0000115f       0x97 Core/Src/CRC16.o
 .debug_macro   0x000011f6      0x330 Core/Src/CRC16.o
 .debug_macro   0x00001526       0xfd Core/Src/CRC16.o
 .debug_macro   0x00001623       0x10 Core/Src/CRC16.o
 .debug_macro   0x00001633       0x58 Core/Src/CRC16.o
 .debug_macro   0x0000168b       0x1f Core/Src/CRC16.o
 .debug_macro   0x000016aa       0x43 Core/Src/CRC16.o
 .debug_macro   0x000016ed       0x20 Core/Src/CRC16.o
 .debug_macro   0x0000170d      0x18e Core/Src/CRC16.o
 .debug_macro   0x0000189b       0x10 Core/Src/CRC16.o
 .debug_macro   0x000018ab       0x1c Core/Src/CRC16.o
 .debug_macro   0x000018c7       0x52 Core/Src/CRC16.o
 .debug_macro   0x00001919       0x40 Core/Src/CRC16.o
 .debug_macro   0x00001959       0x10 Core/Src/CRC16.o
 .debug_macro   0x00001969       0x40 Core/Src/CRC16.o
 .debug_macro   0x000019a9       0xd7 Core/Src/CRC16.o
 .debug_macro   0x00001a80       0x1c Core/Src/CRC16.o
 .debug_macro   0x00001a9c       0x3d Core/Src/CRC16.o
 .debug_macro   0x00001ad9       0x16 Core/Src/CRC16.o
 .debug_macro   0x00001aef      0x16f Core/Src/CRC16.o
 .debug_macro   0x00001c5e       0x22 Core/Src/CRC16.o
 .debug_macro   0x00001c80      0x45f Core/Src/ami.o
 .debug_macro   0x000020df      0x19e Core/Src/ami.o
 .debug_macro   0x0000227d       0x32 Core/Src/ami.o
 .debug_macro   0x000022af       0x28 Core/Src/ami.o
 .debug_macro   0x000022d7       0x35 Core/Src/ami.o
 .debug_macro   0x0000230c       0x50 Core/Src/ami.o
 .debug_macro   0x0000235c      0xe66 Core/Src/ami.o
 .debug_macro   0x000031c2    0x17721 Core/Src/ami.o
 .debug_macro   0x0001a8e3       0x43 Core/Src/ami.o
 .debug_macro   0x0001a926     0x35a5 Core/Src/ami.o
 .debug_macro   0x0001decb       0x50 Core/Src/ami.o
 .debug_macro   0x0001df1b      0xc6d Core/Src/ami.o
 .debug_macro   0x0001eb88      0xa02 Core/Src/ami.o
 .debug_macro   0x0001f58a      0x11e Core/Src/ami.o
 .debug_macro   0x0001f6a8      0x16f Core/Src/ami.o
 .debug_macro   0x0001f817       0x27 Core/Src/ami.o
 .debug_macro   0x0001f83e      0x287 Core/Src/ami.o
 .debug_macro   0x0001fac5       0x5f Core/Src/ami.o
 .debug_macro   0x0001fb24      0x23a Core/Src/ami.o
 .debug_macro   0x0001fd5e       0x23 Core/Src/ami.o
 .debug_macro   0x0001fd81      0x13a Core/Src/ami.o
 .debug_macro   0x0001febb      0x41d Core/Src/ami.o
 .debug_macro   0x000202d8       0x2e Core/Src/ami.o
 .debug_macro   0x00020306      0x582 Core/Src/ami.o
 .debug_macro   0x00020888       0xe4 Core/Src/ami.o
 .debug_macro   0x0002096c       0x79 Core/Src/ami.o
 .debug_macro   0x000209e5      0x11e Core/Src/ami.o
 .debug_macro   0x00020b03       0xe2 Core/Src/ami.o
 .debug_macro   0x00020be5       0x89 Core/Src/ami.o
 .debug_macro   0x00020c6e      0x202 Core/Src/ami.o
 .debug_macro   0x00020e70      0x6e0 Core/Src/ami.o
 .debug_macro   0x00021550       0x59 Core/Src/ami.o
 .debug_macro   0x000215a9      0x14d Core/Src/ami.o
 .debug_macro   0x000216f6      0x287 Core/Src/ami.o
 .debug_macro   0x0002197d      0x1df Core/Src/ami.o
 .debug_macro   0x00021b5c      0x115 Core/Src/ami.o
 .debug_macro   0x00021c71      0x13b Core/Src/ami.o
 .debug_macro   0x00021dac       0x58 Core/Src/ami.o
 .debug_macro   0x00021e04       0x16 Core/Src/ami.o
 .debug_macro   0x00021e1a       0x35 Core/Src/ami.o
 .debug_macro   0x00021e4f       0x76 Core/Src/ami.o
 .debug_macro   0x00021ec5       0x2e Core/Src/ami.o
 .debug_macro   0x00021ef3       0x6a Core/Src/ami.o
 .debug_macro   0x00021f5d       0x9a Core/Src/ami.o
 .debug_macro   0x00021ff7       0x4c Core/Src/ami.o
 .debug_macro   0x00022043       0x94 Core/Src/ami.o
 .debug_macro   0x000220d7       0x1c Core/Src/ami.o
 .debug_macro   0x000220f3      0x458 Core/Src/ami_protocol.o
 .debug_macro   0x0002254b      0x174 Core/Src/ami_protocol.o
 .debug_macro   0x000226bf       0x10 Core/Src/ami_protocol.o
 .debug_macro   0x000226cf       0x3b Core/Src/ami_protocol.o
 .debug_macro   0x0002270a       0x1c Core/Src/ami_protocol.o
 .debug_macro   0x00022726       0x34 Core/Src/ami_protocol.o
 .debug_macro   0x0002275a       0x70 Core/Src/ami_protocol.o
 .debug_macro   0x000227ca      0x397 Core/Src/flash_stm32f4.o
 .debug_macro   0x00022b61       0x94 Core/Src/flash_stm32f4.o
 .debug_macro   0x00022bf5      0x388 Core/Src/hal_func_redef.o
 .debug_macro   0x00022f7d      0x3cd Core/Src/m95m01_eeprom.o
 .debug_macro   0x0002334a      0x465 Core/Src/main.o
 .debug_macro   0x000237af      0x3f3 Core/Src/memory.o
 .debug_macro   0x00023ba2      0x41a Core/Src/memory_status.o
 .debug_macro   0x00023fbc      0x422 Core/Src/mt29fxg08_nand.o
 .debug_macro   0x000243de      0x418 Core/Src/nand_block_table.o
 .debug_macro   0x000247f6       0x58 Core/Src/nand_block_table.o
 .debug_macro   0x0002484e       0x94 Core/Src/nand_block_table.o
 .debug_macro   0x000248e2       0x57 Core/Src/nand_block_table.o
 .debug_macro   0x00024939       0x1b Core/Src/nand_ecc.o
 .debug_macro   0x00024954      0x3ed Core/Src/post_module.o
 .debug_macro   0x00024d41      0x388 Core/Src/stm32f4xx_hal_msp.o
 .debug_macro   0x000250c9      0x3fd Core/Src/stm32f4xx_it.o
 .debug_macro   0x000254c6      0x399 Core/Src/system_stm32f4xx.o
 .debug_macro   0x0002585f      0x3e8 Drivers/STM32F4xx_HAL_Driver/Src/stm32f4xx_hal.o
 .debug_macro   0x00025c47      0x388 Drivers/STM32F4xx_HAL_Driver/Src/stm32f4xx_hal_cortex.o
 .debug_macro   0x00025fcf      0x388 Drivers/STM32F4xx_HAL_Driver/Src/stm32f4xx_hal_crc.o
 .debug_macro   0x00026357      0x38f Drivers/STM32F4xx_HAL_Driver/Src/stm32f4xx_hal_dma.o
 .debug_macro   0x000266e6      0x38e Drivers/STM32F4xx_HAL_Driver/Src/stm32f4xx_hal_flash.o
 .debug_macro   0x00026a74      0x38e Drivers/STM32F4xx_HAL_Driver/Src/stm32f4xx_hal_flash_ex.o
 .debug_macro   0x00026e02      0x3c0 Drivers/STM32F4xx_HAL_Driver/Src/stm32f4xx_hal_gpio.o
 .debug_macro   0x000271c2      0x38e Drivers/STM32F4xx_HAL_Driver/Src/stm32f4xx_hal_iwdg.o
 .debug_macro   0x00027550      0x388 Drivers/STM32F4xx_HAL_Driver/Src/stm32f4xx_hal_nand.o
 .debug_macro   0x000278d8      0x3a0 Drivers/STM32F4xx_HAL_Driver/Src/stm32f4xx_hal_pwr_ex.o
 .debug_macro   0x00027c78      0x3ac Drivers/STM32F4xx_HAL_Driver/Src/stm32f4xx_hal_rcc.o
 .debug_macro   0x00028024      0x388 Drivers/STM32F4xx_HAL_Driver/Src/stm32f4xx_hal_tim.o
 .debug_macro   0x000283ac      0x388 Drivers/STM32F4xx_HAL_Driver/Src/stm32f4xx_hal_tim_ex.o
 .debug_macro   0x00028734      0x389 Drivers/STM32F4xx_HAL_Driver/Src/stm32f4xx_hal_uart.o
 .debug_macro   0x00028abd      0x388 Drivers/STM32F4xx_HAL_Driver/Src/stm32f4xx_ll_fmc.o

.debug_line     0x00000000    0x17ede
 .debug_line    0x00000000      0x4aa Core/Src/CRC16.o
 .debug_line    0x000004aa      0xdb1 Core/Src/ami.o
 .debug_line    0x0000125b      0xafc Core/Src/ami_protocol.o
 .debug_line    0x00001d57      0xb4a Core/Src/flash_stm32f4.o
 .debug_line    0x000028a1      0x94b Core/Src/hal_func_redef.o
 .debug_line    0x000031ec      0xebc Core/Src/m95m01_eeprom.o
 .debug_line    0x000040a8      0xe35 Core/Src/main.o
 .debug_line    0x00004edd      0xa03 Core/Src/memory.o
 .debug_line    0x000058e0      0xa09 Core/Src/memory_status.o
 .debug_line    0x000062e9     0x103b Core/Src/mt29fxg08_nand.o
 .debug_line    0x00007324      0xaee Core/Src/nand_block_table.o
 .debug_line    0x00007e12      0x2f2 Core/Src/nand_ecc.o
 .debug_line    0x00008104      0x9c5 Core/Src/post_module.o
 .debug_line    0x00008ac9      0xb70 Core/Src/stm32f4xx_hal_msp.o
 .debug_line    0x00009639      0xaaa Core/Src/stm32f4xx_it.o
 .debug_line    0x0000a0e3      0x955 Core/Src/system_stm32f4xx.o
 .debug_line    0x0000aa38      0xb1c Drivers/STM32F4xx_HAL_Driver/Src/stm32f4xx_hal.o
 .debug_line    0x0000b554      0xb93 Drivers/STM32F4xx_HAL_Driver/Src/stm32f4xx_hal_cortex.o
 .debug_line    0x0000c0e7      0xa1d Drivers/STM32F4xx_HAL_Driver/Src/stm32f4xx_hal_crc.o
 .debug_line    0x0000cb04      0xddb Drivers/STM32F4xx_HAL_Driver/Src/stm32f4xx_hal_dma.o
 .debug_line    0x0000d8df      0xbe1 Drivers/STM32F4xx_HAL_Driver/Src/stm32f4xx_hal_flash.o
 .debug_line    0x0000e4c0      0xc48 Drivers/STM32F4xx_HAL_Driver/Src/stm32f4xx_hal_flash_ex.o
 .debug_line    0x0000f108      0xb32 Drivers/STM32F4xx_HAL_Driver/Src/stm32f4xx_hal_gpio.o
 .debug_line    0x0000fc3a      0x95c Drivers/STM32F4xx_HAL_Driver/Src/stm32f4xx_hal_iwdg.o
 .debug_line    0x00010596     0x1300 Drivers/STM32F4xx_HAL_Driver/Src/stm32f4xx_hal_nand.o
 .debug_line    0x00011896      0xa55 Drivers/STM32F4xx_HAL_Driver/Src/stm32f4xx_hal_pwr_ex.o
 .debug_line    0x000122eb      0xc25 Drivers/STM32F4xx_HAL_Driver/Src/stm32f4xx_hal_rcc.o
 .debug_line    0x00012f10     0x1ef4 Drivers/STM32F4xx_HAL_Driver/Src/stm32f4xx_hal_tim.o
 .debug_line    0x00014e04      0xe60 Drivers/STM32F4xx_HAL_Driver/Src/stm32f4xx_hal_tim_ex.o
 .debug_line    0x00015c64     0x151e Drivers/STM32F4xx_HAL_Driver/Src/stm32f4xx_hal_uart.o
 .debug_line    0x00017182      0xd5c Drivers/STM32F4xx_HAL_Driver/Src/stm32f4xx_ll_fmc.o

.debug_str      0x00000000    0xd9e41
 .debug_str     0x00000000     0x7b60 Core/Src/CRC16.o
                               0x7dbd (size before relaxing)
 .debug_str     0x00007b60    0xcd50c Core/Src/ami.o
                              0xd53e8 (size before relaxing)
 .debug_str     0x000d506c      0x1cf Core/Src/ami_protocol.o
                              0xd4570 (size before relaxing)
 .debug_str     0x000d523b      0x1d4 Core/Src/flash_stm32f4.o
                              0xd382c (size before relaxing)
 .debug_str     0x000d540f       0x52 Core/Src/hal_func_redef.o
                              0xd3275 (size before relaxing)
 .debug_str     0x000d5461      0x299 Core/Src/m95m01_eeprom.o
                              0xd3672 (size before relaxing)
 .debug_str     0x000d56fa      0xac5 Core/Src/main.o
                              0xd5e4b (size before relaxing)
 .debug_str     0x000d61bf      0x146 Core/Src/memory.o
                              0xd41f7 (size before relaxing)
 .debug_str     0x000d6305       0x50 Core/Src/memory_status.o
                              0xd415e (size before relaxing)
 .debug_str     0x000d6355      0x375 Core/Src/mt29fxg08_nand.o
                              0xd4b49 (size before relaxing)
 .debug_str     0x000d66ca       0x72 Core/Src/nand_block_table.o
                              0xd46d4 (size before relaxing)
 .debug_str     0x000d673c       0xd3 Core/Src/nand_ecc.o
                               0x2eb9 (size before relaxing)
 .debug_str     0x000d680f       0xb2 Core/Src/post_module.o
                              0xd3626 (size before relaxing)
 .debug_str     0x000d68c1      0x14c Core/Src/stm32f4xx_hal_msp.o
                              0xd4330 (size before relaxing)
 .debug_str     0x000d6a0d      0x1c3 Core/Src/stm32f4xx_it.o
                              0xd4a57 (size before relaxing)
 .debug_str     0x000d6bd0       0xc4 Core/Src/system_stm32f4xx.o
                              0xd33dc (size before relaxing)
 .debug_str     0x000d6c94      0x587 Drivers/STM32F4xx_HAL_Driver/Src/stm32f4xx_hal.o
                              0xd3fce (size before relaxing)
 .debug_str     0x000d721b      0x2e5 Drivers/STM32F4xx_HAL_Driver/Src/stm32f4xx_hal_cortex.o
                              0xd3cc2 (size before relaxing)
 .debug_str     0x000d7500       0x6b Drivers/STM32F4xx_HAL_Driver/Src/stm32f4xx_hal_crc.o
                              0xd3409 (size before relaxing)
 .debug_str     0x000d756b      0x294 Drivers/STM32F4xx_HAL_Driver/Src/stm32f4xx_hal_dma.o
                              0xd37f9 (size before relaxing)
 .debug_str     0x000d77ff      0x28c Drivers/STM32F4xx_HAL_Driver/Src/stm32f4xx_hal_flash.o
                              0xd35ca (size before relaxing)
 .debug_str     0x000d7a8b      0x2fd Drivers/STM32F4xx_HAL_Driver/Src/stm32f4xx_hal_flash_ex.o
                              0xd3757 (size before relaxing)
 .debug_str     0x000d7d88      0x1d7 Drivers/STM32F4xx_HAL_Driver/Src/stm32f4xx_hal_gpio.o
                              0xd361b (size before relaxing)
 .debug_str     0x000d7f5f       0x56 Drivers/STM32F4xx_HAL_Driver/Src/stm32f4xx_hal_iwdg.o
                              0xd3328 (size before relaxing)
 .debug_str     0x000d7fb5      0x2a8 Drivers/STM32F4xx_HAL_Driver/Src/stm32f4xx_hal_nand.o
                              0xd3932 (size before relaxing)
 .debug_str     0x000d825d      0x141 Drivers/STM32F4xx_HAL_Driver/Src/stm32f4xx_hal_pwr_ex.o
                              0xd35d7 (size before relaxing)
 .debug_str     0x000d839e      0x1c8 Drivers/STM32F4xx_HAL_Driver/Src/stm32f4xx_hal_rcc.o
                              0xd37e5 (size before relaxing)
 .debug_str     0x000d8566      0xb5d Drivers/STM32F4xx_HAL_Driver/Src/stm32f4xx_hal_tim.o
                              0xd4410 (size before relaxing)
 .debug_str     0x000d90c3      0x3de Drivers/STM32F4xx_HAL_Driver/Src/stm32f4xx_hal_tim_ex.o
                              0xd3cd0 (size before relaxing)
 .debug_str     0x000d94a1      0x44a Drivers/STM32F4xx_HAL_Driver/Src/stm32f4xx_hal_uart.o
                              0xd3c4d (size before relaxing)
 .debug_str     0x000d98eb      0x556 Drivers/STM32F4xx_HAL_Driver/Src/stm32f4xx_ll_fmc.o
                              0xd3a2a (size before relaxing)

.comment        0x00000000       0x7f
 .comment       0x00000000       0x7f Core/Src/CRC16.o
                                 0x80 (size before relaxing)
 .comment       0x0000007f       0x80 Core/Src/ami.o
 .comment       0x0000007f       0x80 Core/Src/ami_protocol.o
 .comment       0x0000007f       0x80 Core/Src/flash_stm32f4.o
 .comment       0x0000007f       0x80 Core/Src/hal_func_redef.o
 .comment       0x0000007f       0x80 Core/Src/m95m01_eeprom.o
 .comment       0x0000007f       0x80 Core/Src/main.o
 .comment       0x0000007f       0x80 Core/Src/memory.o
 .comment       0x0000007f       0x80 Core/Src/memory_status.o
 .comment       0x0000007f       0x80 Core/Src/mt29fxg08_nand.o
 .comment       0x0000007f       0x80 Core/Src/nand_block_table.o
 .comment       0x0000007f       0x80 Core/Src/nand_ecc.o
 .comment       0x0000007f       0x80 Core/Src/post_module.o
 .comment       0x0000007f       0x80 Core/Src/stm32f4xx_hal_msp.o
 .comment       0x0000007f       0x80 Core/Src/stm32f4xx_it.o
 .comment       0x0000007f       0x80 Core/Src/system_stm32f4xx.o
 .comment       0x0000007f       0x80 Drivers/STM32F4xx_HAL_Driver/Src/stm32f4xx_hal.o
 .comment       0x0000007f       0x80 Drivers/STM32F4xx_HAL_Driver/Src/stm32f4xx_hal_cortex.o
 .comment       0x0000007f       0x80 Drivers/STM32F4xx_HAL_Driver/Src/stm32f4xx_hal_crc.o
 .comment       0x0000007f       0x80 Drivers/STM32F4xx_HAL_Driver/Src/stm32f4xx_hal_dma.o
 .comment       0x0000007f       0x80 Drivers/STM32F4xx_HAL_Driver/Src/stm32f4xx_hal_flash.o
 .comment       0x0000007f       0x80 Drivers/STM32F4xx_HAL_Driver/Src/stm32f4xx_hal_flash_ex.o
 .comment       0x0000007f       0x80 Drivers/STM32F4xx_HAL_Driver/Src/stm32f4xx_hal_gpio.o
 .comment       0x0000007f       0x80 Drivers/STM32F4xx_HAL_Driver/Src/stm32f4xx_hal_iwdg.o
 .comment       0x0000007f       0x80 Drivers/STM32F4xx_HAL_Driver/Src/stm32f4xx_hal_nand.o
 .comment       0x0000007f       0x80 Drivers/STM32F4xx_HAL_Driver/Src/stm32f4xx_hal_pwr_ex.o
 .comment       0x0000007f       0x80 Drivers/STM32F4xx_HAL_Driver/Src/stm32f4xx_hal_rcc.o
 .comment       0x0000007f       0x80 Drivers/STM32F4xx_HAL_Driver/Src/stm32f4xx_hal_tim.o
 .comment       0x0000007f       0x80 Drivers/STM32F4xx_HAL_Driver/Src/stm32f4xx_hal_tim_ex.o
 .comment       0x0000007f       0x80 Drivers/STM32F4xx_HAL_Driver/Src/stm32f4xx_hal_uart.o
 .comment       0x0000007f       0x80 Drivers/STM32F4xx_HAL_Driver/Src/stm32f4xx_ll_fmc.o

.debug_frame    0x00000000     0x3624
 .debug_frame   0x00000000       0x70 Core/Src/CRC16.o
 .debug_frame   0x00000070      0x208 Core/Src/ami.o
 .debug_frame   0x00000278       0x90 Core/Src/ami_protocol.o
 .debug_frame   0x00000308       0xe0 Core/Src/flash_stm32f4.o
 .debug_frame   0x000003e8       0x3c Core/Src/hal_func_redef.o
 .debug_frame   0x00000424      0x238 Core/Src/m95m01_eeprom.o
 .debug_frame   0x0000065c      0x1c8 Core/Src/main.o
 .debug_frame   0x00000824       0x74 Core/Src/memory.o
 .debug_frame   0x00000898       0x58 Core/Src/memory_status.o
 .debug_frame   0x000008f0      0x260 Core/Src/mt29fxg08_nand.o
 .debug_frame   0x00000b50       0xf8 Core/Src/nand_block_table.o
 .debug_frame   0x00000c48       0x78 Core/Src/nand_ecc.o
 .debug_frame   0x00000cc0       0x68 Core/Src/post_module.o
 .debug_frame   0x00000d28      0x178 Core/Src/stm32f4xx_hal_msp.o
 .debug_frame   0x00000ea0      0x154 Core/Src/stm32f4xx_it.o
 .debug_frame   0x00000ff4       0x3c Core/Src/system_stm32f4xx.o
 .debug_frame   0x00001030      0x1f0 Drivers/STM32F4xx_HAL_Driver/Src/stm32f4xx_hal.o
 .debug_frame   0x00001220      0x178 Drivers/STM32F4xx_HAL_Driver/Src/stm32f4xx_hal_cortex.o
 .debug_frame   0x00001398       0xb0 Drivers/STM32F4xx_HAL_Driver/Src/stm32f4xx_hal_crc.o
 .debug_frame   0x00001448      0x1b0 Drivers/STM32F4xx_HAL_Driver/Src/stm32f4xx_hal_dma.o
 .debug_frame   0x000015f8      0x150 Drivers/STM32F4xx_HAL_Driver/Src/stm32f4xx_hal_flash.o
 .debug_frame   0x00001748      0x110 Drivers/STM32F4xx_HAL_Driver/Src/stm32f4xx_hal_flash_ex.o
 .debug_frame   0x00001858       0xd8 Drivers/STM32F4xx_HAL_Driver/Src/stm32f4xx_hal_gpio.o
 .debug_frame   0x00001930       0x50 Drivers/STM32F4xx_HAL_Driver/Src/stm32f4xx_hal_iwdg.o
 .debug_frame   0x00001980      0x38c Drivers/STM32F4xx_HAL_Driver/Src/stm32f4xx_hal_nand.o
 .debug_frame   0x00001d0c      0x118 Drivers/STM32F4xx_HAL_Driver/Src/stm32f4xx_hal_pwr_ex.o
 .debug_frame   0x00001e24      0x174 Drivers/STM32F4xx_HAL_Driver/Src/stm32f4xx_hal_rcc.o
 .debug_frame   0x00001f98      0x9fc Drivers/STM32F4xx_HAL_Driver/Src/stm32f4xx_hal_tim.o
 .debug_frame   0x00002994      0x344 Drivers/STM32F4xx_HAL_Driver/Src/stm32f4xx_hal_tim_ex.o
 .debug_frame   0x00002cd8      0x580 Drivers/STM32F4xx_HAL_Driver/Src/stm32f4xx_hal_uart.o
 .debug_frame   0x00003258      0x2d0 Drivers/STM32F4xx_HAL_Driver/Src/stm32f4xx_ll_fmc.o
 .debug_frame   0x00003528       0x2c c:/ac6/systemworkbench/plugins/fr.ac6.mcu.externaltools.arm-none.win32_1.17.0.201812190825/tools/compiler/bin/../lib/gcc/arm-none-eabi/7.3.1/thumb/v7e-m/fpv4-sp/hard\libgcc.a(_aeabi_uldivmod.o)
 .debug_frame   0x00003554       0x34 c:/ac6/systemworkbench/plugins/fr.ac6.mcu.externaltools.arm-none.win32_1.17.0.201812190825/tools/compiler/bin/../lib/gcc/arm-none-eabi/7.3.1/thumb/v7e-m/fpv4-sp/hard\libgcc.a(_udivmoddi4.o)
 .debug_frame   0x00003588       0x2c c:/ac6/systemworkbench/plugins/fr.ac6.mcu.externaltools.arm-none.win32_1.17.0.201812190825/tools/compiler/bin/../lib/gcc/arm-none-eabi/7.3.1/../../../../arm-none-eabi/lib/thumb/v7e-m/fpv4-sp/hard\libc_nano.a(lib_a-init.o)
 .debug_frame   0x000035b4       0x28 c:/ac6/systemworkbench/plugins/fr.ac6.mcu.externaltools.arm-none.win32_1.17.0.201812190825/tools/compiler/bin/../lib/gcc/arm-none-eabi/7.3.1/../../../../arm-none-eabi/lib/thumb/v7e-m/fpv4-sp/hard\libc_nano.a(lib_a-memcpy-stub.o)
 .debug_frame   0x000035dc       0x28 c:/ac6/systemworkbench/plugins/fr.ac6.mcu.externaltools.arm-none.win32_1.17.0.201812190825/tools/compiler/bin/../lib/gcc/arm-none-eabi/7.3.1/../../../../arm-none-eabi/lib/thumb/v7e-m/fpv4-sp/hard\libc_nano.a(lib_a-memmove.o)
 .debug_frame   0x00003604       0x20 c:/ac6/systemworkbench/plugins/fr.ac6.mcu.externaltools.arm-none.win32_1.17.0.201812190825/tools/compiler/bin/../lib/gcc/arm-none-eabi/7.3.1/../../../../arm-none-eabi/lib/thumb/v7e-m/fpv4-sp/hard\libc_nano.a(lib_a-memset.o)
